<?xml version="1.0" encoding="UTF-8"?>
<gamemap>
	<map width="50" height="50">
		<terrain>TESTDELETETHIS#16</terrain>
		<terrain>TESTDELETETHIS#16</terrain>
		<terrain>TESTDELETETHIS#16</terrain>
		<terrain>TESTDELETETHIS#16</terrain>
		<terrain>TESTDELETETHIS#16</terrain>
		<terrain>TESTDELETETHIS#16</terrain>
		<terrain>TESTDELETETHIS#16</terrain>
		<terrain>TESTDELETETHIS#16</terrain>
		<terrain>TESTDELETETHIS#16</terrain>
		<terrain>TESTDELETETHIS#16</terrain>
		<terrain>TESTDELETETHIS#16</terrain>
		<terrain>TESTDELETETHIS#16</terrain>
		<terrain>TESTDELETETHIS#16</terrain>
		<terrain>TESTDELETETHIS#16</terrain>
		<terrain>TESTDELETETHIS#16</terrain>
		<terrain>TESTDELETETHIS#16</terrain>
		<terrain>TESTDELETETHIS#16</terrain>
		<terrain>TESTDELETETHIS#16</terrain>
		<terrain>TESTDELETETHIS#16</terrain>
		<terrain>TESTDELETETHIS#16</terrain>
		<terrain>TESTDELETETHIS#16</terrain>
		<terrain>TESTDELETETHIS#16</terrain>
		<terrain>TESTDELETETHIS#16</terrain>
		<terrain>TESTDELETETHIS#16</terrain>
		<terrain>TESTDELETETHIS#16</terrain>
		<terrain>TESTDELETETHIS#16</terrain>
		<terrain>TESTDELETETHIS#16</terrain>
		<terrain>TESTDELETETHIS#16</terrain>
		<terrain>TESTDELETETHIS#16</terrain>
		<terrain>TESTDELETETHIS#16</terrain>
		<terrain>TESTDELETETHIS#16</terrain>
		<terrain>TESTDELETETHIS#16</terrain>
		<terrain>TESTDELETETHIS#16</terrain>
		<terrain>TESTDELETETHIS#16</terrain>
		<terrain>TESTDELETETHIS#16</terrain>
		<terrain>TESTDELETETHIS#16</terrain>
		<terrain>TESTDELETETHIS#16</terrain>
		<terrain>TESTDELETETHIS#16</terrain>
		<terrain>TESTDELETETHIS#16</terrain>
		<terrain>TESTDELETETHIS#16</terrain>
		<terrain>TESTDELETETHIS#16</terrain>
		<terrain>TESTDELETETHIS#16</terrain>
		<terrain>TESTDELETETHIS#16</terrain>
		<terrain>TESTDELETETHIS#16</terrain>
		<terrain>TESTDELETETHIS#16</terrain>
		<terrain>TESTDELETETHIS#16</terrain>
		<terrain>TESTDELETETHIS#16</terrain>
		<terrain>TESTDELETETHIS#16</terrain>
		<terrain>TESTDELETETHIS#16</terrain>
		<terrain>TESTDELETETHIS#16</terrain>
		<terrain>TESTDELETETHIS#16</terrain>
		<terrain>TESTDELETETHIS#16</terrain>
		<terrain>TESTDELETETHIS#16</terrain>
		<terrain>TESTDELETETHIS#16</terrain>
		<terrain>TESTDELETETHIS#16</terrain>
		<terrain>TESTDELETETHIS#16</terrain>
		<terrain>TESTDELETETHIS#16</terrain>
		<terrain>TESTDELETETHIS#16</terrain>
		<terrain>TESTDELETETHIS#16</terrain>
		<terrain>TESTDELETETHIS#16</terrain>
		<terrain>TESTDELETETHIS#16</terrain>
		<terrain>TESTDELETETHIS#16</terrain>
		<terrain>TESTDELETETHIS#16</terrain>
		<terrain>TESTDELETETHIS#16</terrain>
		<terrain>TESTDELETETHIS#16</terrain>
		<terrain>TESTDELETETHIS#16</terrain>
		<terrain>TESTDELETETHIS#16</terrain>
		<terrain>TESTDELETETHIS#16</terrain>
		<terrain>TESTDELETETHIS#16</terrain>
		<terrain>TESTDELETETHIS#16</terrain>
		<terrain>TESTDELETETHIS#16</terrain>
		<terrain>TESTDELETETHIS#16</terrain>
		<terrain>TESTDELETETHIS#16</terrain>
		<terrain>TESTDELETETHIS#16</terrain>
		<terrain>TESTDELETETHIS#16</terrain>
		<terrain>TESTDELETETHIS#16</terrain>
		<terrain>TESTDELETETHIS#16</terrain>
		<terrain>TESTDELETETHIS#16</terrain>
		<terrain>TESTDELETETHIS#16</terrain>
		<terrain>TESTDELETETHIS#16</terrain>
		<terrain>TESTDELETETHIS#16</terrain>
		<terrain>TESTDELETETHIS#16</terrain>
		<terrain>TESTDELETETHIS#16</terrain>
		<terrain>TESTDELETETHIS#16</terrain>
		<terrain>TESTDELETETHIS#16</terrain>
		<terrain>TESTDELETETHIS#16</terrain>
		<terrain>TESTDELETETHIS#16</terrain>
		<terrain>TESTDELETETHIS#16</terrain>
		<terrain>TESTDELETETHIS#16</terrain>
		<terrain>TESTDELETETHIS#16</terrain>
		<terrain>TESTDELETETHIS#16</terrain>
		<terrain>TESTDELETETHIS#16</terrain>
		<terrain>TESTDELETETHIS#16</terrain>
		<terrain>TESTDELETETHIS#16</terrain>
		<terrain>TESTDELETETHIS#16</terrain>
		<terrain>TESTDELETETHIS#16</terrain>
		<terrain>TESTDELETETHIS#16</terrain>
		<terrain>TESTDELETETHIS#16</terrain>
		<terrain>TESTDELETETHIS#16</terrain>
		<terrain>TESTDELETETHIS#16</terrain>
		<terrain>TESTDELETETHIS#16</terrain>
		<terrain>TESTDELETETHIS#16</terrain>
		<terrain>TESTDELETETHIS#16</terrain>
		<terrain>TESTDELETETHIS#16</terrain>
		<terrain>TESTDELETETHIS#16</terrain>
		<terrain>TESTDELETETHIS#16</terrain>
		<terrain>TESTDELETETHIS#16</terrain>
		<terrain>TESTDELETETHIS#16</terrain>
		<terrain>TESTDELETETHIS#16</terrain>
		<terrain>TESTDELETETHIS#16</terrain>
		<terrain>TESTDELETETHIS#16</terrain>
		<terrain>TESTDELETETHIS#16</terrain>
		<terrain>TESTDELETETHIS#16</terrain>
		<terrain>TESTDELETETHIS#16</terrain>
		<terrain>TESTDELETETHIS#16</terrain>
		<terrain>TESTDELETETHIS#16</terrain>
		<terrain>TESTDELETETHIS#16</terrain>
		<terrain>TESTDELETETHIS#16</terrain>
		<terrain>TESTDELETETHIS#16</terrain>
		<terrain>TESTDELETETHIS#16</terrain>
		<terrain>TESTDELETETHIS#16</terrain>
		<terrain>TESTDELETETHIS#16</terrain>
		<terrain>TESTDELETETHIS#16</terrain>
		<terrain>TESTDELETETHIS#16</terrain>
		<terrain>TESTDELETETHIS#16</terrain>
		<terrain>TESTDELETETHIS#16</terrain>
		<terrain>TESTDELETETHIS#16</terrain>
		<terrain>TESTDELETETHIS#16</terrain>
		<terrain>TESTDELETETHIS#16</terrain>
		<terrain>TESTDELETETHIS#16</terrain>
		<terrain>TESTDELETETHIS#16</terrain>
		<terrain>TESTDELETETHIS#16</terrain>
		<terrain>TESTDELETETHIS#16</terrain>
		<terrain>TESTDELETETHIS#16</terrain>
		<terrain>TESTDELETETHIS#16</terrain>
		<terrain>TESTDELETETHIS#16</terrain>
		<terrain>TESTDELETETHIS#16</terrain>
		<terrain>TESTDELETETHIS#16</terrain>
		<terrain>TESTDELETETHIS#16</terrain>
		<terrain>TESTDELETETHIS#16</terrain>
		<terrain>TESTDELETETHIS#16</terrain>
		<terrain>TESTDELETETHIS#16</terrain>
		<terrain>TESTDELETETHIS#16</terrain>
		<terrain>TESTDELETETHIS#16</terrain>
		<terrain>TESTDELETETHIS#16</terrain>
		<terrain>TESTDELETETHIS#16</terrain>
		<terrain>TESTDELETETHIS#16</terrain>
		<terrain>TESTDELETETHIS#16</terrain>
		<terrain>TESTDELETETHIS#16</terrain>
		<terrain>TESTDELETETHIS#16</terrain>
		<terrain>TESTDELETETHIS#16</terrain>
		<terrain>TESTDELETETHIS#16</terrain>
		<terrain>TESTDELETETHIS#16</terrain>
		<terrain>TESTDELETETHIS#16</terrain>
		<terrain>TESTDELETETHIS#16</terrain>
		<terrain>TESTDELETETHIS#16</terrain>
		<terrain>TESTDELETETHIS#16</terrain>
		<terrain>TESTDELETETHIS#16</terrain>
		<terrain>TESTDELETETHIS#16</terrain>
		<terrain>TESTDELETETHIS#16</terrain>
		<terrain>TESTDELETETHIS#16</terrain>
		<terrain>TESTDELETETHIS#16</terrain>
		<terrain>TESTDELETETHIS#16</terrain>
		<terrain>TESTDELETETHIS#16</terrain>
		<terrain>TESTDELETETHIS#16</terrain>
		<terrain>TESTDELETETHIS#16</terrain>
		<terrain>TESTDELETETHIS#16</terrain>
		<terrain>TESTDELETETHIS#16</terrain>
		<terrain>TESTDELETETHIS#16</terrain>
		<terrain>TESTDELETETHIS#16</terrain>
		<terrain>TESTDELETETHIS#16</terrain>
		<terrain>TESTDELETETHIS#16</terrain>
		<terrain>TESTDELETETHIS#16</terrain>
		<terrain>TESTDELETETHIS#16</terrain>
		<terrain>TESTDELETETHIS#16</terrain>
		<terrain>TESTDELETETHIS#16</terrain>
		<terrain>TESTDELETETHIS#16</terrain>
		<terrain>TESTDELETETHIS#16</terrain>
		<terrain>TESTDELETETHIS#16</terrain>
		<terrain>TESTDELETETHIS#16</terrain>
		<terrain>TESTDELETETHIS#16</terrain>
		<terrain>TESTDELETETHIS#16</terrain>
		<terrain>TESTDELETETHIS#16</terrain>
		<terrain>TESTDELETETHIS#16</terrain>
		<terrain>TESTDELETETHIS#16</terrain>
		<terrain>TESTDELETETHIS#16</terrain>
		<terrain>TESTDELETETHIS#16</terrain>
		<terrain>TESTDELETETHIS#16</terrain>
		<terrain>TESTDELETETHIS#16</terrain>
		<terrain>TESTDELETETHIS#16</terrain>
		<terrain>TESTDELETETHIS#16</terrain>
		<terrain>TESTDELETETHIS#16</terrain>
		<terrain>TESTDELETETHIS#16</terrain>
		<terrain>TESTDELETETHIS#16</terrain>
		<terrain>TESTDELETETHIS#16</terrain>
		<terrain>TESTDELETETHIS#16</terrain>
		<terrain>TESTDELETETHIS#16</terrain>
		<terrain>TESTDELETETHIS#16</terrain>
		<terrain>TESTDELETETHIS#16</terrain>
		<terrain>TESTDELETETHIS#16</terrain>
		<terrain>TESTDELETETHIS#16</terrain>
		<terrain>TESTDELETETHIS#16</terrain>
		<terrain>TESTDELETETHIS#16</terrain>
		<terrain>TESTDELETETHIS#16</terrain>
		<terrain>TESTDELETETHIS#16</terrain>
		<terrain>TESTDELETETHIS#16</terrain>
		<terrain>TESTDELETETHIS#16</terrain>
		<terrain>TESTDELETETHIS#16</terrain>
		<terrain>TESTDELETETHIS#16</terrain>
		<terrain>TESTDELETETHIS#16</terrain>
		<terrain>TESTDELETETHIS#16</terrain>
		<terrain>TESTDELETETHIS#16</terrain>
		<terrain>TESTDELETETHIS#16</terrain>
		<terrain>TESTDELETETHIS#16</terrain>
		<terrain>TESTDELETETHIS#16</terrain>
		<terrain>TESTDELETETHIS#16</terrain>
		<terrain>TESTDELETETHIS#16</terrain>
		<terrain>TESTDELETETHIS#16</terrain>
		<terrain>TESTDELETETHIS#16</terrain>
		<terrain>TESTDELETETHIS#16</terrain>
		<terrain>TESTDELETETHIS#16</terrain>
		<terrain>TESTDELETETHIS#16</terrain>
		<terrain>TESTDELETETHIS#16</terrain>
		<terrain>TESTDELETETHIS#16</terrain>
		<terrain>TESTDELETETHIS#16</terrain>
		<terrain>TESTDELETETHIS#16</terrain>
		<terrain>TESTDELETETHIS#16</terrain>
		<terrain>TESTDELETETHIS#16</terrain>
		<terrain>TESTDELETETHIS#16</terrain>
		<terrain>TESTDELETETHIS#16</terrain>
		<terrain>TESTDELETETHIS#16</terrain>
		<terrain>TESTDELETETHIS#16</terrain>
		<terrain>TESTDELETETHIS#16</terrain>
		<terrain>TESTDELETETHIS#16</terrain>
		<terrain>TESTDELETETHIS#16</terrain>
		<terrain>TESTDELETETHIS#16</terrain>
		<terrain>TESTDELETETHIS#16</terrain>
		<terrain>TESTDELETETHIS#16</terrain>
		<terrain>TESTDELETETHIS#16</terrain>
		<terrain>TESTDELETETHIS#16</terrain>
		<terrain>TESTDELETETHIS#16</terrain>
		<terrain>TESTDELETETHIS#16</terrain>
		<terrain>TESTDELETETHIS#16</terrain>
		<terrain>TESTDELETETHIS#16</terrain>
		<terrain>TESTDELETETHIS#16</terrain>
		<terrain>TESTDELETETHIS#16</terrain>
		<terrain>TESTDELETETHIS#16</terrain>
		<terrain>TESTDELETETHIS#16</terrain>
		<terrain>TESTDELETETHIS#16</terrain>
		<terrain>TESTDELETETHIS#16</terrain>
		<terrain>TESTDELETETHIS#18</terrain>
		<terrain>TESTDELETETHIS#16</terrain>
		<terrain>TESTDELETETHIS#16</terrain>
		<terrain>TESTDELETETHIS#16</terrain>
		<terrain>TESTDELETETHIS#16</terrain>
		<terrain>TESTDELETETHIS#16</terrain>
		<terrain>TESTDELETETHIS#16</terrain>
		<terrain>TESTDELETETHIS#16</terrain>
		<terrain>TESTDELETETHIS#16</terrain>
		<terrain>TESTDELETETHIS#16</terrain>
		<terrain>TESTDELETETHIS#16</terrain>
		<terrain>TESTDELETETHIS#16</terrain>
		<terrain>TESTDELETETHIS#16</terrain>
		<terrain>TESTDELETETHIS#16</terrain>
		<terrain>TESTDELETETHIS#16</terrain>
		<terrain>TESTDELETETHIS#16</terrain>
		<terrain>TESTDELETETHIS#16</terrain>
		<terrain>TESTDELETETHIS#16</terrain>
		<terrain>TESTDELETETHIS#16</terrain>
		<terrain>TESTDELETETHIS#16</terrain>
		<terrain>TESTDELETETHIS#16</terrain>
		<terrain>TESTDELETETHIS#16</terrain>
		<terrain>TESTDELETETHIS#16</terrain>
		<terrain>TESTDELETETHIS#16</terrain>
		<terrain>TESTDELETETHIS#16</terrain>
		<terrain>TESTDELETETHIS#16</terrain>
		<terrain>TESTDELETETHIS#16</terrain>
		<terrain>TESTDELETETHIS#16</terrain>
		<terrain>TESTDELETETHIS#16</terrain>
		<terrain>TESTDELETETHIS#16</terrain>
		<terrain>TESTDELETETHIS#16</terrain>
		<terrain>TESTDELETETHIS#16</terrain>
		<terrain>TESTDELETETHIS#16</terrain>
		<terrain>TESTDELETETHIS#16</terrain>
		<terrain>TESTDELETETHIS#16</terrain>
		<terrain>TESTDELETETHIS#16</terrain>
		<terrain>TESTDELETETHIS#16</terrain>
		<terrain>TESTDELETETHIS#16</terrain>
		<terrain>TESTDELETETHIS#16</terrain>
		<terrain>TESTDELETETHIS#16</terrain>
		<terrain>TESTDELETETHIS#16</terrain>
		<terrain>TESTDELETETHIS#16</terrain>
		<terrain>TESTDELETETHIS#16</terrain>
		<terrain>TESTDELETETHIS#16</terrain>
		<terrain>TESTDELETETHIS#16</terrain>
		<terrain>TESTDELETETHIS#16</terrain>
		<terrain>TESTDELETETHIS#16</terrain>
		<terrain>TESTDELETETHIS#16</terrain>
		<terrain>TESTDELETETHIS#16</terrain>
		<terrain>TESTDELETETHIS#16</terrain>
		<terrain>TESTDELETETHIS#16</terrain>
		<terrain>TESTDELETETHIS#16</terrain>
		<terrain>TESTDELETETHIS#16</terrain>
		<terrain>TESTDELETETHIS#16</terrain>
		<terrain>TESTDELETETHIS#16</terrain>
		<terrain>TESTDELETETHIS#16</terrain>
		<terrain>TESTDELETETHIS#16</terrain>
		<terrain>TESTDELETETHIS#16</terrain>
		<terrain>TESTDELETETHIS#16</terrain>
		<terrain>TESTDELETETHIS#16</terrain>
		<terrain>TESTDELETETHIS#16</terrain>
		<terrain>TESTDELETETHIS#16</terrain>
		<terrain>TESTDELETETHIS#16</terrain>
		<terrain>TESTDELETETHIS#16</terrain>
		<terrain>TESTDELETETHIS#16</terrain>
		<terrain>TESTDELETETHIS#16</terrain>
		<terrain>TESTDELETETHIS#16</terrain>
		<terrain>TESTDELETETHIS#16</terrain>
		<terrain>TESTDELETETHIS#16</terrain>
		<terrain>TESTDELETETHIS#16</terrain>
		<terrain>TESTDELETETHIS#16</terrain>
		<terrain>TESTDELETETHIS#16</terrain>
		<terrain>TESTDELETETHIS#16</terrain>
		<terrain>TESTDELETETHIS#16</terrain>
		<terrain>TESTDELETETHIS#16</terrain>
		<terrain>TESTDELETETHIS#16</terrain>
		<terrain>TESTDELETETHIS#16</terrain>
		<terrain>TESTDELETETHIS#16</terrain>
		<terrain>TESTDELETETHIS#16</terrain>
		<terrain>TESTDELETETHIS#16</terrain>
		<terrain>TESTDELETETHIS#16</terrain>
		<terrain>TESTDELETETHIS#16</terrain>
		<terrain>TESTDELETETHIS#16</terrain>
		<terrain>TESTDELETETHIS#16</terrain>
		<terrain>TESTDELETETHIS#16</terrain>
		<terrain>TESTDELETETHIS#16</terrain>
		<terrain>TESTDELETETHIS#16</terrain>
		<terrain>TESTDELETETHIS#16</terrain>
		<terrain>TESTDELETETHIS#16</terrain>
		<terrain>TESTDELETETHIS#16</terrain>
		<terrain>TESTDELETETHIS#16</terrain>
		<terrain>TESTDELETETHIS#16</terrain>
		<terrain>TESTDELETETHIS#16</terrain>
		<terrain>TESTDELETETHIS#16</terrain>
		<terrain>TESTDELETETHIS#16</terrain>
		<terrain>TESTDELETETHIS#16</terrain>
		<terrain>TESTDELETETHIS#16</terrain>
		<terrain>TESTDELETETHIS#16</terrain>
		<terrain>TESTDELETETHIS#16</terrain>
		<terrain>TESTDELETETHIS#16</terrain>
		<terrain>TESTDELETETHIS#16</terrain>
		<terrain>TESTDELETETHIS#16</terrain>
		<terrain>TESTDELETETHIS#16</terrain>
		<terrain>TESTDELETETHIS#16</terrain>
		<terrain>TESTDELETETHIS#16</terrain>
		<terrain>TESTDELETETHIS#16</terrain>
		<terrain>TESTDELETETHIS#16</terrain>
		<terrain>TESTDELETETHIS#16</terrain>
		<terrain>TESTDELETETHIS#16</terrain>
		<terrain>TESTDELETETHIS#16</terrain>
		<terrain>TESTDELETETHIS#16</terrain>
		<terrain>TESTDELETETHIS#16</terrain>
		<terrain>TESTDELETETHIS#16</terrain>
		<terrain>TESTDELETETHIS#16</terrain>
		<terrain>TESTDELETETHIS#16</terrain>
		<terrain>TESTDELETETHIS#16</terrain>
		<terrain>TESTDELETETHIS#16</terrain>
		<terrain>TESTDELETETHIS#16</terrain>
		<terrain>TESTDELETETHIS#16</terrain>
		<terrain>TESTDELETETHIS#16</terrain>
		<terrain>TESTDELETETHIS#16</terrain>
		<terrain>TESTDELETETHIS#16</terrain>
		<terrain>TESTDELETETHIS#16</terrain>
		<terrain>TESTDELETETHIS#16</terrain>
		<terrain>TESTDELETETHIS#16</terrain>
		<terrain>TESTDELETETHIS#16</terrain>
		<terrain>TESTDELETETHIS#16</terrain>
		<terrain>TESTDELETETHIS#16</terrain>
		<terrain>TESTDELETETHIS#16</terrain>
		<terrain>TESTDELETETHIS#16</terrain>
		<terrain>TESTDELETETHIS#16</terrain>
		<terrain>TESTDELETETHIS#16</terrain>
		<terrain>TESTDELETETHIS#16</terrain>
		<terrain>TESTDELETETHIS#16</terrain>
		<terrain>TESTDELETETHIS#16</terrain>
		<terrain>TESTDELETETHIS#16</terrain>
		<terrain>TESTDELETETHIS#16</terrain>
		<terrain>TESTDELETETHIS#16</terrain>
		<terrain>TESTDELETETHIS#16</terrain>
		<terrain>TESTDELETETHIS#16</terrain>
		<terrain>TESTDELETETHIS#16</terrain>
		<terrain>TESTDELETETHIS#16</terrain>
		<terrain>TESTDELETETHIS#16</terrain>
		<terrain>TESTDELETETHIS#16</terrain>
		<terrain>TESTDELETETHIS#16</terrain>
		<terrain>TESTDELETETHIS#16</terrain>
		<terrain>TESTDELETETHIS#16</terrain>
		<terrain>TESTDELETETHIS#16</terrain>
		<terrain>TESTDELETETHIS#16</terrain>
		<terrain>TESTDELETETHIS#16</terrain>
		<terrain>TESTDELETETHIS#16</terrain>
		<terrain>TESTDELETETHIS#16</terrain>
		<terrain>TESTDELETETHIS#16</terrain>
		<terrain>TESTDELETETHIS#16</terrain>
		<terrain>TESTDELETETHIS#16</terrain>
		<terrain>TESTDELETETHIS#16</terrain>
		<terrain>TESTDELETETHIS#16</terrain>
		<terrain>TESTDELETETHIS#16</terrain>
		<terrain>TESTDELETETHIS#16</terrain>
		<terrain>TESTDELETETHIS#16</terrain>
		<terrain>TESTDELETETHIS#16</terrain>
		<terrain>TESTDELETETHIS#16</terrain>
		<terrain>TESTDELETETHIS#16</terrain>
		<terrain>TESTDELETETHIS#16</terrain>
		<terrain>TESTDELETETHIS#16</terrain>
		<terrain>TESTDELETETHIS#16</terrain>
		<terrain>TESTDELETETHIS#16</terrain>
		<terrain>TESTDELETETHIS#16</terrain>
		<terrain>TESTDELETETHIS#16</terrain>
		<terrain>TESTDELETETHIS#16</terrain>
		<terrain>TESTDELETETHIS#16</terrain>
		<terrain>TESTDELETETHIS#16</terrain>
		<terrain>TESTDELETETHIS#16</terrain>
		<terrain>TESTDELETETHIS#16</terrain>
		<terrain>TESTDELETETHIS#16</terrain>
		<terrain>TESTDELETETHIS#16</terrain>
		<terrain>TESTDELETETHIS#16</terrain>
		<terrain>TESTDELETETHIS#16</terrain>
		<terrain>TESTDELETETHIS#16</terrain>
		<terrain>TESTDELETETHIS#16</terrain>
		<terrain>TESTDELETETHIS#16</terrain>
		<terrain>TESTDELETETHIS#16</terrain>
		<terrain>TESTDELETETHIS#16</terrain>
		<terrain>TESTDELETETHIS#16</terrain>
		<terrain>TESTDELETETHIS#16</terrain>
		<terrain>TESTDELETETHIS#16</terrain>
		<terrain>TESTDELETETHIS#16</terrain>
		<terrain>TESTDELETETHIS#16</terrain>
		<terrain>TESTDELETETHIS#16</terrain>
		<terrain>TESTDELETETHIS#16</terrain>
		<terrain>TESTDELETETHIS#16</terrain>
		<terrain>TESTDELETETHIS#16</terrain>
		<terrain>TESTDELETETHIS#16</terrain>
		<terrain>TESTDELETETHIS#16</terrain>
		<terrain>TESTDELETETHIS#16</terrain>
		<terrain>TESTDELETETHIS#16</terrain>
		<terrain>TESTDELETETHIS#16</terrain>
		<terrain>TESTDELETETHIS#16</terrain>
		<terrain>TESTDELETETHIS#16</terrain>
		<terrain>TESTDELETETHIS#16</terrain>
		<terrain>TESTDELETETHIS#16</terrain>
		<terrain>TESTDELETETHIS#16</terrain>
		<terrain>TESTDELETETHIS#16</terrain>
		<terrain>TESTDELETETHIS#16</terrain>
		<terrain>TESTDELETETHIS#16</terrain>
		<terrain>TESTDELETETHIS#16</terrain>
		<terrain>TESTDELETETHIS#16</terrain>
		<terrain>TESTDELETETHIS#16</terrain>
		<terrain>TESTDELETETHIS#16</terrain>
		<terrain>TESTDELETETHIS#16</terrain>
		<terrain>TESTDELETETHIS#16</terrain>
		<terrain>TESTDELETETHIS#16</terrain>
		<terrain>TESTDELETETHIS#16</terrain>
		<terrain>TESTDELETETHIS#16</terrain>
		<terrain>TESTDELETETHIS#16</terrain>
		<terrain>TESTDELETETHIS#16</terrain>
		<terrain>TESTDELETETHIS#16</terrain>
		<terrain>TESTDELETETHIS#16</terrain>
		<terrain>TESTDELETETHIS#16</terrain>
		<terrain>TESTDELETETHIS#16</terrain>
		<terrain>TESTDELETETHIS#16</terrain>
		<terrain>TESTDELETETHIS#16</terrain>
		<terrain>TESTDELETETHIS#16</terrain>
		<terrain>TESTDELETETHIS#16</terrain>
		<terrain>TESTDELETETHIS#16</terrain>
		<terrain>TESTDELETETHIS#16</terrain>
		<terrain>TESTDELETETHIS#16</terrain>
		<terrain>TESTDELETETHIS#16</terrain>
		<terrain>TESTDELETETHIS#16</terrain>
		<terrain>TESTDELETETHIS#16</terrain>
		<terrain>TESTDELETETHIS#16</terrain>
		<terrain>TESTDELETETHIS#16</terrain>
		<terrain>TESTDELETETHIS#16</terrain>
		<terrain>TESTDELETETHIS#16</terrain>
		<terrain>TESTDELETETHIS#16</terrain>
		<terrain>TESTDELETETHIS#16</terrain>
		<terrain>TESTDELETETHIS#16</terrain>
		<terrain>TESTDELETETHIS#16</terrain>
		<terrain>TESTDELETETHIS#16</terrain>
		<terrain>TESTDELETETHIS#16</terrain>
		<terrain>TESTDELETETHIS#16</terrain>
		<terrain>TESTDELETETHIS#16</terrain>
		<terrain>TESTDELETETHIS#16</terrain>
		<terrain>TESTDELETETHIS#16</terrain>
		<terrain>TESTDELETETHIS#16</terrain>
		<terrain>TESTDELETETHIS#16</terrain>
		<terrain>TESTDELETETHIS#16</terrain>
		<terrain>TESTDELETETHIS#16</terrain>
		<terrain>TESTDELETETHIS#16</terrain>
		<terrain>TESTDELETETHIS#16</terrain>
		<terrain>TESTDELETETHIS#16</terrain>
		<terrain>TESTDELETETHIS#16</terrain>
		<terrain>TESTDELETETHIS#16</terrain>
		<terrain>TESTDELETETHIS#16</terrain>
		<terrain>TESTDELETETHIS#16</terrain>
		<terrain>TESTDELETETHIS#16</terrain>
		<terrain>TESTDELETETHIS#16</terrain>
		<terrain>TESTDELETETHIS#16</terrain>
		<terrain>TESTDELETETHIS#16</terrain>
		<terrain>TESTDELETETHIS#16</terrain>
		<terrain>TESTDELETETHIS#16</terrain>
		<terrain>TESTDELETETHIS#16</terrain>
		<terrain>TESTDELETETHIS#16</terrain>
		<terrain>TESTDELETETHIS#16</terrain>
		<terrain>TESTDELETETHIS#16</terrain>
		<terrain>TESTDELETETHIS#16</terrain>
		<terrain>TESTDELETETHIS#16</terrain>
		<terrain>TESTDELETETHIS#16</terrain>
		<terrain>TESTDELETETHIS#16</terrain>
		<terrain>TESTDELETETHIS#16</terrain>
		<terrain>TESTDELETETHIS#16</terrain>
		<terrain>TESTDELETETHIS#16</terrain>
		<terrain>TESTDELETETHIS#16</terrain>
		<terrain>TESTDELETETHIS#16</terrain>
		<terrain>TESTDELETETHIS#16</terrain>
		<terrain>TESTDELETETHIS#16</terrain>
		<terrain>TESTDELETETHIS#16</terrain>
		<terrain>TESTDELETETHIS#16</terrain>
		<terrain>TESTDELETETHIS#16</terrain>
		<terrain>TESTDELETETHIS#16</terrain>
		<terrain>TESTDELETETHIS#16</terrain>
		<terrain>TESTDELETETHIS#16</terrain>
		<terrain>TESTDELETETHIS#16</terrain>
		<terrain>TESTDELETETHIS#16</terrain>
		<terrain>TESTDELETETHIS#16</terrain>
		<terrain>TESTDELETETHIS#16</terrain>
		<terrain>TESTDELETETHIS#16</terrain>
		<terrain>TESTDELETETHIS#16</terrain>
		<terrain>TESTDELETETHIS#16</terrain>
		<terrain>TESTDELETETHIS#16</terrain>
		<terrain>TESTDELETETHIS#16</terrain>
		<terrain>TESTDELETETHIS#16</terrain>
		<terrain>TESTDELETETHIS#16</terrain>
		<terrain>TESTDELETETHIS#16</terrain>
		<terrain>TESTDELETETHIS#16</terrain>
		<terrain>TESTDELETETHIS#16</terrain>
		<terrain>TESTDELETETHIS#16</terrain>
		<terrain>TESTDELETETHIS#16</terrain>
		<terrain>TESTDELETETHIS#16</terrain>
		<terrain>TESTDELETETHIS#16</terrain>
		<terrain>TESTDELETETHIS#16</terrain>
		<terrain>TESTDELETETHIS#16</terrain>
		<terrain>TESTDELETETHIS#16</terrain>
		<terrain>TESTDELETETHIS#16</terrain>
		<terrain>TESTDELETETHIS#16</terrain>
		<terrain>TESTDELETETHIS#16</terrain>
		<terrain>TESTDELETETHIS#16</terrain>
		<terrain>TESTDELETETHIS#16</terrain>
		<terrain>TESTDELETETHIS#16</terrain>
		<terrain>TESTDELETETHIS#16</terrain>
		<terrain>TESTDELETETHIS#16</terrain>
		<terrain>TESTDELETETHIS#16</terrain>
		<terrain>TESTDELETETHIS#16</terrain>
		<terrain>TESTDELETETHIS#16</terrain>
		<terrain>TESTDELETETHIS#16</terrain>
		<terrain>TESTDELETETHIS#16</terrain>
		<terrain>TESTDELETETHIS#16</terrain>
		<terrain>TESTDELETETHIS#16</terrain>
		<terrain>TESTDELETETHIS#16</terrain>
		<terrain>TESTDELETETHIS#16</terrain>
		<terrain>TESTDELETETHIS#16</terrain>
		<terrain>TESTDELETETHIS#16</terrain>
		<terrain>TESTDELETETHIS#16</terrain>
		<terrain>TESTDELETETHIS#16</terrain>
		<terrain>TESTDELETETHIS#16</terrain>
		<terrain>TESTDELETETHIS#16</terrain>
		<terrain>TESTDELETETHIS#16</terrain>
		<terrain>TESTDELETETHIS#16</terrain>
		<terrain>TESTDELETETHIS#16</terrain>
		<terrain>TESTDELETETHIS#16</terrain>
		<terrain>TESTDELETETHIS#16</terrain>
		<terrain>TESTDELETETHIS#16</terrain>
		<terrain>TESTDELETETHIS#16</terrain>
		<terrain>TESTDELETETHIS#16</terrain>
		<terrain>TESTDELETETHIS#16</terrain>
		<terrain>TESTDELETETHIS#16</terrain>
		<terrain>TESTDELETETHIS#16</terrain>
		<terrain>TESTDELETETHIS#16</terrain>
		<terrain>TESTDELETETHIS#16</terrain>
		<terrain>TESTDELETETHIS#16</terrain>
		<terrain>TESTDELETETHIS#16</terrain>
		<terrain>TESTDELETETHIS#16</terrain>
		<terrain>TESTDELETETHIS#16</terrain>
		<terrain>TESTDELETETHIS#16</terrain>
		<terrain>TESTDELETETHIS#16</terrain>
		<terrain>TESTDELETETHIS#16</terrain>
		<terrain>TESTDELETETHIS#16</terrain>
		<terrain>TESTDELETETHIS#16</terrain>
		<terrain>TESTDELETETHIS#16</terrain>
		<terrain>TESTDELETETHIS#16</terrain>
		<terrain>TESTDELETETHIS#16</terrain>
		<terrain>TESTDELETETHIS#16</terrain>
		<terrain>TESTDELETETHIS#16</terrain>
		<terrain>TESTDELETETHIS#16</terrain>
		<terrain>TESTDELETETHIS#16</terrain>
		<terrain>TESTDELETETHIS#16</terrain>
		<terrain>TESTDELETETHIS#16</terrain>
		<terrain>TESTDELETETHIS#16</terrain>
		<terrain>TESTDELETETHIS#16</terrain>
		<terrain>TESTDELETETHIS#16</terrain>
		<terrain>TESTDELETETHIS#16</terrain>
		<terrain>TESTDELETETHIS#16</terrain>
		<terrain>TESTDELETETHIS#16</terrain>
		<terrain>TESTDELETETHIS#16</terrain>
		<terrain>TESTDELETETHIS#16</terrain>
		<terrain>TESTDELETETHIS#16</terrain>
		<terrain>TESTDELETETHIS#16</terrain>
		<terrain>TESTDELETETHIS#16</terrain>
		<terrain>TESTDELETETHIS#16</terrain>
		<terrain>TESTDELETETHIS#16</terrain>
		<terrain>TESTDELETETHIS#16</terrain>
		<terrain>TESTDELETETHIS#16</terrain>
		<terrain>TESTDELETETHIS#16</terrain>
		<terrain>TESTDELETETHIS#16</terrain>
		<terrain>TESTDELETETHIS#16</terrain>
		<terrain>TESTDELETETHIS#16</terrain>
		<terrain>TESTDELETETHIS#16</terrain>
		<terrain>TESTDELETETHIS#16</terrain>
		<terrain>TESTDELETETHIS#16</terrain>
		<terrain>TESTDELETETHIS#16</terrain>
		<terrain>TESTDELETETHIS#16</terrain>
		<terrain>TESTDELETETHIS#16</terrain>
		<terrain>TESTDELETETHIS#16</terrain>
		<terrain>TESTDELETETHIS#16</terrain>
		<terrain>TESTDELETETHIS#16</terrain>
		<terrain>TESTDELETETHIS#16</terrain>
		<terrain>TESTDELETETHIS#16</terrain>
		<terrain>TESTDELETETHIS#16</terrain>
		<terrain>TESTDELETETHIS#16</terrain>
		<terrain>TESTDELETETHIS#16</terrain>
		<terrain>TESTDELETETHIS#16</terrain>
		<terrain>TESTDELETETHIS#16</terrain>
		<terrain>TESTDELETETHIS#16</terrain>
		<terrain>TESTDELETETHIS#16</terrain>
		<terrain>TESTDELETETHIS#16</terrain>
		<terrain>TESTDELETETHIS#16</terrain>
		<terrain>TESTDELETETHIS#16</terrain>
		<terrain>TESTDELETETHIS#16</terrain>
		<terrain>TESTDELETETHIS#16</terrain>
		<terrain>TESTDELETETHIS#16</terrain>
		<terrain>TESTDELETETHIS#16</terrain>
		<terrain>TESTDELETETHIS#16</terrain>
		<terrain>TESTDELETETHIS#16</terrain>
		<terrain>TESTDELETETHIS#16</terrain>
		<terrain>TESTDELETETHIS#16</terrain>
		<terrain>TESTDELETETHIS#16</terrain>
		<terrain>TESTDELETETHIS#16</terrain>
		<terrain>TESTDELETETHIS#16</terrain>
		<terrain>TESTDELETETHIS#16</terrain>
		<terrain>TESTDELETETHIS#16</terrain>
		<terrain>TESTDELETETHIS#16</terrain>
		<terrain>TESTDELETETHIS#16</terrain>
		<terrain>TESTDELETETHIS#16</terrain>
		<terrain>TESTDELETETHIS#16</terrain>
		<terrain>TESTDELETETHIS#16</terrain>
		<terrain>TESTDELETETHIS#16</terrain>
		<terrain>TESTDELETETHIS#16</terrain>
		<terrain>TESTDELETETHIS#16</terrain>
		<terrain>TESTDELETETHIS#16</terrain>
		<terrain>TESTDELETETHIS#16</terrain>
		<terrain>TESTDELETETHIS#16</terrain>
		<terrain>TESTDELETETHIS#16</terrain>
		<terrain>TESTDELETETHIS#16</terrain>
		<terrain>TESTDELETETHIS#16</terrain>
		<terrain>TESTDELETETHIS#16</terrain>
		<terrain>TESTDELETETHIS#16</terrain>
		<terrain>TESTDELETETHIS#16</terrain>
		<terrain>TESTDELETETHIS#16</terrain>
		<terrain>TESTDELETETHIS#16</terrain>
		<terrain>TESTDELETETHIS#16</terrain>
		<terrain>TESTDELETETHIS#16</terrain>
		<terrain>TESTDELETETHIS#16</terrain>
		<terrain>TESTDELETETHIS#16</terrain>
		<terrain>TESTDELETETHIS#16</terrain>
		<terrain>TESTDELETETHIS#16</terrain>
		<terrain>TESTDELETETHIS#16</terrain>
		<terrain>TESTDELETETHIS#16</terrain>
		<terrain>TESTDELETETHIS#16</terrain>
		<terrain>TESTDELETETHIS#16</terrain>
		<terrain>TESTDELETETHIS#16</terrain>
		<terrain>TESTDELETETHIS#16</terrain>
		<terrain>TESTDELETETHIS#16</terrain>
		<terrain>TESTDELETETHIS#16</terrain>
		<terrain>TESTDELETETHIS#16</terrain>
		<terrain>TESTDELETETHIS#16</terrain>
		<terrain>TESTDELETETHIS#16</terrain>
		<terrain>TESTDELETETHIS#16</terrain>
		<terrain>TESTDELETETHIS#16</terrain>
		<terrain>TESTDELETETHIS#16</terrain>
		<terrain>TESTDELETETHIS#16</terrain>
		<terrain>TESTDELETETHIS#16</terrain>
		<terrain>TESTDELETETHIS#16</terrain>
		<terrain>TESTDELETETHIS#16</terrain>
		<terrain>TESTDELETETHIS#16</terrain>
		<terrain>TESTDELETETHIS#16</terrain>
		<terrain>TESTDELETETHIS#16</terrain>
		<terrain>TESTDELETETHIS#16</terrain>
		<terrain>TESTDELETETHIS#16</terrain>
		<terrain>TESTDELETETHIS#16</terrain>
		<terrain>TESTDELETETHIS#16</terrain>
		<terrain>TESTDELETETHIS#16</terrain>
		<terrain>TESTDELETETHIS#16</terrain>
		<terrain>TESTDELETETHIS#16</terrain>
		<terrain>TESTDELETETHIS#16</terrain>
		<terrain>TESTDELETETHIS#16</terrain>
		<terrain>TESTDELETETHIS#16</terrain>
		<terrain>TESTDELETETHIS#16</terrain>
		<terrain>TESTDELETETHIS#16</terrain>
		<terrain>TESTDELETETHIS#16</terrain>
		<terrain>TESTDELETETHIS#16</terrain>
		<terrain>TESTDELETETHIS#16</terrain>
		<terrain>TESTDELETETHIS#16</terrain>
		<terrain>TESTDELETETHIS#16</terrain>
		<terrain>TESTDELETETHIS#16</terrain>
		<terrain>TESTDELETETHIS#16</terrain>
		<terrain>TESTDELETETHIS#16</terrain>
		<terrain>TESTDELETETHIS#16</terrain>
		<terrain>TESTDELETETHIS#16</terrain>
		<terrain>TESTDELETETHIS#16</terrain>
		<terrain>TESTDELETETHIS#16</terrain>
		<terrain>TESTDELETETHIS#16</terrain>
		<terrain>TESTDELETETHIS#16</terrain>
		<terrain>TESTDELETETHIS#16</terrain>
		<terrain>TESTDELETETHIS#16</terrain>
		<terrain>TESTDELETETHIS#16</terrain>
		<terrain>TESTDELETETHIS#16</terrain>
		<terrain>TESTDELETETHIS#16</terrain>
		<terrain>TESTDELETETHIS#16</terrain>
		<terrain>TESTDELETETHIS#16</terrain>
		<terrain>TESTDELETETHIS#16</terrain>
		<terrain>TESTDELETETHIS#16</terrain>
		<terrain>TESTDELETETHIS#16</terrain>
		<terrain>TESTDELETETHIS#16</terrain>
		<terrain>TESTDELETETHIS#16</terrain>
		<terrain>TESTDELETETHIS#16</terrain>
		<terrain>TESTDELETETHIS#16</terrain>
		<terrain>TESTDELETETHIS#16</terrain>
		<terrain>TESTDELETETHIS#16</terrain>
		<terrain>TESTDELETETHIS#16</terrain>
		<terrain>TESTDELETETHIS#16</terrain>
		<terrain>TESTDELETETHIS#16</terrain>
		<terrain>TESTDELETETHIS#16</terrain>
		<terrain>TESTDELETETHIS#16</terrain>
		<terrain>TESTDELETETHIS#16</terrain>
		<terrain>TESTDELETETHIS#16</terrain>
		<terrain>TESTDELETETHIS#16</terrain>
		<terrain>TESTDELETETHIS#16</terrain>
		<terrain>TESTDELETETHIS#16</terrain>
		<terrain>TESTDELETETHIS#16</terrain>
		<terrain>TESTDELETETHIS#16</terrain>
		<terrain>TESTDELETETHIS#16</terrain>
		<terrain>TESTDELETETHIS#16</terrain>
		<terrain>TESTDELETETHIS#16</terrain>
		<terrain>TESTDELETETHIS#16</terrain>
		<terrain>TESTDELETETHIS#16</terrain>
		<terrain>TESTDELETETHIS#16</terrain>
		<terrain>TESTDELETETHIS#16</terrain>
		<terrain>TESTDELETETHIS#16</terrain>
		<terrain>TESTDELETETHIS#16</terrain>
		<terrain>TESTDELETETHIS#16</terrain>
		<terrain>TESTDELETETHIS#16</terrain>
		<terrain>TESTDELETETHIS#16</terrain>
		<terrain>TESTDELETETHIS#16</terrain>
		<terrain>TESTDELETETHIS#16</terrain>
		<terrain>TESTDELETETHIS#16</terrain>
		<terrain>TESTDELETETHIS#16</terrain>
		<terrain>TESTDELETETHIS#16</terrain>
		<terrain>TESTDELETETHIS#16</terrain>
		<terrain>TESTDELETETHIS#16</terrain>
		<terrain>TESTDELETETHIS#16</terrain>
		<terrain>TESTDELETETHIS#16</terrain>
		<terrain>TESTDELETETHIS#16</terrain>
		<terrain>TESTDELETETHIS#16</terrain>
		<terrain>TESTDELETETHIS#16</terrain>
		<terrain>TESTDELETETHIS#16</terrain>
		<terrain>TESTDELETETHIS#16</terrain>
		<terrain>TESTDELETETHIS#16</terrain>
		<terrain>TESTDELETETHIS#16</terrain>
		<terrain>TESTDELETETHIS#16</terrain>
		<terrain>TESTDELETETHIS#16</terrain>
		<terrain>TESTDELETETHIS#16</terrain>
		<terrain>TESTDELETETHIS#16</terrain>
		<terrain>TESTDELETETHIS#16</terrain>
		<terrain>TESTDELETETHIS#16</terrain>
		<terrain>TESTDELETETHIS#16</terrain>
		<terrain>TESTDELETETHIS#16</terrain>
		<terrain>TESTDELETETHIS#16</terrain>
		<terrain>TESTDELETETHIS#16</terrain>
		<terrain>TESTDELETETHIS#16</terrain>
		<terrain>TESTDELETETHIS#16</terrain>
		<terrain>TESTDELETETHIS#16</terrain>
		<terrain>TESTDELETETHIS#16</terrain>
		<terrain>TESTDELETETHIS#16</terrain>
		<terrain>TESTDELETETHIS#16</terrain>
		<terrain>TESTDELETETHIS#16</terrain>
		<terrain>TESTDELETETHIS#16</terrain>
		<terrain>TESTDELETETHIS#16</terrain>
		<terrain>TESTDELETETHIS#16</terrain>
		<terrain>TESTDELETETHIS#16</terrain>
		<terrain>TESTDELETETHIS#16</terrain>
		<terrain>TESTDELETETHIS#16</terrain>
		<terrain>TESTDELETETHIS#16</terrain>
		<terrain>TESTDELETETHIS#16</terrain>
		<terrain>TESTDELETETHIS#16</terrain>
		<terrain>TESTDELETETHIS#16</terrain>
		<terrain>TESTDELETETHIS#16</terrain>
		<terrain>TESTDELETETHIS#16</terrain>
		<terrain>TESTDELETETHIS#16</terrain>
		<terrain>TESTDELETETHIS#16</terrain>
		<terrain>TESTDELETETHIS#16</terrain>
		<terrain>TESTDELETETHIS#16</terrain>
		<terrain>TESTDELETETHIS#16</terrain>
		<terrain>TESTDELETETHIS#16</terrain>
		<terrain>TESTDELETETHIS#16</terrain>
		<terrain>TESTDELETETHIS#16</terrain>
		<terrain>TESTDELETETHIS#16</terrain>
		<terrain>TESTDELETETHIS#16</terrain>
		<terrain>TESTDELETETHIS#16</terrain>
		<terrain>TESTDELETETHIS#16</terrain>
		<terrain>TESTDELETETHIS#16</terrain>
		<terrain>TESTDELETETHIS#16</terrain>
		<terrain>TESTDELETETHIS#16</terrain>
		<terrain>TESTDELETETHIS#16</terrain>
		<terrain>TESTDELETETHIS#16</terrain>
		<terrain>TESTDELETETHIS#16</terrain>
		<terrain>TESTDELETETHIS#16</terrain>
		<terrain>TESTDELETETHIS#16</terrain>
		<terrain>TESTDELETETHIS#16</terrain>
		<terrain>TESTDELETETHIS#16</terrain>
		<terrain>TESTDELETETHIS#16</terrain>
		<terrain>TESTDELETETHIS#16</terrain>
		<terrain>TESTDELETETHIS#16</terrain>
		<terrain>TESTDELETETHIS#16</terrain>
		<terrain>TESTDELETETHIS#16</terrain>
		<terrain>TESTDELETETHIS#16</terrain>
		<terrain>TESTDELETETHIS#16</terrain>
		<terrain>TESTDELETETHIS#16</terrain>
		<terrain>TESTDELETETHIS#16</terrain>
		<terrain>TESTDELETETHIS#16</terrain>
		<terrain>TESTDELETETHIS#16</terrain>
		<terrain>TESTDELETETHIS#16</terrain>
		<terrain>TESTDELETETHIS#16</terrain>
		<terrain>TESTDELETETHIS#16</terrain>
		<terrain>TESTDELETETHIS#16</terrain>
		<terrain>TESTDELETETHIS#16</terrain>
		<terrain>TESTDELETETHIS#16</terrain>
		<terrain>TESTDELETETHIS#16</terrain>
		<terrain>TESTDELETETHIS#16</terrain>
		<terrain>TESTDELETETHIS#16</terrain>
		<terrain>TESTDELETETHIS#16</terrain>
		<terrain>TESTDELETETHIS#16</terrain>
		<terrain>TESTDELETETHIS#16</terrain>
		<terrain>TESTDELETETHIS#16</terrain>
		<terrain>TESTDELETETHIS#16</terrain>
		<terrain>TESTDELETETHIS#16</terrain>
		<terrain>TESTDELETETHIS#16</terrain>
		<terrain>TESTDELETETHIS#16</terrain>
		<terrain>TESTDELETETHIS#16</terrain>
		<terrain>TESTDELETETHIS#16</terrain>
		<terrain>TESTDELETETHIS#16</terrain>
		<terrain>TESTDELETETHIS#16</terrain>
		<terrain>TESTDELETETHIS#16</terrain>
		<terrain>TESTDELETETHIS#16</terrain>
		<terrain>TESTDELETETHIS#16</terrain>
		<terrain>TESTDELETETHIS#16</terrain>
		<terrain>TESTDELETETHIS#16</terrain>
		<terrain>TESTDELETETHIS#16</terrain>
		<terrain>TESTDELETETHIS#16</terrain>
		<terrain>TESTDELETETHIS#16</terrain>
		<terrain>TESTDELETETHIS#16</terrain>
		<terrain>TESTDELETETHIS#16</terrain>
		<terrain>TESTDELETETHIS#16</terrain>
		<terrain>TESTDELETETHIS#16</terrain>
		<terrain>TESTDELETETHIS#16</terrain>
		<terrain>TESTDELETETHIS#16</terrain>
		<terrain>TESTDELETETHIS#16</terrain>
		<terrain>TESTDELETETHIS#16</terrain>
		<terrain>TESTDELETETHIS#16</terrain>
		<terrain>TESTDELETETHIS#16</terrain>
		<terrain>TESTDELETETHIS#16</terrain>
		<terrain>TESTDELETETHIS#16</terrain>
		<terrain>TESTDELETETHIS#16</terrain>
		<terrain>TESTDELETETHIS#16</terrain>
		<terrain>TESTDELETETHIS#16</terrain>
		<terrain>TESTDELETETHIS#16</terrain>
		<terrain>TESTDELETETHIS#16</terrain>
		<terrain>TESTDELETETHIS#16</terrain>
		<terrain>TESTDELETETHIS#16</terrain>
		<terrain>TESTDELETETHIS#16</terrain>
		<terrain>TESTDELETETHIS#16</terrain>
		<terrain>TESTDELETETHIS#16</terrain>
		<terrain>TESTDELETETHIS#16</terrain>
		<terrain>TESTDELETETHIS#16</terrain>
		<terrain>TESTDELETETHIS#16</terrain>
		<terrain>TESTDELETETHIS#16</terrain>
		<terrain>TESTDELETETHIS#16</terrain>
		<terrain>TESTDELETETHIS#16</terrain>
		<terrain>TESTDELETETHIS#16</terrain>
		<terrain>TESTDELETETHIS#16</terrain>
		<terrain>TESTDELETETHIS#16</terrain>
		<terrain>TESTDELETETHIS#16</terrain>
		<terrain>TESTDELETETHIS#16</terrain>
		<terrain>TESTDELETETHIS#16</terrain>
		<terrain>TESTDELETETHIS#16</terrain>
		<terrain>TESTDELETETHIS#16</terrain>
		<terrain>TESTDELETETHIS#16</terrain>
		<terrain>TESTDELETETHIS#16</terrain>
		<terrain>TESTDELETETHIS#16</terrain>
		<terrain>TESTDELETETHIS#16</terrain>
		<terrain>TESTDELETETHIS#16</terrain>
		<terrain>TESTDELETETHIS#16</terrain>
		<terrain>TESTDELETETHIS#16</terrain>
		<terrain>TESTDELETETHIS#16</terrain>
		<terrain>TESTDELETETHIS#16</terrain>
		<terrain>TESTDELETETHIS#16</terrain>
		<terrain>TESTDELETETHIS#16</terrain>
		<terrain>TESTDELETETHIS#16</terrain>
		<terrain>TESTDELETETHIS#16</terrain>
		<terrain>TESTDELETETHIS#16</terrain>
		<terrain>TESTDELETETHIS#16</terrain>
		<terrain>TESTDELETETHIS#16</terrain>
		<terrain>TESTDELETETHIS#16</terrain>
		<terrain>TESTDELETETHIS#16</terrain>
		<terrain>TESTDELETETHIS#16</terrain>
		<terrain>TESTDELETETHIS#16</terrain>
		<terrain>TESTDELETETHIS#16</terrain>
		<terrain>TESTDELETETHIS#16</terrain>
		<terrain>TESTDELETETHIS#16</terrain>
		<terrain>TESTDELETETHIS#16</terrain>
		<terrain>TESTDELETETHIS#16</terrain>
		<terrain>TESTDELETETHIS#16</terrain>
		<terrain>TESTDELETETHIS#16</terrain>
		<terrain>TESTDELETETHIS#16</terrain>
		<terrain>TESTDELETETHIS#16</terrain>
		<terrain>TESTDELETETHIS#16</terrain>
		<terrain>TESTDELETETHIS#16</terrain>
		<terrain>TESTDELETETHIS#16</terrain>
		<terrain>TESTDELETETHIS#16</terrain>
		<terrain>TESTDELETETHIS#16</terrain>
		<terrain>TESTDELETETHIS#16</terrain>
		<terrain>TESTDELETETHIS#16</terrain>
		<terrain>TESTDELETETHIS#16</terrain>
		<terrain>TESTDELETETHIS#16</terrain>
		<terrain>TESTDELETETHIS#16</terrain>
		<terrain>TESTDELETETHIS#16</terrain>
		<terrain>TESTDELETETHIS#16</terrain>
		<terrain>TESTDELETETHIS#16</terrain>
		<terrain>TESTDELETETHIS#16</terrain>
		<terrain>TESTDELETETHIS#16</terrain>
		<terrain>TESTDELETETHIS#16</terrain>
		<terrain>TESTDELETETHIS#16</terrain>
		<terrain>TESTDELETETHIS#16</terrain>
		<terrain>TESTDELETETHIS#16</terrain>
		<terrain>TESTDELETETHIS#16</terrain>
		<terrain>TESTDELETETHIS#16</terrain>
		<terrain>TESTDELETETHIS#16</terrain>
		<terrain>TESTDELETETHIS#16</terrain>
		<terrain>TESTDELETETHIS#16</terrain>
		<terrain>TESTDELETETHIS#16</terrain>
		<terrain>TESTDELETETHIS#16</terrain>
		<terrain>TESTDELETETHIS#16</terrain>
		<terrain>TESTDELETETHIS#16</terrain>
		<terrain>TESTDELETETHIS#16</terrain>
		<terrain>TESTDELETETHIS#16</terrain>
		<terrain>TESTDELETETHIS#16</terrain>
		<terrain>TESTDELETETHIS#16</terrain>
		<terrain>TESTDELETETHIS#16</terrain>
		<terrain>TESTDELETETHIS#16</terrain>
		<terrain>TESTDELETETHIS#16</terrain>
		<terrain>TESTDELETETHIS#16</terrain>
		<terrain>TESTDELETETHIS#16</terrain>
		<terrain>TESTDELETETHIS#16</terrain>
		<terrain>TESTDELETETHIS#16</terrain>
		<terrain>TESTDELETETHIS#16</terrain>
		<terrain>TESTDELETETHIS#16</terrain>
		<terrain>TESTDELETETHIS#16</terrain>
		<terrain>TESTDELETETHIS#16</terrain>
		<terrain>TESTDELETETHIS#16</terrain>
		<terrain>TESTDELETETHIS#16</terrain>
		<terrain>TESTDELETETHIS#16</terrain>
		<terrain>TESTDELETETHIS#16</terrain>
		<terrain>TESTDELETETHIS#16</terrain>
		<terrain>TESTDELETETHIS#16</terrain>
		<terrain>TESTDELETETHIS#16</terrain>
		<terrain>TESTDELETETHIS#16</terrain>
		<terrain>TESTDELETETHIS#16</terrain>
		<terrain>TESTDELETETHIS#16</terrain>
		<terrain>TESTDELETETHIS#16</terrain>
		<terrain>TESTDELETETHIS#16</terrain>
		<terrain>TESTDELETETHIS#16</terrain>
		<terrain>TESTDELETETHIS#16</terrain>
		<terrain>TESTDELETETHIS#16</terrain>
		<terrain>TESTDELETETHIS#16</terrain>
		<terrain>TESTDELETETHIS#16</terrain>
		<terrain>TESTDELETETHIS#16</terrain>
		<terrain>TESTDELETETHIS#16</terrain>
		<terrain>TESTDELETETHIS#16</terrain>
		<terrain>TESTDELETETHIS#16</terrain>
		<terrain>TESTDELETETHIS#16</terrain>
		<terrain>TESTDELETETHIS#16</terrain>
		<terrain>TESTDELETETHIS#16</terrain>
		<terrain>TESTDELETETHIS#16</terrain>
		<terrain>TESTDELETETHIS#16</terrain>
		<terrain>TESTDELETETHIS#16</terrain>
		<terrain>TESTDELETETHIS#16</terrain>
		<terrain>TESTDELETETHIS#16</terrain>
		<terrain>TESTDELETETHIS#16</terrain>
		<terrain>TESTDELETETHIS#16</terrain>
		<terrain>TESTDELETETHIS#16</terrain>
		<terrain>TESTDELETETHIS#16</terrain>
		<terrain>TESTDELETETHIS#16</terrain>
		<terrain>TESTDELETETHIS#16</terrain>
		<terrain>TESTDELETETHIS#16</terrain>
		<terrain>TESTDELETETHIS#16</terrain>
		<terrain>TESTDELETETHIS#16</terrain>
		<terrain>TESTDELETETHIS#16</terrain>
		<terrain>TESTDELETETHIS#16</terrain>
		<terrain>TESTDELETETHIS#16</terrain>
		<terrain>TESTDELETETHIS#16</terrain>
		<terrain>TESTDELETETHIS#16</terrain>
		<terrain>TESTDELETETHIS#16</terrain>
		<terrain>TESTDELETETHIS#16</terrain>
		<terrain>TESTDELETETHIS#16</terrain>
		<terrain>TESTDELETETHIS#16</terrain>
		<terrain>TESTDELETETHIS#16</terrain>
		<terrain>TESTDELETETHIS#16</terrain>
		<terrain>TESTDELETETHIS#16</terrain>
		<terrain>TESTDELETETHIS#16</terrain>
		<terrain>TESTDELETETHIS#16</terrain>
		<terrain>TESTDELETETHIS#16</terrain>
		<terrain>TESTDELETETHIS#16</terrain>
		<terrain>TESTDELETETHIS#16</terrain>
		<terrain>TESTDELETETHIS#16</terrain>
		<terrain>TESTDELETETHIS#16</terrain>
		<terrain>TESTDELETETHIS#16</terrain>
		<terrain>TESTDELETETHIS#16</terrain>
		<terrain>TESTDELETETHIS#16</terrain>
		<terrain>TESTDELETETHIS#16</terrain>
		<terrain>TESTDELETETHIS#16</terrain>
		<terrain>TESTDELETETHIS#16</terrain>
		<terrain>TESTDELETETHIS#16</terrain>
		<terrain>TESTDELETETHIS#16</terrain>
		<terrain>TESTDELETETHIS#16</terrain>
		<terrain>TESTDELETETHIS#16</terrain>
		<terrain>TESTDELETETHIS#16</terrain>
		<terrain>TESTDELETETHIS#16</terrain>
		<terrain>TESTDELETETHIS#16</terrain>
		<terrain>TESTDELETETHIS#16</terrain>
		<terrain>TESTDELETETHIS#16</terrain>
		<terrain>TESTDELETETHIS#16</terrain>
		<terrain>TESTDELETETHIS#16</terrain>
		<terrain>TESTDELETETHIS#16</terrain>
		<terrain>TESTDELETETHIS#16</terrain>
		<terrain>TESTDELETETHIS#16</terrain>
		<terrain>TESTDELETETHIS#16</terrain>
		<terrain>TESTDELETETHIS#16</terrain>
		<terrain>TESTDELETETHIS#16</terrain>
		<terrain>TESTDELETETHIS#16</terrain>
		<terrain>TESTDELETETHIS#16</terrain>
		<terrain>TESTDELETETHIS#16</terrain>
		<terrain>TESTDELETETHIS#16</terrain>
		<terrain>TESTDELETETHIS#16</terrain>
		<terrain>TESTDELETETHIS#16</terrain>
		<terrain>TESTDELETETHIS#16</terrain>
		<terrain>TESTDELETETHIS#16</terrain>
		<terrain>TESTDELETETHIS#16</terrain>
		<terrain>TESTDELETETHIS#16</terrain>
		<terrain>TESTDELETETHIS#16</terrain>
		<terrain>TESTDELETETHIS#16</terrain>
		<terrain>TESTDELETETHIS#16</terrain>
		<terrain>TESTDELETETHIS#16</terrain>
		<terrain>TESTDELETETHIS#16</terrain>
		<terrain>TESTDELETETHIS#16</terrain>
		<terrain>TESTDELETETHIS#16</terrain>
		<terrain>TESTDELETETHIS#16</terrain>
		<terrain>TESTDELETETHIS#16</terrain>
		<terrain>TESTDELETETHIS#16</terrain>
		<terrain>TESTDELETETHIS#16</terrain>
		<terrain>TESTDELETETHIS#16</terrain>
		<terrain>TESTDELETETHIS#16</terrain>
		<terrain>TESTDELETETHIS#16</terrain>
		<terrain>TESTDELETETHIS#16</terrain>
		<terrain>TESTDELETETHIS#16</terrain>
		<terrain>TESTDELETETHIS#16</terrain>
		<terrain>TESTDELETETHIS#16</terrain>
		<terrain>TESTDELETETHIS#16</terrain>
		<terrain>TESTDELETETHIS#16</terrain>
		<terrain>TESTDELETETHIS#16</terrain>
		<terrain>TESTDELETETHIS#16</terrain>
		<terrain>TESTDELETETHIS#16</terrain>
		<terrain>TESTDELETETHIS#16</terrain>
		<terrain>TESTDELETETHIS#16</terrain>
		<terrain>TESTDELETETHIS#16</terrain>
		<terrain>TESTDELETETHIS#16</terrain>
		<terrain>TESTDELETETHIS#16</terrain>
		<terrain>TESTDELETETHIS#16</terrain>
		<terrain>TESTDELETETHIS#16</terrain>
		<terrain>TESTDELETETHIS#16</terrain>
		<terrain>TESTDELETETHIS#16</terrain>
		<terrain>TESTDELETETHIS#16</terrain>
		<terrain>TESTDELETETHIS#16</terrain>
		<terrain>TESTDELETETHIS#16</terrain>
		<terrain>TESTDELETETHIS#16</terrain>
		<terrain>TESTDELETETHIS#16</terrain>
		<terrain>TESTDELETETHIS#16</terrain>
		<terrain>TESTDELETETHIS#16</terrain>
		<terrain>TESTDELETETHIS#16</terrain>
		<terrain>TESTDELETETHIS#16</terrain>
		<terrain>TESTDELETETHIS#16</terrain>
		<terrain>TESTDELETETHIS#16</terrain>
		<terrain>TESTDELETETHIS#16</terrain>
		<terrain>TESTDELETETHIS#16</terrain>
		<terrain>TESTDELETETHIS#16</terrain>
		<terrain>TESTDELETETHIS#16</terrain>
		<terrain>TESTDELETETHIS#16</terrain>
		<terrain>TESTDELETETHIS#16</terrain>
		<terrain>TESTDELETETHIS#16</terrain>
		<terrain>TESTDELETETHIS#16</terrain>
		<terrain>TESTDELETETHIS#16</terrain>
		<terrain>TESTDELETETHIS#16</terrain>
		<terrain>TESTDELETETHIS#16</terrain>
		<terrain>TESTDELETETHIS#16</terrain>
		<terrain>TESTDELETETHIS#16</terrain>
		<terrain>TESTDELETETHIS#16</terrain>
		<terrain>TESTDELETETHIS#16</terrain>
		<terrain>TESTDELETETHIS#16</terrain>
		<terrain>TESTDELETETHIS#16</terrain>
		<terrain>TESTDELETETHIS#16</terrain>
		<terrain>TESTDELETETHIS#16</terrain>
		<terrain>TESTDELETETHIS#16</terrain>
		<terrain>TESTDELETETHIS#16</terrain>
		<terrain>TESTDELETETHIS#16</terrain>
		<terrain>TESTDELETETHIS#16</terrain>
		<terrain>TESTDELETETHIS#16</terrain>
		<terrain>TESTDELETETHIS#16</terrain>
		<terrain>TESTDELETETHIS#16</terrain>
		<terrain>TESTDELETETHIS#16</terrain>
		<terrain>TESTDELETETHIS#16</terrain>
		<terrain>TESTDELETETHIS#16</terrain>
		<terrain>TESTDELETETHIS#16</terrain>
		<terrain>TESTDELETETHIS#16</terrain>
		<terrain>TESTDELETETHIS#16</terrain>
		<terrain>TESTDELETETHIS#16</terrain>
		<terrain>TESTDELETETHIS#16</terrain>
		<terrain>TESTDELETETHIS#16</terrain>
		<terrain>TESTDELETETHIS#16</terrain>
		<terrain>TESTDELETETHIS#16</terrain>
		<terrain>TESTDELETETHIS#16</terrain>
		<terrain>TESTDELETETHIS#16</terrain>
		<terrain>TESTDELETETHIS#16</terrain>
		<terrain>TESTDELETETHIS#16</terrain>
		<terrain>TESTDELETETHIS#16</terrain>
		<terrain>TESTDELETETHIS#16</terrain>
		<terrain>TESTDELETETHIS#16</terrain>
		<terrain>TESTDELETETHIS#16</terrain>
		<terrain>TESTDELETETHIS#16</terrain>
		<terrain>TESTDELETETHIS#16</terrain>
		<terrain>TESTDELETETHIS#16</terrain>
		<terrain>TESTDELETETHIS#16</terrain>
		<terrain>TESTDELETETHIS#16</terrain>
		<terrain>TESTDELETETHIS#16</terrain>
		<terrain>TESTDELETETHIS#16</terrain>
		<terrain>TESTDELETETHIS#16</terrain>
		<terrain>TESTDELETETHIS#16</terrain>
		<terrain>TESTDELETETHIS#16</terrain>
		<terrain>TESTDELETETHIS#16</terrain>
		<terrain>TESTDELETETHIS#16</terrain>
		<terrain>TESTDELETETHIS#16</terrain>
		<terrain>TESTDELETETHIS#16</terrain>
		<terrain>TESTDELETETHIS#16</terrain>
		<terrain>TESTDELETETHIS#16</terrain>
		<terrain>TESTDELETETHIS#16</terrain>
		<terrain>TESTDELETETHIS#16</terrain>
		<terrain>TESTDELETETHIS#16</terrain>
		<terrain>TESTDELETETHIS#16</terrain>
		<terrain>TESTDELETETHIS#16</terrain>
		<terrain>TESTDELETETHIS#16</terrain>
		<terrain>TESTDELETETHIS#16</terrain>
		<terrain>TESTDELETETHIS#16</terrain>
		<terrain>TESTDELETETHIS#16</terrain>
		<terrain>TESTDELETETHIS#16</terrain>
		<terrain>TESTDELETETHIS#16</terrain>
		<terrain>TESTDELETETHIS#16</terrain>
		<terrain>TESTDELETETHIS#16</terrain>
		<terrain>TESTDELETETHIS#16</terrain>
		<terrain>TESTDELETETHIS#16</terrain>
		<terrain>TESTDELETETHIS#16</terrain>
		<terrain>TESTDELETETHIS#16</terrain>
		<terrain>TESTDELETETHIS#16</terrain>
		<terrain>TESTDELETETHIS#16</terrain>
		<terrain>TESTDELETETHIS#16</terrain>
		<terrain>TESTDELETETHIS#16</terrain>
		<terrain>TESTDELETETHIS#16</terrain>
		<terrain>TESTDELETETHIS#16</terrain>
		<terrain>TESTDELETETHIS#16</terrain>
		<terrain>TESTDELETETHIS#16</terrain>
		<terrain>TESTDELETETHIS#16</terrain>
		<terrain>TESTDELETETHIS#16</terrain>
		<terrain>TESTDELETETHIS#16</terrain>
		<terrain>TESTDELETETHIS#16</terrain>
		<terrain>TESTDELETETHIS#16</terrain>
		<terrain>TESTDELETETHIS#16</terrain>
		<terrain>TESTDELETETHIS#16</terrain>
		<terrain>TESTDELETETHIS#16</terrain>
		<terrain>TESTDELETETHIS#16</terrain>
		<terrain>TESTDELETETHIS#16</terrain>
		<terrain>TESTDELETETHIS#16</terrain>
		<terrain>TESTDELETETHIS#16</terrain>
		<terrain>TESTDELETETHIS#16</terrain>
		<terrain>TESTDELETETHIS#16</terrain>
		<terrain>TESTDELETETHIS#16</terrain>
		<terrain>TESTDELETETHIS#16</terrain>
		<terrain>TESTDELETETHIS#16</terrain>
		<terrain>TESTDELETETHIS#16</terrain>
		<terrain>TESTDELETETHIS#16</terrain>
		<terrain>TESTDELETETHIS#16</terrain>
		<terrain>TESTDELETETHIS#16</terrain>
		<terrain>TESTDELETETHIS#16</terrain>
		<terrain>TESTDELETETHIS#16</terrain>
		<terrain>TESTDELETETHIS#16</terrain>
		<terrain>TESTDELETETHIS#16</terrain>
		<terrain>TESTDELETETHIS#16</terrain>
		<terrain>TESTDELETETHIS#16</terrain>
		<terrain>TESTDELETETHIS#16</terrain>
		<terrain>TESTDELETETHIS#16</terrain>
		<terrain>TESTDELETETHIS#16</terrain>
		<terrain>TESTDELETETHIS#16</terrain>
		<terrain>TESTDELETETHIS#16</terrain>
		<terrain>TESTDELETETHIS#16</terrain>
		<terrain>TESTDELETETHIS#16</terrain>
		<terrain>TESTDELETETHIS#16</terrain>
		<terrain>TESTDELETETHIS#16</terrain>
		<terrain>TESTDELETETHIS#16</terrain>
		<terrain>TESTDELETETHIS#16</terrain>
		<terrain>TESTDELETETHIS#16</terrain>
		<terrain>TESTDELETETHIS#16</terrain>
		<terrain>TESTDELETETHIS#16</terrain>
		<terrain>TESTDELETETHIS#16</terrain>
		<terrain>TESTDELETETHIS#16</terrain>
		<terrain>TESTDELETETHIS#16</terrain>
		<terrain>TESTDELETETHIS#16</terrain>
		<terrain>TESTDELETETHIS#16</terrain>
		<terrain>TESTDELETETHIS#16</terrain>
		<terrain>TESTDELETETHIS#16</terrain>
		<terrain>TESTDELETETHIS#16</terrain>
		<terrain>TESTDELETETHIS#16</terrain>
		<terrain>TESTDELETETHIS#16</terrain>
		<terrain>TESTDELETETHIS#16</terrain>
		<terrain>TESTDELETETHIS#16</terrain>
		<terrain>TESTDELETETHIS#16</terrain>
		<terrain>TESTDELETETHIS#16</terrain>
		<terrain>TESTDELETETHIS#16</terrain>
		<terrain>TESTDELETETHIS#16</terrain>
		<terrain>TESTDELETETHIS#16</terrain>
		<terrain>TESTDELETETHIS#16</terrain>
		<terrain>TESTDELETETHIS#16</terrain>
		<terrain>TESTDELETETHIS#16</terrain>
		<terrain>TESTDELETETHIS#16</terrain>
		<terrain>TESTDELETETHIS#16</terrain>
		<terrain>TESTDELETETHIS#16</terrain>
		<terrain>TESTDELETETHIS#16</terrain>
		<terrain>TESTDELETETHIS#16</terrain>
		<terrain>TESTDELETETHIS#16</terrain>
		<terrain>TESTDELETETHIS#16</terrain>
		<terrain>TESTDELETETHIS#16</terrain>
		<terrain>TESTDELETETHIS#16</terrain>
		<terrain>TESTDELETETHIS#16</terrain>
		<terrain>TESTDELETETHIS#16</terrain>
		<terrain>TESTDELETETHIS#16</terrain>
		<terrain>TESTDELETETHIS#16</terrain>
		<terrain>TESTDELETETHIS#16</terrain>
		<terrain>TESTDELETETHIS#16</terrain>
		<terrain>TESTDELETETHIS#16</terrain>
		<terrain>TESTDELETETHIS#16</terrain>
		<terrain>TESTDELETETHIS#16</terrain>
		<terrain>TESTDELETETHIS#16</terrain>
		<terrain>TESTDELETETHIS#16</terrain>
		<terrain>TESTDELETETHIS#16</terrain>
		<terrain>TESTDELETETHIS#16</terrain>
		<terrain>TESTDELETETHIS#16</terrain>
		<terrain>TESTDELETETHIS#16</terrain>
		<terrain>TESTDELETETHIS#16</terrain>
		<terrain>TESTDELETETHIS#16</terrain>
		<terrain>TESTDELETETHIS#16</terrain>
		<terrain>TESTDELETETHIS#16</terrain>
		<terrain>TESTDELETETHIS#16</terrain>
		<terrain>TESTDELETETHIS#16</terrain>
		<terrain>TESTDELETETHIS#16</terrain>
		<terrain>TESTDELETETHIS#16</terrain>
		<terrain>TESTDELETETHIS#16</terrain>
		<terrain>TESTDELETETHIS#16</terrain>
		<terrain>TESTDELETETHIS#16</terrain>
		<terrain>TESTDELETETHIS#16</terrain>
		<terrain>TESTDELETETHIS#16</terrain>
		<terrain>TESTDELETETHIS#16</terrain>
		<terrain>TESTDELETETHIS#16</terrain>
		<terrain>TESTDELETETHIS#16</terrain>
		<terrain>TESTDELETETHIS#16</terrain>
		<terrain>TESTDELETETHIS#16</terrain>
		<terrain>TESTDELETETHIS#16</terrain>
		<terrain>TESTDELETETHIS#16</terrain>
		<terrain>TESTDELETETHIS#16</terrain>
		<terrain>TESTDELETETHIS#16</terrain>
		<terrain>TESTDELETETHIS#16</terrain>
		<terrain>TESTDELETETHIS#16</terrain>
		<terrain>TESTDELETETHIS#16</terrain>
		<terrain>TESTDELETETHIS#16</terrain>
		<terrain>TESTDELETETHIS#16</terrain>
		<terrain>TESTDELETETHIS#16</terrain>
		<terrain>TESTDELETETHIS#16</terrain>
		<terrain>TESTDELETETHIS#16</terrain>
		<terrain>TESTDELETETHIS#16</terrain>
		<terrain>TESTDELETETHIS#16</terrain>
		<terrain>TESTDELETETHIS#16</terrain>
		<terrain>TESTDELETETHIS#16</terrain>
		<terrain>TESTDELETETHIS#16</terrain>
		<terrain>TESTDELETETHIS#16</terrain>
		<terrain>TESTDELETETHIS#16</terrain>
		<terrain>TESTDELETETHIS#16</terrain>
		<terrain>TESTDELETETHIS#16</terrain>
		<terrain>TESTDELETETHIS#16</terrain>
		<terrain>TESTDELETETHIS#16</terrain>
		<terrain>TESTDELETETHIS#16</terrain>
		<terrain>TESTDELETETHIS#16</terrain>
		<terrain>TESTDELETETHIS#16</terrain>
		<terrain>TESTDELETETHIS#16</terrain>
		<terrain>TESTDELETETHIS#16</terrain>
		<terrain>TESTDELETETHIS#16</terrain>
		<terrain>TESTDELETETHIS#16</terrain>
		<terrain>TESTDELETETHIS#16</terrain>
		<terrain>TESTDELETETHIS#16</terrain>
		<terrain>TESTDELETETHIS#16</terrain>
		<terrain>TESTDELETETHIS#16</terrain>
		<terrain>TESTDELETETHIS#16</terrain>
		<terrain>TESTDELETETHIS#16</terrain>
		<terrain>TESTDELETETHIS#16</terrain>
		<terrain>TESTDELETETHIS#16</terrain>
		<terrain>TESTDELETETHIS#16</terrain>
		<terrain>TESTDELETETHIS#16</terrain>
		<terrain>TESTDELETETHIS#16</terrain>
		<terrain>TESTDELETETHIS#16</terrain>
		<terrain>TESTDELETETHIS#16</terrain>
		<terrain>TESTDELETETHIS#16</terrain>
		<terrain>TESTDELETETHIS#16</terrain>
		<terrain>TESTDELETETHIS#16</terrain>
		<terrain>TESTDELETETHIS#16</terrain>
		<terrain>TESTDELETETHIS#16</terrain>
		<terrain>TESTDELETETHIS#16</terrain>
		<terrain>TESTDELETETHIS#16</terrain>
		<terrain>TESTDELETETHIS#16</terrain>
		<terrain>TESTDELETETHIS#16</terrain>
		<terrain>TESTDELETETHIS#16</terrain>
		<terrain>TESTDELETETHIS#16</terrain>
		<terrain>TESTDELETETHIS#16</terrain>
		<terrain>TESTDELETETHIS#16</terrain>
		<terrain>TESTDELETETHIS#16</terrain>
		<terrain>TESTDELETETHIS#16</terrain>
		<terrain>TESTDELETETHIS#16</terrain>
		<terrain>TESTDELETETHIS#16</terrain>
		<terrain>TESTDELETETHIS#16</terrain>
		<terrain>TESTDELETETHIS#16</terrain>
		<terrain>TESTDELETETHIS#16</terrain>
		<terrain>TESTDELETETHIS#16</terrain>
		<terrain>TESTDELETETHIS#16</terrain>
		<terrain>TESTDELETETHIS#16</terrain>
		<terrain>TESTDELETETHIS#16</terrain>
		<terrain>TESTDELETETHIS#16</terrain>
		<terrain>TESTDELETETHIS#16</terrain>
		<terrain>TESTDELETETHIS#16</terrain>
		<terrain>TESTDELETETHIS#16</terrain>
		<terrain>TESTDELETETHIS#16</terrain>
		<terrain>TESTDELETETHIS#16</terrain>
		<terrain>TESTDELETETHIS#16</terrain>
		<terrain>TESTDELETETHIS#16</terrain>
		<terrain>TESTDELETETHIS#16</terrain>
		<terrain>TESTDELETETHIS#16</terrain>
		<terrain>TESTDELETETHIS#16</terrain>
		<terrain>TESTDELETETHIS#16</terrain>
		<terrain>TESTDELETETHIS#16</terrain>
		<terrain>TESTDELETETHIS#16</terrain>
		<terrain>TESTDELETETHIS#16</terrain>
		<terrain>TESTDELETETHIS#16</terrain>
		<terrain>TESTDELETETHIS#16</terrain>
		<terrain>TESTDELETETHIS#16</terrain>
		<terrain>TESTDELETETHIS#16</terrain>
		<terrain>TESTDELETETHIS#16</terrain>
		<terrain>TESTDELETETHIS#16</terrain>
		<terrain>TESTDELETETHIS#16</terrain>
		<terrain>TESTDELETETHIS#16</terrain>
		<terrain>TESTDELETETHIS#16</terrain>
		<terrain>TESTDELETETHIS#16</terrain>
		<terrain>TESTDELETETHIS#16</terrain>
		<terrain>TESTDELETETHIS#16</terrain>
		<terrain>TESTDELETETHIS#16</terrain>
		<terrain>TESTDELETETHIS#16</terrain>
		<terrain>TESTDELETETHIS#16</terrain>
		<terrain>TESTDELETETHIS#16</terrain>
		<terrain>TESTDELETETHIS#16</terrain>
		<terrain>TESTDELETETHIS#16</terrain>
		<terrain>TESTDELETETHIS#16</terrain>
		<terrain>TESTDELETETHIS#16</terrain>
		<terrain>TESTDELETETHIS#16</terrain>
		<terrain>TESTDELETETHIS#16</terrain>
		<terrain>TESTDELETETHIS#16</terrain>
		<terrain>TESTDELETETHIS#16</terrain>
		<terrain>TESTDELETETHIS#16</terrain>
		<terrain>TESTDELETETHIS#16</terrain>
		<terrain>TESTDELETETHIS#16</terrain>
		<terrain>TESTDELETETHIS#16</terrain>
		<terrain>TESTDELETETHIS#16</terrain>
		<terrain>TESTDELETETHIS#16</terrain>
		<terrain>TESTDELETETHIS#16</terrain>
		<terrain>TESTDELETETHIS#16</terrain>
		<terrain>TESTDELETETHIS#16</terrain>
		<terrain>TESTDELETETHIS#16</terrain>
		<terrain>TESTDELETETHIS#16</terrain>
		<terrain>TESTDELETETHIS#16</terrain>
		<terrain>TESTDELETETHIS#16</terrain>
		<terrain>TESTDELETETHIS#16</terrain>
		<terrain>TESTDELETETHIS#16</terrain>
		<terrain>TESTDELETETHIS#16</terrain>
		<terrain>TESTDELETETHIS#16</terrain>
		<terrain>TESTDELETETHIS#16</terrain>
		<terrain>TESTDELETETHIS#16</terrain>
		<terrain>TESTDELETETHIS#16</terrain>
		<terrain>TESTDELETETHIS#16</terrain>
		<terrain>TESTDELETETHIS#16</terrain>
		<terrain>TESTDELETETHIS#16</terrain>
		<terrain>TESTDELETETHIS#16</terrain>
		<terrain>TESTDELETETHIS#16</terrain>
		<terrain>TESTDELETETHIS#16</terrain>
		<terrain>TESTDELETETHIS#16</terrain>
		<terrain>TESTDELETETHIS#16</terrain>
		<terrain>TESTDELETETHIS#16</terrain>
		<terrain>TESTDELETETHIS#16</terrain>
		<terrain>TESTDELETETHIS#16</terrain>
		<terrain>TESTDELETETHIS#16</terrain>
		<terrain>TESTDELETETHIS#16</terrain>
		<terrain>TESTDELETETHIS#16</terrain>
		<terrain>TESTDELETETHIS#16</terrain>
		<terrain>TESTDELETETHIS#10</terrain>
		<terrain>TESTDELETETHIS#10</terrain>
		<terrain>TESTDELETETHIS#10</terrain>
		<terrain>TESTDELETETHIS#10</terrain>
		<terrain>TESTDELETETHIS#10</terrain>
		<terrain>TESTDELETETHIS#10</terrain>
		<terrain>TESTDELETETHIS#10</terrain>
		<terrain>TESTDELETETHIS#10</terrain>
		<terrain>TESTDELETETHIS#10</terrain>
		<terrain>TESTDELETETHIS#10</terrain>
		<terrain>TESTDELETETHIS#10</terrain>
		<terrain>TESTDELETETHIS#10</terrain>
		<terrain>TESTDELETETHIS#10</terrain>
		<terrain>TESTDELETETHIS#10</terrain>
		<terrain>TESTDELETETHIS#10</terrain>
		<terrain>TESTDELETETHIS#10</terrain>
		<terrain>TESTDELETETHIS#10</terrain>
		<terrain>TESTDELETETHIS#10</terrain>
		<terrain>TESTDELETETHIS#10</terrain>
		<terrain>TESTDELETETHIS#10</terrain>
		<terrain>TESTDELETETHIS#10</terrain>
		<terrain>TESTDELETETHIS#10</terrain>
		<terrain>TESTDELETETHIS#10</terrain>
		<terrain>TESTDELETETHIS#10</terrain>
		<terrain>TESTDELETETHIS#10</terrain>
		<terrain>TESTDELETETHIS#10</terrain>
		<terrain>TESTDELETETHIS#10</terrain>
		<terrain>TESTDELETETHIS#10</terrain>
		<terrain>TESTDELETETHIS#10</terrain>
		<terrain>TESTDELETETHIS#10</terrain>
		<terrain>TESTDELETETHIS#10</terrain>
		<terrain>TESTDELETETHIS#10</terrain>
		<terrain>TESTDELETETHIS#10</terrain>
		<terrain>TESTDELETETHIS#10</terrain>
		<terrain>TESTDELETETHIS#10</terrain>
		<terrain>TESTDELETETHIS#10</terrain>
		<terrain>TESTDELETETHIS#10</terrain>
		<terrain>TESTDELETETHIS#10</terrain>
		<terrain>TESTDELETETHIS#10</terrain>
		<terrain>TESTDELETETHIS#10</terrain>
		<terrain>TESTDELETETHIS#10</terrain>
		<terrain>TESTDELETETHIS#10</terrain>
		<terrain>TESTDELETETHIS#10</terrain>
		<terrain>TESTDELETETHIS#10</terrain>
		<terrain>TESTDELETETHIS#10</terrain>
		<terrain>TESTDELETETHIS#10</terrain>
		<terrain>TESTDELETETHIS#10</terrain>
		<terrain>GrassOlej#3</terrain>
		<terrain>GrassOlej#3</terrain>
		<terrain>GrassOlej#3</terrain>
		<terrain>TESTDELETETHIS#10</terrain>
		<terrain>TESTDELETETHIS#10</terrain>
		<terrain>TESTDELETETHIS#10</terrain>
		<terrain>TESTDELETETHIS#10</terrain>
		<terrain>TESTDELETETHIS#10</terrain>
		<terrain>TESTDELETETHIS#10</terrain>
		<terrain>TESTDELETETHIS#10</terrain>
		<terrain>TESTDELETETHIS#10</terrain>
		<terrain>TESTDELETETHIS#10</terrain>
		<terrain>TESTDELETETHIS#10</terrain>
		<terrain>TESTDELETETHIS#10</terrain>
		<terrain>TESTDELETETHIS#10</terrain>
		<terrain>TESTDELETETHIS#10</terrain>
		<terrain>TESTDELETETHIS#10</terrain>
		<terrain>TESTDELETETHIS#10</terrain>
		<terrain>TESTDELETETHIS#10</terrain>
		<terrain>TESTDELETETHIS#10</terrain>
		<terrain>TESTDELETETHIS#10</terrain>
		<terrain>TESTDELETETHIS#10</terrain>
		<terrain>TESTDELETETHIS#10</terrain>
		<terrain>TESTDELETETHIS#10</terrain>
		<terrain>TESTDELETETHIS#10</terrain>
		<terrain>TESTDELETETHIS#10</terrain>
		<terrain>TESTDELETETHIS#10</terrain>
		<terrain>TESTDELETETHIS#10</terrain>
		<terrain>TESTDELETETHIS#10</terrain>
		<terrain>TESTDELETETHIS#10</terrain>
		<terrain>TESTDELETETHIS#10</terrain>
		<terrain>TESTDELETETHIS#10</terrain>
		<terrain>TESTDELETETHIS#10</terrain>
		<terrain>TESTDELETETHIS#10</terrain>
		<terrain>TESTDELETETHIS#10</terrain>
		<terrain>TESTDELETETHIS#10</terrain>
		<terrain>TESTDELETETHIS#10</terrain>
		<terrain>TESTDELETETHIS#10</terrain>
		<terrain>TESTDELETETHIS#10</terrain>
		<terrain>TESTDELETETHIS#10</terrain>
		<terrain>TESTDELETETHIS#10</terrain>
		<terrain>TESTDELETETHIS#10</terrain>
		<terrain>TESTDELETETHIS#10</terrain>
		<terrain>TESTDELETETHIS#10</terrain>
		<terrain>TESTDELETETHIS#10</terrain>
		<terrain>TESTDELETETHIS#10</terrain>
		<terrain>TESTDELETETHIS#10</terrain>
		<terrain>TESTDELETETHIS#10</terrain>
		<terrain>TESTDELETETHIS#10</terrain>
		<terrain>TESTDELETETHIS#10</terrain>
		<terrain>GrassOlej#3</terrain>
		<terrain>GrassOlej#3</terrain>
		<terrain>GrassOlej#3</terrain>
		<terrain>GrassOlej#3</terrain>
		<terrain>GrassOlej#3</terrain>
		<terrain>GrassOlej#3</terrain>
		<terrain>GrassOlej#3</terrain>
		<terrain>GrassOlej#3</terrain>
		<terrain>GrassOlej#3</terrain>
		<terrain>GrassOlej#3</terrain>
		<terrain>GrassOlej#3</terrain>
		<terrain>GrassOlej#3</terrain>
		<terrain>GrassOlej#3</terrain>
		<terrain>GrassOlej#3</terrain>
		<terrain>GrassOlej#3</terrain>
		<terrain>GrassOlej#3</terrain>
		<terrain>GrassOlej#3</terrain>
		<terrain>GrassOlej#3</terrain>
		<terrain>GrassOlej#3</terrain>
		<terrain>GrassOlej#3</terrain>
		<terrain>GrassOlej#3</terrain>
		<terrain>GrassOlej#3</terrain>
		<terrain>GrassOlej#3</terrain>
		<terrain>GrassOlej#3</terrain>
		<terrain>GrassOlej#3</terrain>
		<terrain>GrassOlej#3</terrain>
		<terrain>GrassOlej#3</terrain>
		<terrain>GrassOlej#3</terrain>
		<terrain>GrassOlej#3</terrain>
		<terrain>GrassOlej#3</terrain>
		<terrain>GrassOlej#3</terrain>
		<terrain>GrassOlej#3</terrain>
		<terrain>GrassOlej#3</terrain>
		<terrain>GrassOlej#3</terrain>
		<terrain>GrassOlej#3</terrain>
		<terrain>GrassOlej#3</terrain>
		<terrain>GrassOlej#3</terrain>
		<terrain>GrassOlej#3</terrain>
		<terrain>GrassOlej#3</terrain>
		<terrain>GrassOlej#3</terrain>
		<terrain>GrassOlej#3</terrain>
		<terrain>GrassOlej#3</terrain>
		<terrain>GrassOlej#3</terrain>
		<terrain>GrassOlej#3</terrain>
		<terrain>GrassOlej#3</terrain>
		<terrain>GrassOlej#3</terrain>
		<terrain>GrassOlej#3</terrain>
		<terrain>GrassOlej#3</terrain>
		<terrain>GrassOlej#3</terrain>
		<terrain>GrassOlej#3</terrain>
		<terrain>GrassOlej#3</terrain>
		<terrain>GrassOlej#3</terrain>
		<terrain>GrassOlej#3</terrain>
		<terrain>GrassOlej#3</terrain>
		<terrain>GrassOlej#3</terrain>
		<terrain>GrassOlej#3</terrain>
		<terrain>GrassOlej#3</terrain>
		<terrain>GrassOlej#3</terrain>
		<terrain>GrassOlej#3</terrain>
		<terrain>GrassOlej#3</terrain>
		<terrain>GrassOlej#3</terrain>
		<terrain>GrassOlej#3</terrain>
		<terrain>GrassOlej#3</terrain>
		<terrain>GrassOlej#3</terrain>
		<terrain>GrassOlej#3</terrain>
		<terrain>GrassOlej#3</terrain>
		<terrain>GrassOlej#3</terrain>
		<terrain>GrassOlej#3</terrain>
		<terrain>GrassOlej#3</terrain>
		<terrain>GrassOlej#3</terrain>
		<terrain>GrassOlej#3</terrain>
		<terrain>GrassOlej#3</terrain>
		<terrain>GrassOlej#3</terrain>
		<terrain>GrassOlej#3</terrain>
		<terrain>GrassOlej#3</terrain>
		<terrain>GrassOlej#3</terrain>
		<terrain>GrassOlej#3</terrain>
		<terrain>GrassOlej#3</terrain>
		<terrain>GrassOlej#3</terrain>
		<terrain>GrassOlej#3</terrain>
		<terrain>GrassOlej#3</terrain>
		<terrain>GrassOlej#3</terrain>
		<terrain>GrassOlej#3</terrain>
		<terrain>GrassOlej#3</terrain>
		<terrain>GrassOlej#3</terrain>
		<terrain>GrassOlej#3</terrain>
		<terrain>GrassOlej#3</terrain>
		<terrain>GrassOlej#3</terrain>
		<terrain>GrassOlej#3</terrain>
		<terrain>GrassOlej#3</terrain>
		<terrain>GrassOlej#3</terrain>
		<terrain>GrassOlej#3</terrain>
		<terrain>GrassOlej#3</terrain>
		<terrain>GrassOlej#3</terrain>
		<terrain>GrassOlej#3</terrain>
		<terrain>GrassOlej#3</terrain>
		<terrain>GrassOlej#3</terrain>
		<terrain>GrassOlej#3</terrain>
		<terrain>GrassOlej#3</terrain>
		<terrain>GrassOlej#3</terrain>
		<terrain>GrassOlej#3</terrain>
		<terrain>GrassOlej#3</terrain>
		<terrain>GrassOlej#3</terrain>
		<terrain>Grass</terrain>
		<terrain>Grass</terrain>
		<terrain>Grass</terrain>
		<terrain>Grass</terrain>
		<terrain>Grass</terrain>
		<terrain>Grass</terrain>
		<terrain>Grass</terrain>
		<terrain>Grass</terrain>
		<terrain>Grass</terrain>
		<terrain>Grass</terrain>
		<terrain>Grass</terrain>
		<terrain>Grass</terrain>
		<terrain>Grass</terrain>
		<terrain>Grass</terrain>
		<terrain>Grass</terrain>
		<terrain>Grass</terrain>
		<terrain>Grass</terrain>
		<terrain>Grass</terrain>
		<terrain>Grass</terrain>
		<terrain>Grass</terrain>
		<terrain>Grass</terrain>
		<terrain>Grass</terrain>
		<terrain>Grass</terrain>
		<terrain>Grass</terrain>
		<terrain>Grass</terrain>
		<terrain>Grass</terrain>
		<terrain>Grass</terrain>
		<terrain>Grass</terrain>
		<terrain>Grass</terrain>
		<terrain>Grass</terrain>
		<terrain>Grass</terrain>
		<terrain>Grass</terrain>
		<terrain>Grass</terrain>
		<terrain>Grass</terrain>
		<terrain>Grass</terrain>
		<terrain>Grass</terrain>
		<terrain>Grass</terrain>
		<terrain>Grass</terrain>
		<terrain>Grass</terrain>
		<terrain>Grass</terrain>
		<terrain>Grass</terrain>
		<terrain>Grass</terrain>
		<terrain>Grass</terrain>
		<terrain>Grass</terrain>
		<terrain>Grass</terrain>
		<terrain>Grass</terrain>
		<terrain>Grass</terrain>
		<terrain>Grass</terrain>
		<terrain>Grass</terrain>
		<terrain>Grass</terrain>
		<terrain>Grass</terrain>
		<terrain>Grass</terrain>
		<terrain>Grass</terrain>
		<terrain>Grass</terrain>
		<terrain>Grass</terrain>
		<terrain>Grass</terrain>
		<terrain>Grass</terrain>
		<terrain>Grass</terrain>
		<terrain>Grass</terrain>
		<terrain>Grass</terrain>
		<terrain>Grass</terrain>
		<terrain>Grass</terrain>
		<terrain>Grass</terrain>
		<terrain>Grass</terrain>
		<terrain>Grass</terrain>
		<terrain>Grass</terrain>
		<terrain>Grass</terrain>
		<terrain>Grass</terrain>
		<terrain>Grass</terrain>
		<terrain>Grass</terrain>
		<terrain>Grass</terrain>
		<terrain>Grass</terrain>
		<terrain>Grass</terrain>
		<terrain>Grass</terrain>
		<terrain>Grass</terrain>
		<terrain>Grass</terrain>
		<terrain>Grass</terrain>
		<terrain>Grass</terrain>
		<terrain>Grass</terrain>
		<terrain>Grass</terrain>
		<terrain>Grass</terrain>
		<terrain>Grass</terrain>
		<terrain>Grass</terrain>
		<terrain>Grass</terrain>
		<terrain>Grass</terrain>
		<terrain>Grass</terrain>
		<terrain>Grass</terrain>
		<terrain>Grass</terrain>
		<terrain>Grass</terrain>
		<terrain>Grass</terrain>
		<terrain>Grass</terrain>
		<terrain>Grass</terrain>
		<terrain>Grass</terrain>
		<terrain>Grass</terrain>
		<terrain>Grass</terrain>
		<terrain>Grass</terrain>
		<terrain>Grass</terrain>
		<terrain>Grass</terrain>
		<terrain>Grass</terrain>
		<terrain>Grass</terrain>
		<terrain>Grass</terrain>
		<terrain>Grass</terrain>
		<terrain>Grass</terrain>
		<terrain>Grass</terrain>
		<terrain>Grass</terrain>
		<terrain>Grass</terrain>
		<terrain>Grass</terrain>
		<terrain>Grass</terrain>
		<terrain>Grass</terrain>
		<terrain>Grass</terrain>
		<terrain>Grass</terrain>
		<terrain>Grass</terrain>
		<terrain>Grass</terrain>
		<terrain>Grass</terrain>
		<terrain>Grass</terrain>
		<terrain>Grass</terrain>
		<terrain>Grass</terrain>
		<terrain>Grass</terrain>
		<terrain>Grass</terrain>
		<terrain>Grass</terrain>
		<terrain>Grass</terrain>
		<terrain>Grass</terrain>
		<terrain>Grass</terrain>
		<terrain>Grass</terrain>
		<terrain>Grass</terrain>
		<terrain>Grass</terrain>
		<terrain>Grass</terrain>
		<terrain>Grass</terrain>
		<terrain>Grass</terrain>
		<terrain>Grass</terrain>
		<terrain>Grass</terrain>
		<terrain>Grass</terrain>
		<terrain>Grass</terrain>
		<terrain>Grass</terrain>
		<terrain>Grass</terrain>
		<terrain>Grass</terrain>
		<terrain>Grass</terrain>
		<terrain>Grass</terrain>
		<terrain>Grass</terrain>
		<terrain>Grass</terrain>
		<terrain>Grass</terrain>
		<terrain>Grass</terrain>
		<terrain>Grass</terrain>
		<terrain>Grass</terrain>
		<terrain>Grass</terrain>
		<terrain>Grass</terrain>
		<terrain>Grass</terrain>
		<terrain>Grass</terrain>
		<terrain>Grass</terrain>
		<terrain>Grass</terrain>
		<terrain>Grass</terrain>
		<terrain>Grass</terrain>
		<terrain>Grass</terrain>
		<terrain>Grass</terrain>
		<terrain>Grass</terrain>
		<terrain>Grass</terrain>
		<terrain>Grass</terrain>
		<terrain>Grass</terrain>
		<terrain>Grass</terrain>
		<terrain>Grass</terrain>
		<terrain>Grass</terrain>
		<terrain>Grass</terrain>
		<terrain>Grass</terrain>
		<terrain>Grass</terrain>
		<terrain>Grass</terrain>
		<terrain>Grass</terrain>
		<terrain>Grass</terrain>
		<terrain>Grass</terrain>
		<terrain>Grass</terrain>
		<terrain>Grass</terrain>
		<terrain>Grass</terrain>
		<terrain>Grass</terrain>
		<terrain>Grass</terrain>
		<terrain>Grass</terrain>
		<terrain>Grass</terrain>
		<terrain>Grass</terrain>
		<terrain>Grass</terrain>
		<terrain>Grass</terrain>
		<terrain>Grass</terrain>
		<terrain>Grass</terrain>
		<terrain>Grass</terrain>
		<terrain>Grass</terrain>
		<terrain>Grass</terrain>
		<terrain>Grass</terrain>
		<terrain>Grass</terrain>
		<terrain>Grass</terrain>
		<terrain>Grass</terrain>
		<terrain>Grass</terrain>
		<terrain>Grass</terrain>
		<terrain>Grass</terrain>
		<terrain>Grass</terrain>
		<terrain>Grass</terrain>
		<terrain>Grass</terrain>
		<terrain>Grass</terrain>
		<terrain>Grass</terrain>
		<terrain>Grass</terrain>
		<terrain>Grass</terrain>
		<terrain>Grass</terrain>
		<terrain>Grass</terrain>
		<terrain>Grass</terrain>
		<terrain>Grass</terrain>
		<terrain>Grass</terrain>
		<terrain>Grass</terrain>
		<terrain>Grass</terrain>
		<terrain>Grass</terrain>
		<terrain>Grass</terrain>
		<terrain>Grass</terrain>
		<terrain>Grass</terrain>
		<terrain>Grass</terrain>
		<terrain>Grass</terrain>
		<terrain>Grass</terrain>
		<terrain>Grass</terrain>
		<terrain>Grass</terrain>
		<terrain>Grass</terrain>
		<terrain>Grass</terrain>
		<terrain>Grass</terrain>
		<terrain>Grass</terrain>
		<terrain>Grass</terrain>
		<terrain>Grass</terrain>
		<terrain>Grass</terrain>
		<terrain>Grass</terrain>
		<terrain>Grass</terrain>
		<terrain>Grass</terrain>
		<terrain>Grass</terrain>
		<terrain>Grass</terrain>
		<terrain>Grass</terrain>
		<terrain>Grass</terrain>
		<terrain>Grass</terrain>
		<terrain>Grass</terrain>
		<terrain>Grass</terrain>
		<terrain>Grass</terrain>
		<terrain>Grass</terrain>
		<terrain>Grass</terrain>
		<terrain>Grass</terrain>
		<terrain>Grass</terrain>
		<terrain>Grass</terrain>
		<terrain>Grass</terrain>
		<terrain>Grass</terrain>
		<terrain>Grass</terrain>
		<terrain>Grass</terrain>
		<terrain>Grass</terrain>
		<terrain>Grass</terrain>
		<terrain>Grass</terrain>
		<terrain>Grass</terrain>
		<terrain>Grass</terrain>
		<terrain>Grass</terrain>
		<terrain>Grass</terrain>
		<terrain>Grass</terrain>
		<terrain>Grass</terrain>
		<terrain>Grass</terrain>
		<terrain>Grass</terrain>
		<terrain>Grass</terrain>
		<terrain>Grass</terrain>
		<terrain>Grass</terrain>
		<terrain>Grass</terrain>
		<terrain>Grass</terrain>
		<terrain>Grass</terrain>
		<terrain>Grass</terrain>
		<terrain>Grass</terrain>
		<terrain>Grass</terrain>
		<terrain>Grass</terrain>
		<terrain>Grass</terrain>
		<terrain>Grass</terrain>
		<terrain>Grass</terrain>
		<terrain>Grass</terrain>
		<terrain>Grass</terrain>
		<terrain>Grass</terrain>
		<terrain>Grass</terrain>
		<terrain>Grass</terrain>
		<terrain>Grass</terrain>
		<terrain>Grass</terrain>
		<terrain>Grass</terrain>
		<terrain>Grass</terrain>
		<terrain>Grass</terrain>
		<terrain>Grass</terrain>
		<terrain>Grass</terrain>
		<terrain>Grass</terrain>
		<terrain>Grass</terrain>
		<terrain>Grass</terrain>
		<terrain>Grass</terrain>
		<terrain>Grass</terrain>
		<terrain>Grass</terrain>
		<terrain>Grass</terrain>
		<terrain>Grass</terrain>
		<terrain>Grass</terrain>
		<terrain>Grass</terrain>
		<terrain>Grass</terrain>
		<terrain>Grass</terrain>
		<terrain>Grass</terrain>
		<terrain>Grass</terrain>
		<terrain>Grass</terrain>
		<terrain>Grass</terrain>
		<terrain>Grass</terrain>
		<terrain>Grass</terrain>
		<terrain>Grass</terrain>
		<terrain>Grass</terrain>
		<terrain>Grass</terrain>
		<terrain>Grass</terrain>
		<terrain>Grass</terrain>
		<terrain>Grass</terrain>
		<terrain>Grass</terrain>
		<terrain>Grass</terrain>
		<terrain>Grass</terrain>
		<terrain>Grass</terrain>
		<terrain>Grass</terrain>
		<terrain>Grass</terrain>
		<terrain>Grass</terrain>
		<terrain>Grass</terrain>
		<terrain>Grass</terrain>
		<terrain>Grass</terrain>
		<terrain>Grass</terrain>
		<terrain>Grass</terrain>
		<terrain>Grass</terrain>
		<terrain>Grass</terrain>
		<terrain>Grass</terrain>
		<terrain>Grass</terrain>
		<terrain>Grass</terrain>
		<terrain>Grass</terrain>
		<terrain>Grass</terrain>
		<terrain>Grass</terrain>
		<terrain>Grass</terrain>
		<terrain>Grass</terrain>
		<terrain>Grass</terrain>
		<terrain>Grass</terrain>
		<terrain>Grass</terrain>
		<terrain>Grass</terrain>
		<terrain>Grass</terrain>
		<terrain>Grass</terrain>
		<terrain>Grass</terrain>
		<terrain>Grass</terrain>
		<terrain>Grass</terrain>
		<terrain>Grass</terrain>
		<terrain>Grass</terrain>
		<terrain>Grass</terrain>
		<terrain>Grass</terrain>
		<terrain>Grass</terrain>
		<terrain>Grass</terrain>
		<terrain>Grass</terrain>
		<terrain>Grass</terrain>
		<terrain>Grass</terrain>
		<terrain>Grass</terrain>
		<terrain>Grass</terrain>
		<terrain>Grass</terrain>
		<terrain>Grass</terrain>
		<terrain>Grass</terrain>
		<terrain>Grass</terrain>
		<terrain>Grass</terrain>
		<terrain>Grass</terrain>
		<terrain>Grass</terrain>
		<terrain>Grass</terrain>
		<terrain>Grass</terrain>
		<terrain>Grass</terrain>
		<terrain>Grass</terrain>
		<terrain>Grass</terrain>
		<terrain>Grass</terrain>
		<terrain>Grass</terrain>
		<terrain>Grass</terrain>
		<terrain>Grass</terrain>
		<terrain>Grass</terrain>
		<terrain>Grass</terrain>
		<terrain>Grass</terrain>
		<terrain>Grass</terrain>
		<terrain>Grass</terrain>
		<terrain>Grass</terrain>
		<terrain>Grass</terrain>
		<terrain>Grass</terrain>
		<terrain>Grass</terrain>
		<terrain>Grass</terrain>
		<terrain>Grass</terrain>
		<terrain>Grass</terrain>
		<terrain>Grass</terrain>
		<terrain>Grass</terrain>
		<terrain>Grass</terrain>
		<terrain>Grass</terrain>
		<terrain>Grass</terrain>
		<terrain>Grass</terrain>
		<terrain>Grass</terrain>
		<terrain>Grass</terrain>
		<terrain>Grass</terrain>
		<terrain>Grass</terrain>
		<terrain>Grass</terrain>
		<terrain>Grass</terrain>
		<terrain>Grass</terrain>
		<terrain>Grass</terrain>
		<terrain>Grass</terrain>
		<terrain>Grass</terrain>
		<terrain>Grass</terrain>
		<terrain>Grass</terrain>
		<terrain>Grass</terrain>
		<terrain>Grass</terrain>
		<terrain>Grass</terrain>
		<terrain>Grass</terrain>
		<terrain>Grass</terrain>
		<terrain>Grass</terrain>
		<terrain>Grass</terrain>
		<terrain>Grass</terrain>
		<terrain>Grass</terrain>
		<terrain>Grass</terrain>
		<terrain>Grass</terrain>
		<terrain>Grass</terrain>
		<terrain>Grass</terrain>
		<terrain>Grass</terrain>
		<terrain>Grass</terrain>
		<terrain>Grass</terrain>
		<terrain>Grass</terrain>
		<terrain>Grass</terrain>
		<terrain>Grass</terrain>
		<terrain>Grass</terrain>
		<terrain>Grass</terrain>
		<terrain>Grass</terrain>
		<terrain>Grass</terrain>
		<terrain>Grass</terrain>
		<terrain>Grass</terrain>
		<terrain>Grass</terrain>
		<terrain>Grass</terrain>
		<terrain>Grass</terrain>
		<terrain>Grass</terrain>
		<terrain>Grass</terrain>
		<terrain>Grass</terrain>
		<terrain>Grass</terrain>
		<terrain>Grass</terrain>
		<terrain>Grass</terrain>
		<terrain>Grass</terrain>
		<terrain>Grass</terrain>
		<terrain>Grass</terrain>
		<terrain>Grass</terrain>
		<terrain>Grass</terrain>
		<terrain>Grass</terrain>
		<terrain>Grass</terrain>
		<terrain>Grass</terrain>
		<terrain>Grass</terrain>
		<terrain>Grass</terrain>
		<terrain>Grass</terrain>
		<terrain>Grass</terrain>
		<terrain>Grass</terrain>
		<terrain>Grass</terrain>
		<terrain>Grass</terrain>
		<terrain>Grass</terrain>
		<terrain>Grass</terrain>
		<terrain>Grass</terrain>
		<terrain>Grass</terrain>
		<terrain>Grass</terrain>
		<terrain>Grass</terrain>
		<terrain>Grass</terrain>
		<terrain>Grass</terrain>
		<terrain>Grass</terrain>
		<terrain>Grass</terrain>
		<terrain>Grass</terrain>
		<terrain>Grass</terrain>
		<terrain>Grass</terrain>
		<terrain>Grass</terrain>
		<terrain>Grass</terrain>
		<terrain>Grass</terrain>
		<terrain>Grass</terrain>
		<terrain>Grass</terrain>
		<terrain>Grass</terrain>
		<terrain>Grass</terrain>
		<terrain>Grass</terrain>
		<terrain>Grass</terrain>
		<terrain>Grass</terrain>
		<terrain>Grass</terrain>
		<terrain>Grass</terrain>
		<terrain>Grass</terrain>
		<terrain>Grass</terrain>
		<terrain>Grass</terrain>
		<terrain>Grass</terrain>
		<terrain>Grass</terrain>
		<terrain>Grass</terrain>
		<terrain>Grass</terrain>
		<terrain>Grass</terrain>
		<terrain>Grass</terrain>
		<terrain>Grass</terrain>
		<terrain>Grass</terrain>
		<terrain>Grass</terrain>
		<terrain>Grass</terrain>
		<terrain>Grass</terrain>
		<terrain>Grass</terrain>
		<terrain>Grass</terrain>
		<terrain>Grass</terrain>
		<terrain>Grass</terrain>
		<terrain>Grass</terrain>
		<terrain>Grass</terrain>
		<terrain>Grass</terrain>
		<terrain>Grass</terrain>
		<terrain>Grass</terrain>
		<terrain>Grass</terrain>
		<terrain>Grass</terrain>
		<terrain>Grass</terrain>
		<terrain>Grass</terrain>
		<terrain>Grass</terrain>
		<terrain>Grass</terrain>
		<terrain>Grass</terrain>
		<terrain>Grass</terrain>
		<terrain>Grass</terrain>
		<terrain>Grass</terrain>
		<terrain>Grass</terrain>
		<terrain>Grass</terrain>
		<terrain>Grass</terrain>
		<terrain>Grass</terrain>
		<terrain>Grass</terrain>
		<terrain>Grass</terrain>
		<terrain>Grass</terrain>
		<terrain>Grass</terrain>
		<terrain>Grass</terrain>
		<terrain>Grass</terrain>
		<terrain>Grass</terrain>
		<terrain>Grass</terrain>
		<terrain>Grass</terrain>
		<terrain>Grass</terrain>
		<terrain>Grass</terrain>
		<terrain>Grass</terrain>
		<terrain>Grass</terrain>
		<terrain>Grass</terrain>
		<terrain>Grass</terrain>
		<terrain>Grass</terrain>
		<terrain>Grass</terrain>
		<terrain>Grass</terrain>
		<terrain>Grass</terrain>
		<terrain>Grass</terrain>
		<terrain>Grass</terrain>
		<terrain>Grass</terrain>
		<terrain>Grass</terrain>
		<terrain>Grass</terrain>
		<terrain>Grass</terrain>
		<terrain>Grass</terrain>
		<terrain>Grass</terrain>
		<terrain>Grass</terrain>
		<terrain>Grass</terrain>
		<terrain>Grass</terrain>
		<terrain>Grass</terrain>
		<terrain>Grass</terrain>
		<terrain>Grass</terrain>
		<terrain>Grass</terrain>
		<terrain>Grass</terrain>
		<terrain>Grass</terrain>
		<terrain>Grass</terrain>
		<terrain>Grass</terrain>
		<terrain>Grass</terrain>
		<terrain>Grass</terrain>
		<terrain>Grass</terrain>
		<terrain>Grass</terrain>
		<terrain>Grass</terrain>
		<terrain>Grass</terrain>
		<terrain>Grass</terrain>
		<terrain>Grass</terrain>
		<terrain>Grass</terrain>
		<terrain>Grass</terrain>
		<terrain>Grass</terrain>
		<terrain>Grass</terrain>
		<terrain>Grass</terrain>
		<terrain>Grass</terrain>
		<terrain>Grass</terrain>
		<terrain>Grass</terrain>
		<terrain>Grass</terrain>
		<terrain>Grass</terrain>
		<terrain>Grass</terrain>
		<terrain>Grass</terrain>
		<terrain>Grass</terrain>
		<terrain>Grass</terrain>
		<terrain>Grass</terrain>
		<terrain>Grass</terrain>
		<terrain>Grass</terrain>
		<terrain>Grass</terrain>
		<terrain>Grass</terrain>
		<terrain>Grass</terrain>
		<terrain>Grass</terrain>
		<terrain>Grass</terrain>
		<terrain>Grass</terrain>
		<terrain>Grass</terrain>
		<terrain>Grass</terrain>
		<terrain>Grass</terrain>
		<terrain>Grass</terrain>
		<terrain>Grass</terrain>
		<terrain>Grass</terrain>
		<terrain>Grass</terrain>
		<terrain>Grass</terrain>
		<terrain>Grass</terrain>
		<terrain>Grass</terrain>
		<terrain>Grass</terrain>
		<terrain>Grass</terrain>
		<terrain>Grass</terrain>
		<terrain>Grass</terrain>
		<terrain>Grass</terrain>
		<terrain>Grass</terrain>
		<terrain>Grass</terrain>
		<terrain>Grass</terrain>
		<terrain>Grass</terrain>
		<terrain>Grass</terrain>
		<terrain>Grass</terrain>
		<terrain>Grass</terrain>
		<terrain>Grass</terrain>
		<terrain>Grass</terrain>
		<terrain>Grass</terrain>
		<terrain>Grass</terrain>
		<terrain>Grass</terrain>
		<terrain>Grass</terrain>
		<terrain>Grass</terrain>
		<terrain>Grass</terrain>
		<terrain>Grass</terrain>
		<terrain>Grass</terrain>
		<terrain>Grass</terrain>
		<terrain>Grass</terrain>
		<terrain>Grass</terrain>
		<terrain>Grass</terrain>
		<terrain>Grass</terrain>
		<terrain>Grass</terrain>
		<terrain>Grass</terrain>
		<terrain>Grass</terrain>
		<terrain>Grass</terrain>
		<terrain>Grass</terrain>
		<terrain>Grass</terrain>
		<terrain>Grass</terrain>
		<terrain>Grass</terrain>
		<terrain>Grass</terrain>
		<terrain>Grass</terrain>
		<terrain>Grass</terrain>
		<terrain>Grass</terrain>
		<terrain>Grass</terrain>
		<terrain>Grass</terrain>
		<terrain>Grass</terrain>
		<terrain>Grass</terrain>
		<terrain>Grass</terrain>
		<terrain>Grass</terrain>
		<terrain>Grass</terrain>
		<terrain>Grass</terrain>
		<terrain>Grass</terrain>
		<terrain>Grass</terrain>
		<terrain>Grass</terrain>
		<terrain>Grass</terrain>
		<terrain>Grass</terrain>
		<terrain>Grass</terrain>
		<terrain>Grass</terrain>
		<terrain>Grass</terrain>
		<terrain>Grass</terrain>
		<terrain>Grass</terrain>
		<terrain>Grass</terrain>
		<terrain>Grass</terrain>
		<terrain>Grass</terrain>
		<terrain>Grass</terrain>
		<terrain>Grass</terrain>
		<terrain>Grass</terrain>
		<terrain>Grass</terrain>
		<terrain>Grass</terrain>
		<terrain>Grass</terrain>
		<terrain>Grass</terrain>
		<terrain>Grass</terrain>
		<terrain>Grass</terrain>
		<terrain>Grass</terrain>
		<terrain>Grass</terrain>
		<terrain>Grass</terrain>
		<terrain>Grass</terrain>
		<terrain>Grass</terrain>
		<terrain>Grass</terrain>
		<terrain>Grass</terrain>
		<terrain>Grass</terrain>
		<terrain>Grass</terrain>
		<terrain>Grass</terrain>
		<terrain>Grass</terrain>
		<terrain>Grass</terrain>
		<terrain>Grass</terrain>
		<terrain>Grass</terrain>
		<terrain>Grass</terrain>
		<terrain>Grass</terrain>
		<terrain>Grass</terrain>
		<terrain>Grass</terrain>
		<terrain>Grass</terrain>
		<terrain>Grass</terrain>
		<terrain>Grass</terrain>
		<terrain>Grass</terrain>
		<terrain>Grass</terrain>
		<terrain>Grass</terrain>
		<terrain>Grass</terrain>
		<terrain>Grass</terrain>
		<terrain>Grass</terrain>
		<terrain>Grass</terrain>
		<terrain>Grass</terrain>
		<terrain>Grass</terrain>
		<terrain>Grass</terrain>
		<terrain>Grass</terrain>
		<terrain>Grass</terrain>
		<terrain>Grass</terrain>
		<terrain>Grass</terrain>
		<terrain>Grass</terrain>
		<terrain>Grass</terrain>
		<terrain>Grass</terrain>
		<terrain>Grass</terrain>
		<terrain>Grass</terrain>
		<terrain>Grass</terrain>
		<terrain>Grass</terrain>
		<terrain>Grass</terrain>
		<terrain>Grass</terrain>
		<terrain>Grass</terrain>
		<terrain>Grass</terrain>
		<terrain>Grass</terrain>
		<terrain>Grass</terrain>
		<terrain>Grass</terrain>
		<terrain>Grass</terrain>
		<terrain>Grass</terrain>
		<terrain>Grass</terrain>
		<terrain>Grass</terrain>
		<terrain>Grass</terrain>
		<terrain>Grass</terrain>
		<terrain>Grass</terrain>
		<terrain>Grass</terrain>
		<terrain>Grass</terrain>
		<terrain>Grass</terrain>
		<terrain>Grass</terrain>
		<terrain>Grass</terrain>
		<terrain>Grass</terrain>
		<terrain>Grass</terrain>
		<terrain>Grass</terrain>
		<terrain>Grass</terrain>
		<terrain>Grass</terrain>
		<terrain>Grass</terrain>
		<terrain>Grass</terrain>
		<terrain>Grass</terrain>
		<terrain>Grass</terrain>
		<terrain>Grass</terrain>
		<terrain>Grass</terrain>
		<terrain>Grass</terrain>
		<terrain>Grass</terrain>
		<terrain>Grass</terrain>
		<terrain>Grass</terrain>
		<terrain>Grass</terrain>
		<terrain>Grass</terrain>
		<terrain>Grass</terrain>
		<terrain>Grass</terrain>
		<terrain>Grass</terrain>
		<terrain>Grass</terrain>
		<terrain>Grass</terrain>
		<terrain>Grass</terrain>
		<terrain>Grass</terrain>
		<terrain>Grass</terrain>
		<terrain>Grass</terrain>
		<terrain>Grass</terrain>
		<terrain>Grass</terrain>
		<terrain>Grass</terrain>
		<terrain>Grass</terrain>
		<terrain>Grass</terrain>
		<terrain>Grass</terrain>
		<terrain>Grass</terrain>
		<terrain>Grass</terrain>
		<terrain>Grass</terrain>
		<terrain>Grass</terrain>
		<terrain>Grass</terrain>
		<terrain>Grass</terrain>
		<terrain>Grass</terrain>
		<terrain>Grass</terrain>
		<terrain>Grass</terrain>
		<terrain>Grass</terrain>
		<terrain>Grass</terrain>
		<terrain>Grass</terrain>
		<terrain>Grass</terrain>
		<terrain>Grass</terrain>
		<terrain>Grass</terrain>
		<terrain>Grass</terrain>
		<terrain>Grass</terrain>
		<terrain>Grass</terrain>
		<terrain>Grass</terrain>
		<terrain>Grass</terrain>
		<terrain>Grass</terrain>
		<terrain>Grass</terrain>
		<terrain>Grass</terrain>
		<terrain>Grass</terrain>
		<terrain>Grass</terrain>
		<terrain>Grass</terrain>
		<terrain>Grass</terrain>
		<terrain>Grass</terrain>
		<terrain>Grass</terrain>
		<terrain>Grass</terrain>
		<terrain>Grass</terrain>
		<terrain>Grass</terrain>
		<terrain>Grass</terrain>
		<terrain>Grass</terrain>
		<terrain>Grass</terrain>
		<terrain>Grass</terrain>
		<terrain>Grass</terrain>
		<terrain>Grass</terrain>
		<terrain>Grass</terrain>
		<terrain>Grass</terrain>
		<terrain>Grass</terrain>
		<terrain>Grass</terrain>
		<terrain>Grass</terrain>
		<terrain>Grass</terrain>
		<terrain>Grass</terrain>
		<terrain>Grass</terrain>
		<terrain>Grass</terrain>
		<terrain>Grass</terrain>
		<terrain>Grass</terrain>
		<terrain>Grass</terrain>
		<terrain>Grass</terrain>
		<terrain>Grass</terrain>
		<terrain>Grass</terrain>
		<terrain>Grass</terrain>
		<terrain>Grass</terrain>
		<terrain>Grass</terrain>
		<terrain>Grass</terrain>
		<terrain>Grass</terrain>
		<terrain>Grass</terrain>
		<terrain>Grass</terrain>
		<terrain>Grass</terrain>
		<terrain>Grass</terrain>
		<terrain>Grass</terrain>
		<terrain>Grass</terrain>
		<terrain>Grass</terrain>
		<terrain>Grass</terrain>
		<terrain>Grass</terrain>
		<terrain>Grass</terrain>
		<terrain>Grass</terrain>
		<terrain>Grass</terrain>
		<terrain>Grass</terrain>
		<terrain>Grass</terrain>
		<terrain>Grass</terrain>
		<terrain>Grass</terrain>
		<terrain>Grass</terrain>
		<terrain>Grass</terrain>
		<terrain>Grass</terrain>
		<terrain>Grass</terrain>
		<terrain>Grass</terrain>
		<terrain>Grass</terrain>
		<terrain>Grass</terrain>
		<terrain>Grass</terrain>
		<terrain>Grass</terrain>
		<terrain>Grass</terrain>
		<terrain>Grass</terrain>
		<terrain>Grass</terrain>
		<terrain>Grass</terrain>
		<terrain>Grass</terrain>
		<terrain>Grass</terrain>
		<terrain>Grass</terrain>
		<terrain>Grass</terrain>
		<terrain>Grass</terrain>
		<terrain>Grass</terrain>
		<terrain>Grass</terrain>
		<terrain>Grass</terrain>
		<terrain>Grass</terrain>
		<terrain>Grass</terrain>
		<terrain>Grass</terrain>
		<terrain>Grass</terrain>
		<terrain>Grass</terrain>
		<terrain>Grass</terrain>
		<terrain>Grass</terrain>
		<terrain>Grass</terrain>
		<terrain>Grass</terrain>
		<terrain>Grass</terrain>
		<terrain>Grass</terrain>
		<terrain>Grass</terrain>
		<terrain>Grass</terrain>
		<terrain>Grass</terrain>
		<terrain>Grass</terrain>
	</map>
	<objects>
		<object position_x="1200" position_y="800" position_z="0" size_x="400" size_y="400" >Test3</object>
		<object position_x="2000" position_y="800" position_z="0" size_x="400" size_y="400" >Test3</object>
		<object position_x="2800" position_y="800" position_z="0" size_x="400" size_y="400" >Test3</object>
		<object position_x="3600" position_y="800" position_z="0" size_x="400" size_y="400" >Test3</object>
		<object position_x="5000" position_y="1200" position_z="0" size_x="585" size_y="373" >Test2</object>
		<object position_x="5000" position_y="1200" position_z="0" size_x="585" size_y="373" >Test2</object>
		<object position_x="5000" position_y="1200" position_z="0" size_x="585" size_y="373" >Test2</object>
		<object position_x="5000" position_y="1200" position_z="0" size_x="585" size_y="373" >Test2</object>
		<object position_x="5000" position_y="1250" position_z="0" size_x="585" size_y="373" >Test2</object>
		<object position_x="5000" position_y="1250" position_z="0" size_x="585" size_y="373" >Test2</object>
		<object position_x="5500" position_y="1250" position_z="0" size_x="585" size_y="373" >Test2</object>
		<object position_x="5500" position_y="1300" position_z="0" size_x="585" size_y="373" >Test2</object>
		<object position_x="5000" position_y="1350" position_z="0" size_x="585" size_y="373" >Test2</object>
		<object position_x="5000" position_y="1350" position_z="0" size_x="585" size_y="373" >Test2</object>
		<object position_x="5000" position_y="1450" position_z="0" size_x="585" size_y="373" >Test2</object>
		<object position_x="5000" position_y="1450" position_z="0" size_x="585" size_y="373" >Test2</object>
		<object position_x="5500" position_y="1450" position_z="0" size_x="585" size_y="373" >Test2</object>
		<object position_x="5000" position_y="1500" position_z="0" size_x="585" size_y="373" >Test2</object>
		<object position_x="5000" position_y="1500" position_z="0" size_x="585" size_y="373" >Test2</object>
		<object position_x="5500" position_y="1500" position_z="0" size_x="585" size_y="373" >Test2</object>
		<object position_x="5000" position_y="1600" position_z="0" size_x="585" size_y="373" >Test2</object>
		<object position_x="5500" position_y="1600" position_z="0" size_x="585" size_y="373" >Test2</object>
		<object position_x="5000" position_y="1650" position_z="0" size_x="585" size_y="373" >Test2</object>
		<object position_x="5000" position_y="1650" position_z="0" size_x="585" size_y="373" >Test2</object>
		<object position_x="5000" position_y="1650" position_z="0" size_x="585" size_y="373" >Test2</object>
		<object position_x="3440" position_y="1662" position_z="0" size_x="400" size_y="400" >Test3</object>
		<object position_x="1486" position_y="1699" position_z="0" size_x="400" size_y="400" >Test3</object>
		<object position_x="5000" position_y="1700" position_z="0" size_x="585" size_y="373" >Test2</object>
		<object position_x="3616" position_y="1706" position_z="0" size_x="400" size_y="400" >Test3</object>
		<object position_x="3740" position_y="1706" position_z="0" size_x="400" size_y="400" >Test3</object>
		<object position_x="2935" position_y="1721" position_z="0" size_x="400" size_y="400" >Test3</object>
		<object position_x="3184" position_y="1721" position_z="0" size_x="400" size_y="400" >Test3</object>
		<object position_x="2803" position_y="1728" position_z="0" size_x="400" size_y="400" >Test3</object>
		<object position_x="1603" position_y="1735" position_z="0" size_x="400" size_y="400" >Test3</object>
		<object position_x="2664" position_y="1735" position_z="0" size_x="400" size_y="400" >Test3</object>
		<object position_x="2364" position_y="1743" position_z="0" size_x="400" size_y="400" >Test3</object>
		<object position_x="2532" position_y="1743" position_z="0" size_x="400" size_y="400" >Test3</object>
		<object position_x="2210" position_y="1750" position_z="0" size_x="400" size_y="400" >Test3</object>
		<object position_x="5000" position_y="1750" position_z="0" size_x="585" size_y="373" >Test2</object>
		<object position_x="5500" position_y="1750" position_z="0" size_x="585" size_y="373" >Test2</object>
		<object position_x="2005" position_y="1757" position_z="0" size_x="400" size_y="400" >Test3</object>
		<object position_x="2071" position_y="1757" position_z="0" size_x="400" size_y="400" >Test3</object>
		<object position_x="1844" position_y="1772" position_z="0" size_x="400" size_y="400" >Test3</object>
		<object position_x="1793" position_y="1779" position_z="0" size_x="400" size_y="400" >Test3</object>
		<object position_x="5000" position_y="1800" position_z="0" size_x="585" size_y="373" >Test2</object>
		<object position_x="5000" position_y="1850" position_z="0" size_x="585" size_y="373" >Test2</object>
		<object position_x="5000" position_y="1850" position_z="0" size_x="585" size_y="373" >Test2</object>
		<object position_x="5500" position_y="1850" position_z="0" size_x="585" size_y="373" >Test2</object>
		<object position_x="5500" position_y="1900" position_z="0" size_x="585" size_y="373" >Test2</object>
		<object position_x="5000" position_y="1950" position_z="0" size_x="585" size_y="373" >Test2</object>
		<object position_x="5500" position_y="1950" position_z="0" size_x="585" size_y="373" >Test2</object>
		<object position_x="5000" position_y="2000" position_z="0" size_x="585" size_y="373" >Test2</object>
		<object position_x="1755" position_y="2611" position_z="0" size_x="585" size_y="373" >Test2</object>
		<object position_x="2340" position_y="2611" position_z="0" size_x="585" size_y="373" >Test2</object>
		<object position_x="2925" position_y="2611" position_z="0" size_x="585" size_y="373" >Test2</object>
		<object position_x="4095" position_y="2611" position_z="0" size_x="585" size_y="373" >Test2</object>
		<object position_x="4680" position_y="2611" position_z="0" size_x="585" size_y="373" >Test2</object>
		<object position_x="1755" position_y="2984" position_z="0" size_x="585" size_y="373" >Test2</object>
		<object position_x="2340" position_y="2984" position_z="0" size_x="585" size_y="373" >Test2</object>
		<object position_x="2925" position_y="2984" position_z="0" size_x="585" size_y="373" >Test2</object>
		<object position_x="2925" position_y="2984" position_z="0" size_x="585" size_y="373" >Test2</object>
		<object position_x="3510" position_y="2984" position_z="0" size_x="585" size_y="373" >Test2</object>
		<object position_x="4095" position_y="2984" position_z="0" size_x="585" size_y="373" >Test2</object>
		<object position_x="4680" position_y="2984" position_z="0" size_x="585" size_y="373" >Test2</object>
		<object position_x="5907" position_y="3090" position_z="0" size_x="400" size_y="400" >Test3</object>
		<object position_x="5805" position_y="3142" position_z="0" size_x="400" size_y="400" >Test3</object>
		<object position_x="5819" position_y="3251" position_z="0" size_x="400" size_y="400" >Test3</object>
		<object position_x="5907" position_y="3317" position_z="0" size_x="400" size_y="400" >Test3</object>
		<object position_x="1755" position_y="3357" position_z="0" size_x="585" size_y="373" >Test2</object>
		<object position_x="2340" position_y="3357" position_z="0" size_x="585" size_y="373" >Test2</object>
		<object position_x="2925" position_y="3357" position_z="0" size_x="585" size_y="373" >Test2</object>
		<object position_x="3510" position_y="3357" position_z="0" size_x="585" size_y="373" >Test2</object>
		<object position_x="4095" position_y="3357" position_z="0" size_x="585" size_y="373" >Test2</object>
		<object position_x="4680" position_y="3357" position_z="0" size_x="585" size_y="373" >Test2</object>
		<object position_x="5849" position_y="3398" position_z="0" size_x="400" size_y="400" >Test3</object>
		<object position_x="5849" position_y="3435" position_z="0" size_x="400" size_y="400" >Test3</object>
		<object position_x="5856" position_y="3544" position_z="0" size_x="400" size_y="400" >Test3</object>
		<object position_x="5834" position_y="3640" position_z="0" size_x="400" size_y="400" >Test3</object>
		<object position_x="5819" position_y="3801" position_z="0" size_x="400" size_y="400" >Test3</object>
		<object position_x="5871" position_y="3845" position_z="0" size_x="400" size_y="400" >Test3</object>
		<object position_x="5805" position_y="3933" position_z="0" size_x="400" size_y="400" >Test3</object>
		<object position_x="2340" position_y="4103" position_z="0" size_x="585" size_y="373" >Test2</object>
		<object position_x="2925" position_y="4103" position_z="0" size_x="585" size_y="373" >Test2</object>
		<object position_x="3510" position_y="4103" position_z="0" size_x="585" size_y="373" >Test2</object>
		<object position_x="4095" position_y="4103" position_z="0" size_x="585" size_y="373" >Test2</object>
		<object position_x="5878" position_y="4108" position_z="0" size_x="400" size_y="400" >Test3</object>
		<object position_x="5841" position_y="4174" position_z="0" size_x="400" size_y="400" >Test3</object>
		<object position_x="5885" position_y="4240" position_z="0" size_x="400" size_y="400" >Test3</object>
		<object position_x="5863" position_y="4335" position_z="0" size_x="400" size_y="400" >Test3</object>
		<object position_x="5878" position_y="4475" position_z="0" size_x="400" size_y="400" >Test3</object>
		<object position_x="2340" position_y="4476" position_z="0" size_x="585" size_y="373" >Test2</object>
		<object position_x="2925" position_y="4476" position_z="0" size_x="585" size_y="373" >Test2</object>
		<object position_x="3510" position_y="4476" position_z="0" size_x="585" size_y="373" >Test2</object>
		<object position_x="4095" position_y="4476" position_z="0" size_x="585" size_y="373" >Test2</object>
		<object position_x="5856" position_y="4592" position_z="0" size_x="400" size_y="400" >Test3</object>
		<object position_x="5841" position_y="4628" position_z="0" size_x="400" size_y="400" >Test3</object>
		<object position_x="4385" position_y="1523" position_z="1" size_x="400" size_y="400" >Test3</object>
		<object position_x="5893" position_y="3603" position_z="1" size_x="400" size_y="400" >Test3</object>
	</objects>
	<items>
	</items>
</gamemap>
