<?xml version="1.0" encoding="UTF-8"?>
<gamemap>
	<map width="30" height="30">
		<terrain>Pavement#35</terrain>
		<terrain>Pavement#35</terrain>
		<terrain>Pavement#35</terrain>
		<terrain>Pavement#35</terrain>
		<terrain>Pavement#35</terrain>
		<terrain>Pavement#35</terrain>
		<terrain>Pavement#35</terrain>
		<terrain>Pavement#35</terrain>
		<terrain>Pavement#35</terrain>
		<terrain>Pavement#35</terrain>
		<terrain>Grass1#0</terrain>
		<terrain>Grass1#0</terrain>
		<terrain>Grass1#0</terrain>
		<terrain>Grass1#0</terrain>
		<terrain>Pavement#3</terrain>
		<terrain>Grass1#0</terrain>
		<terrain>Pavement#3</terrain>
		<terrain>Pavement#3</terrain>
		<terrain>Pavement#3</terrain>
		<terrain>Pavement#3</terrain>
		<terrain>Pavement#3</terrain>
		<terrain>Pavement#3</terrain>
		<terrain>Pavement#3</terrain>
		<terrain>Pavement#3</terrain>
		<terrain>Pavement#3</terrain>
		<terrain>Pavement#3</terrain>
		<terrain>Pavement#3</terrain>
		<terrain>Pavement#3</terrain>
		<terrain>Pavement#3</terrain>
		<terrain>Pavement#3</terrain>
		<terrain>Pavement#35</terrain>
		<terrain>Pavement#35</terrain>
		<terrain>Pavement#35</terrain>
		<terrain>Pavement#35</terrain>
		<terrain>Pavement#35</terrain>
		<terrain>Pavement#35</terrain>
		<terrain>Pavement#35</terrain>
		<terrain>Pavement#35</terrain>
		<terrain>Pavement#35</terrain>
		<terrain>Grass1#0</terrain>
		<terrain>Grass1#0</terrain>
		<terrain>Grass1#0</terrain>
		<terrain>Grass1#0</terrain>
		<terrain>Grass1#0</terrain>
		<terrain>Grass1#0</terrain>
		<terrain>Grass1#0</terrain>
		<terrain>Grass1#0</terrain>
		<terrain>Pavement#3</terrain>
		<terrain>Pavement#3</terrain>
		<terrain>Pavement#3</terrain>
		<terrain>Pavement#3</terrain>
		<terrain>Pavement#3</terrain>
		<terrain>Pavement#3</terrain>
		<terrain>Pavement#3</terrain>
		<terrain>Pavement#3</terrain>
		<terrain>Pavement#3</terrain>
		<terrain>Pavement#3</terrain>
		<terrain>Pavement#3</terrain>
		<terrain>Pavement#3</terrain>
		<terrain>Pavement#3</terrain>
		<terrain>Pavement#35</terrain>
		<terrain>Pavement#35</terrain>
		<terrain>Pavement#35</terrain>
		<terrain>Pavement#35</terrain>
		<terrain>Pavement#35</terrain>
		<terrain>Pavement#35</terrain>
		<terrain>Pavement#35</terrain>
		<terrain>Pavement#35</terrain>
		<terrain>Grass1#0</terrain>
		<terrain>Grass1#0</terrain>
		<terrain>Grass1#0</terrain>
		<terrain>Grass1#0</terrain>
		<terrain>Grass1#0</terrain>
		<terrain>Grass1#0</terrain>
		<terrain>Grass1#0</terrain>
		<terrain>Grass1#0</terrain>
		<terrain>Grass1#0</terrain>
		<terrain>Grass1#0</terrain>
		<terrain>Grass1#0</terrain>
		<terrain>Pavement#3</terrain>
		<terrain>Pavement#3</terrain>
		<terrain>Pavement#3</terrain>
		<terrain>Pavement#3</terrain>
		<terrain>Pavement#3</terrain>
		<terrain>Pavement#3</terrain>
		<terrain>Pavement#3</terrain>
		<terrain>Pavement#3</terrain>
		<terrain>Pavement#3</terrain>
		<terrain>Pavement#3</terrain>
		<terrain>Pavement#3</terrain>
		<terrain>Pavement#35</terrain>
		<terrain>Pavement#35</terrain>
		<terrain>Pavement#35</terrain>
		<terrain>Pavement#35</terrain>
		<terrain>Pavement#35</terrain>
		<terrain>Pavement#35</terrain>
		<terrain>Pavement#35</terrain>
		<terrain>Grass1#0</terrain>
		<terrain>Grass1#0</terrain>
		<terrain>Grass1#0</terrain>
		<terrain>Grass1#0</terrain>
		<terrain>Grass1#0</terrain>
		<terrain>Grass1#0</terrain>
		<terrain>Grass1#0</terrain>
		<terrain>Grass1#0</terrain>
		<terrain>Grass1#0</terrain>
		<terrain>Grass1#0</terrain>
		<terrain>Grass1#0</terrain>
		<terrain>Pavement#3</terrain>
		<terrain>Pavement#3</terrain>
		<terrain>Pavement#3</terrain>
		<terrain>Pavement#3</terrain>
		<terrain>Pavement#3</terrain>
		<terrain>Pavement#3</terrain>
		<terrain>Pavement#3</terrain>
		<terrain>Pavement#3</terrain>
		<terrain>Pavement#3</terrain>
		<terrain>Pavement#3</terrain>
		<terrain>Pavement#3</terrain>
		<terrain>Pavement#3</terrain>
		<terrain>Pavement#35</terrain>
		<terrain>Pavement#35</terrain>
		<terrain>Pavement#35</terrain>
		<terrain>Pavement#35</terrain>
		<terrain>Pavement#35</terrain>
		<terrain>Pavement#35</terrain>
		<terrain>Grass1#0</terrain>
		<terrain>Grass1#0</terrain>
		<terrain>Grass1#0</terrain>
		<terrain>Pavement#18</terrain>
		<terrain>Pavement#18</terrain>
		<terrain>Pavement#18</terrain>
		<terrain>Pavement#18</terrain>
		<terrain>Pavement#18</terrain>
		<terrain>Pavement#18</terrain>
		<terrain>Pavement#18</terrain>
		<terrain>Pavement#18</terrain>
		<terrain>Pavement#18</terrain>
		<terrain>Pavement#18</terrain>
		<terrain>Grass1#0</terrain>
		<terrain>Pavement#3</terrain>
		<terrain>Pavement#3</terrain>
		<terrain>Pavement#3</terrain>
		<terrain>Pavement#3</terrain>
		<terrain>Pavement#3</terrain>
		<terrain>Pavement#3</terrain>
		<terrain>Pavement#3</terrain>
		<terrain>Pavement#3</terrain>
		<terrain>Pavement#3</terrain>
		<terrain>Pavement#3</terrain>
		<terrain>Pavement#35</terrain>
		<terrain>Pavement#35</terrain>
		<terrain>Pavement#35</terrain>
		<terrain>Pavement#35</terrain>
		<terrain>Pavement#35</terrain>
		<terrain>Grass1#0</terrain>
		<terrain>Grass1#0</terrain>
		<terrain>Grass1#0</terrain>
		<terrain>Grass1#0</terrain>
		<terrain>Pavement#18</terrain>
		<terrain>Grass#0</terrain>
		<terrain>Grass#0</terrain>
		<terrain>Grass#0</terrain>
		<terrain>Grass#0</terrain>
		<terrain>Grass#0</terrain>
		<terrain>Grass#0</terrain>
		<terrain>Grass#0</terrain>
		<terrain>Grass#0</terrain>
		<terrain>Pavement#18</terrain>
		<terrain>Grass1#0</terrain>
		<terrain>Grass1#0</terrain>
		<terrain>Pavement#3</terrain>
		<terrain>Pavement#3</terrain>
		<terrain>Pavement#3</terrain>
		<terrain>Pavement#3</terrain>
		<terrain>Pavement#3</terrain>
		<terrain>Pavement#3</terrain>
		<terrain>Pavement#3</terrain>
		<terrain>Pavement#3</terrain>
		<terrain>Pavement#3</terrain>
		<terrain>Pavement#35</terrain>
		<terrain>Pavement#35</terrain>
		<terrain>Pavement#35</terrain>
		<terrain>Pavement#35</terrain>
		<terrain>Grass1#0</terrain>
		<terrain>Grass1#0</terrain>
		<terrain>Grass1#0</terrain>
		<terrain>Grass1#0</terrain>
		<terrain>Grass1#0</terrain>
		<terrain>Pavement#18</terrain>
		<terrain>Grass#0</terrain>
		<terrain>Grass#0</terrain>
		<terrain>Grass#0</terrain>
		<terrain>Grass#0</terrain>
		<terrain>Grass#0</terrain>
		<terrain>Grass#0</terrain>
		<terrain>Grass#0</terrain>
		<terrain>Grass#0</terrain>
		<terrain>Pavement#18</terrain>
		<terrain>Grass1#0</terrain>
		<terrain>Grass1#0</terrain>
		<terrain>Grass1#0</terrain>
		<terrain>Pavement#3</terrain>
		<terrain>Pavement#3</terrain>
		<terrain>Pavement#3</terrain>
		<terrain>Pavement#3</terrain>
		<terrain>Pavement#3</terrain>
		<terrain>Pavement#3</terrain>
		<terrain>Pavement#3</terrain>
		<terrain>Pavement#3</terrain>
		<terrain>Pavement#35</terrain>
		<terrain>Pavement#35</terrain>
		<terrain>Pavement#35</terrain>
		<terrain>Grass1#0</terrain>
		<terrain>Grass1#0</terrain>
		<terrain>Grass1#0</terrain>
		<terrain>Grass1#0</terrain>
		<terrain>Grass1#0</terrain>
		<terrain>Grass1#0</terrain>
		<terrain>Pavement#18</terrain>
		<terrain>Grass#0</terrain>
		<terrain>Grass#0</terrain>
		<terrain>Grass#0</terrain>
		<terrain>Grass#0</terrain>
		<terrain>Grass#0</terrain>
		<terrain>Grass#0</terrain>
		<terrain>Grass#0</terrain>
		<terrain>Grass#0</terrain>
		<terrain>Pavement#18</terrain>
		<terrain>Grass1#0</terrain>
		<terrain>Grass1#0</terrain>
		<terrain>Grass1#0</terrain>
		<terrain>Grass1#0</terrain>
		<terrain>Pavement#3</terrain>
		<terrain>Pavement#3</terrain>
		<terrain>Pavement#3</terrain>
		<terrain>Pavement#3</terrain>
		<terrain>Pavement#3</terrain>
		<terrain>Pavement#3</terrain>
		<terrain>Grass1#0</terrain>
		<terrain>Pavement#35</terrain>
		<terrain>Pavement#35</terrain>
		<terrain>Grass1#0</terrain>
		<terrain>Grass1#0</terrain>
		<terrain>Grass1#0</terrain>
		<terrain>Grass1#0</terrain>
		<terrain>Grass1#0</terrain>
		<terrain>Grass1#0</terrain>
		<terrain>Grass1#0</terrain>
		<terrain>Pavement#18</terrain>
		<terrain>Grass#0</terrain>
		<terrain>Grass#0</terrain>
		<terrain>Grass#0</terrain>
		<terrain>Grass#0</terrain>
		<terrain>Grass#0</terrain>
		<terrain>Grass#0</terrain>
		<terrain>Grass#0</terrain>
		<terrain>Grass#0</terrain>
		<terrain>Pavement#18</terrain>
		<terrain>Grass1#0</terrain>
		<terrain>Grass1#0</terrain>
		<terrain>Grass1#0</terrain>
		<terrain>Grass1#0</terrain>
		<terrain>Grass1#0</terrain>
		<terrain>Grass#0</terrain>
		<terrain>Pavement#3</terrain>
		<terrain>Pavement#3</terrain>
		<terrain>Pavement#3</terrain>
		<terrain>Grass1#0</terrain>
		<terrain>Grass1#0</terrain>
		<terrain>Pavement#35</terrain>
		<terrain>Grass1#0</terrain>
		<terrain>Grass1#0</terrain>
		<terrain>Grass1#0</terrain>
		<terrain>Grass1#0</terrain>
		<terrain>Grass1#0</terrain>
		<terrain>Grass1#0</terrain>
		<terrain>Grass1#0</terrain>
		<terrain>Grass1#0</terrain>
		<terrain>Pavement#18</terrain>
		<terrain>Grass#0</terrain>
		<terrain>Grass#0</terrain>
		<terrain>Grass#0</terrain>
		<terrain>Grass#0</terrain>
		<terrain>Grass#0</terrain>
		<terrain>Grass#0</terrain>
		<terrain>Grass#0</terrain>
		<terrain>Grass#0</terrain>
		<terrain>Pavement#18</terrain>
		<terrain>Grass1#0</terrain>
		<terrain>Grass1#0</terrain>
		<terrain>Grass1#0</terrain>
		<terrain>Grass1#0</terrain>
		<terrain>Grass1#0</terrain>
		<terrain>Grass#0</terrain>
		<terrain>Grass#0</terrain>
		<terrain>Pavement#3</terrain>
		<terrain>Grass1#0</terrain>
		<terrain>Grass1#0</terrain>
		<terrain>Grass1#0</terrain>
		<terrain>Grass1#0</terrain>
		<terrain>Grass1#0</terrain>
		<terrain>Grass1#0</terrain>
		<terrain>Grass1#0</terrain>
		<terrain>Grass1#0</terrain>
		<terrain>Grass1#0</terrain>
		<terrain>Grass1#0</terrain>
		<terrain>Grass1#0</terrain>
		<terrain>Grass1#0</terrain>
		<terrain>Pavement#18</terrain>
		<terrain>Grass#0</terrain>
		<terrain>Grass#0</terrain>
		<terrain>Grass#0</terrain>
		<terrain>Grass#0</terrain>
		<terrain>Grass#0</terrain>
		<terrain>Grass#0</terrain>
		<terrain>Grass#0</terrain>
		<terrain>Grass#0</terrain>
		<terrain>Pavement#18</terrain>
		<terrain>Grass1#0</terrain>
		<terrain>Grass1#0</terrain>
		<terrain>Grass1#0</terrain>
		<terrain>Grass1#0</terrain>
		<terrain>Grass1#0</terrain>
		<terrain>Grass#0</terrain>
		<terrain>Grass#0</terrain>
		<terrain>Grass1#0</terrain>
		<terrain>Grass1#0</terrain>
		<terrain>Grass1#0</terrain>
		<terrain>Grass1#0</terrain>
		<terrain>Grass1#0</terrain>
		<terrain>Grass1#0</terrain>
		<terrain>Grass1#0</terrain>
		<terrain>Grass1#0</terrain>
		<terrain>Grass1#0</terrain>
		<terrain>Grass1#0</terrain>
		<terrain>Grass1#0</terrain>
		<terrain>Grass1#0</terrain>
		<terrain>Grass1#0</terrain>
		<terrain>Pavement#18</terrain>
		<terrain>Grass#0</terrain>
		<terrain>Grass#0</terrain>
		<terrain>Grass#0</terrain>
		<terrain>Grass#0</terrain>
		<terrain>Grass#0</terrain>
		<terrain>Grass#0</terrain>
		<terrain>Grass#0</terrain>
		<terrain>Grass#0</terrain>
		<terrain>Pavement#18</terrain>
		<terrain>Grass1#0</terrain>
		<terrain>Grass1#0</terrain>
		<terrain>Grass1#0</terrain>
		<terrain>Grass1#0</terrain>
		<terrain>Grass1#0</terrain>
		<terrain>Grass#0</terrain>
		<terrain>Grass#0</terrain>
		<terrain>Grass1#0</terrain>
		<terrain>Grass1#0</terrain>
		<terrain>Grass1#0</terrain>
		<terrain>Grass1#0</terrain>
		<terrain>Grass1#0</terrain>
		<terrain>Grass1#0</terrain>
		<terrain>Grass1#0</terrain>
		<terrain>Grass1#0</terrain>
		<terrain>Grass1#0</terrain>
		<terrain>Grass1#0</terrain>
		<terrain>Grass1#0</terrain>
		<terrain>Grass1#0</terrain>
		<terrain>Grass1#0</terrain>
		<terrain>Pavement#18</terrain>
		<terrain>Pavement#18</terrain>
		<terrain>Pavement#18</terrain>
		<terrain>Pavement#18</terrain>
		<terrain>Grass#0</terrain>
		<terrain>Grass#0</terrain>
		<terrain>Pavement#18</terrain>
		<terrain>Pavement#18</terrain>
		<terrain>Pavement#18</terrain>
		<terrain>Pavement#18</terrain>
		<terrain>Grass1#0</terrain>
		<terrain>Grass1#0</terrain>
		<terrain>Grass1#0</terrain>
		<terrain>Grass1#0</terrain>
		<terrain>Grass1#0</terrain>
		<terrain>Grass#0</terrain>
		<terrain>Grass#0</terrain>
		<terrain>Grass1#0</terrain>
		<terrain>Grass1#0</terrain>
		<terrain>Grass1#0</terrain>
		<terrain>Grass1#0</terrain>
		<terrain>Grass1#0</terrain>
		<terrain>Grass1#0</terrain>
		<terrain>Grass1#0</terrain>
		<terrain>Grass1#0</terrain>
		<terrain>Grass1#0</terrain>
		<terrain>Grass1#0</terrain>
		<terrain>Grass1#0</terrain>
		<terrain>Grass1#0</terrain>
		<terrain>Grass1#0</terrain>
		<terrain>Grass1#0</terrain>
		<terrain>Grass1#0</terrain>
		<terrain>Grass1#0</terrain>
		<terrain>Grass1#0</terrain>
		<terrain>Grass#0</terrain>
		<terrain>Grass#0</terrain>
		<terrain>Grass1#0</terrain>
		<terrain>Grass1#0</terrain>
		<terrain>Grass1#0</terrain>
		<terrain>Grass1#0</terrain>
		<terrain>Grass1#0</terrain>
		<terrain>Grass1#0</terrain>
		<terrain>Grass1#0</terrain>
		<terrain>Grass1#0</terrain>
		<terrain>Grass1#0</terrain>
		<terrain>Grass#0</terrain>
		<terrain>Grass#0</terrain>
		<terrain>Grass1#0</terrain>
		<terrain>Grass1#0</terrain>
		<terrain>Grass1#0</terrain>
		<terrain>Grass1#0</terrain>
		<terrain>Grass1#0</terrain>
		<terrain>Grass1#0</terrain>
		<terrain>Grass1#0</terrain>
		<terrain>Grass1#0</terrain>
		<terrain>Grass1#0</terrain>
		<terrain>Grass1#0</terrain>
		<terrain>Grass1#0</terrain>
		<terrain>Grass1#0</terrain>
		<terrain>Grass1#0</terrain>
		<terrain>Grass1#0</terrain>
		<terrain>Grass1#0</terrain>
		<terrain>Grass1#0</terrain>
		<terrain>Grass1#0</terrain>
		<terrain>Grass#0</terrain>
		<terrain>Grass#0</terrain>
		<terrain>Grass1#0</terrain>
		<terrain>Grass1#0</terrain>
		<terrain>Grass1#0</terrain>
		<terrain>Grass1#0</terrain>
		<terrain>Grass1#0</terrain>
		<terrain>Grass1#0</terrain>
		<terrain>Grass1#0</terrain>
		<terrain>Grass1#0</terrain>
		<terrain>Grass1#0</terrain>
		<terrain>Grass#0</terrain>
		<terrain>Grass#0</terrain>
		<terrain>Grass1#0</terrain>
		<terrain>Grass1#0</terrain>
		<terrain>Grass1#0</terrain>
		<terrain>Grass1#0</terrain>
		<terrain>Grass1#0</terrain>
		<terrain>Grass1#0</terrain>
		<terrain>Grass1#0</terrain>
		<terrain>Pavement#50</terrain>
		<terrain>Pavement#50</terrain>
		<terrain>Pavement#50</terrain>
		<terrain>Grass1#0</terrain>
		<terrain>Grass1#0</terrain>
		<terrain>Grass1#0</terrain>
		<terrain>Grass1#0</terrain>
		<terrain>Grass1#0</terrain>
		<terrain>Grass1#0</terrain>
		<terrain>Grass1#0</terrain>
		<terrain>Grass#0</terrain>
		<terrain>Grass#0</terrain>
		<terrain>Grass1#0</terrain>
		<terrain>Grass1#0</terrain>
		<terrain>Grass1#0</terrain>
		<terrain>Grass1#0</terrain>
		<terrain>Grass1#0</terrain>
		<terrain>Grass1#0</terrain>
		<terrain>Grass1#0</terrain>
		<terrain>Grass1#0</terrain>
		<terrain>Grass1#0</terrain>
		<terrain>Grass#0</terrain>
		<terrain>Grass#0</terrain>
		<terrain>Grass1#0</terrain>
		<terrain>Grass1#0</terrain>
		<terrain>Grass1#0</terrain>
		<terrain>Grass1#0</terrain>
		<terrain>Grass1#0</terrain>
		<terrain>Grass1#0</terrain>
		<terrain>Grass1#0</terrain>
		<terrain>Pavement#50</terrain>
		<terrain>Grass1#0</terrain>
		<terrain>Grass1#0</terrain>
		<terrain>Pavement#50</terrain>
		<terrain>Pavement#50</terrain>
		<terrain>Grass1#0</terrain>
		<terrain>Grass1#0</terrain>
		<terrain>Grass1#0</terrain>
		<terrain>Grass1#0</terrain>
		<terrain>Grass1#0</terrain>
		<terrain>Grass#0</terrain>
		<terrain>Grass#0</terrain>
		<terrain>Grass1#0</terrain>
		<terrain>Grass1#0</terrain>
		<terrain>Grass1#0</terrain>
		<terrain>Grass1#0</terrain>
		<terrain>Grass1#0</terrain>
		<terrain>Grass1#0</terrain>
		<terrain>Grass1#0</terrain>
		<terrain>Grass1#0</terrain>
		<terrain>Grass1#0</terrain>
		<terrain>Grass#0</terrain>
		<terrain>Grass#0</terrain>
		<terrain>Grass1#0</terrain>
		<terrain>Grass1#0</terrain>
		<terrain>Grass1#0</terrain>
		<terrain>Grass1#0</terrain>
		<terrain>Grass1#0</terrain>
		<terrain>Grass1#0</terrain>
		<terrain>Pavement#50</terrain>
		<terrain>Pavement#50</terrain>
		<terrain>Pavement#50</terrain>
		<terrain>Pavement#50</terrain>
		<terrain>Pavement#50</terrain>
		<terrain>Pavement#50</terrain>
		<terrain>Pavement#50</terrain>
		<terrain>Pavement#50</terrain>
		<terrain>Pavement#50</terrain>
		<terrain>Grass1#0</terrain>
		<terrain>Grass1#0</terrain>
		<terrain>Grass#0</terrain>
		<terrain>Grass#0</terrain>
		<terrain>Grass1#0</terrain>
		<terrain>Grass1#0</terrain>
		<terrain>Grass1#0</terrain>
		<terrain>Grass1#0</terrain>
		<terrain>Grass1#0</terrain>
		<terrain>Grass1#0</terrain>
		<terrain>Grass1#0</terrain>
		<terrain>Grass1#0</terrain>
		<terrain>Grass1#0</terrain>
		<terrain>Grass#0</terrain>
		<terrain>Grass#0</terrain>
		<terrain>Grass1#0</terrain>
		<terrain>Grass1#0</terrain>
		<terrain>Grass1#0</terrain>
		<terrain>Grass1#0</terrain>
		<terrain>Grass1#0</terrain>
		<terrain>Pavement#50</terrain>
		<terrain>Grass1#0</terrain>
		<terrain>Pavement#50</terrain>
		<terrain>Pavement#50</terrain>
		<terrain>Pavement#50</terrain>
		<terrain>Pavement#50</terrain>
		<terrain>Pavement#50</terrain>
		<terrain>Pavement#50</terrain>
		<terrain>Pavement#50</terrain>
		<terrain>Pavement#50</terrain>
		<terrain>Grass1#0</terrain>
		<terrain>Grass1#0</terrain>
		<terrain>Grass#0</terrain>
		<terrain>Grass#0</terrain>
		<terrain>Grass1#0</terrain>
		<terrain>Grass1#0</terrain>
		<terrain>Grass1#0</terrain>
		<terrain>Grass1#0</terrain>
		<terrain>Grass1#0</terrain>
		<terrain>Grass1#0</terrain>
		<terrain>Grass1#0</terrain>
		<terrain>Grass1#0</terrain>
		<terrain>Grass1#0</terrain>
		<terrain>Grass#0</terrain>
		<terrain>Grass#0</terrain>
		<terrain>Grass1#0</terrain>
		<terrain>Grass1#0</terrain>
		<terrain>Grass1#0</terrain>
		<terrain>Grass1#0</terrain>
		<terrain>Grass1#0</terrain>
		<terrain>Pavement#50</terrain>
		<terrain>Grass1#0</terrain>
		<terrain>Pavement#50</terrain>
		<terrain>Pavement#50</terrain>
		<terrain>Pavement#50</terrain>
		<terrain>Pavement#50</terrain>
		<terrain>Pavement#50</terrain>
		<terrain>Pavement#50</terrain>
		<terrain>Pavement#50</terrain>
		<terrain>Pavement#50</terrain>
		<terrain>Pavement#50</terrain>
		<terrain>Grass1#0</terrain>
		<terrain>Grass#0</terrain>
		<terrain>Grass#0</terrain>
		<terrain>Grass#0</terrain>
		<terrain>Grass#0</terrain>
		<terrain>Grass#0</terrain>
		<terrain>Grass#0</terrain>
		<terrain>Grass#0</terrain>
		<terrain>Grass#0</terrain>
		<terrain>Grass#0</terrain>
		<terrain>Grass#0</terrain>
		<terrain>Grass#0</terrain>
		<terrain>Grass#0</terrain>
		<terrain>Grass#0</terrain>
		<terrain>Grass1#0</terrain>
		<terrain>Grass1#0</terrain>
		<terrain>Grass1#0</terrain>
		<terrain>Grass1#0</terrain>
		<terrain>Pavement#50</terrain>
		<terrain>Grass1#0</terrain>
		<terrain>Grass1#0</terrain>
		<terrain>Pavement#50</terrain>
		<terrain>Pavement#50</terrain>
		<terrain>Pavement#50</terrain>
		<terrain>Pavement#50</terrain>
		<terrain>Pavement#50</terrain>
		<terrain>Pavement#50</terrain>
		<terrain>Pavement#50</terrain>
		<terrain>Pavement#50</terrain>
		<terrain>Pavement#50</terrain>
		<terrain>Grass1#0</terrain>
		<terrain>Grass#0</terrain>
		<terrain>Grass#0</terrain>
		<terrain>Grass#0</terrain>
		<terrain>Grass#0</terrain>
		<terrain>Grass#0</terrain>
		<terrain>Grass#0</terrain>
		<terrain>Grass#0</terrain>
		<terrain>Grass#0</terrain>
		<terrain>Grass#0</terrain>
		<terrain>Grass#0</terrain>
		<terrain>Grass#0</terrain>
		<terrain>Grass#0</terrain>
		<terrain>Grass#0</terrain>
		<terrain>Grass1#0</terrain>
		<terrain>Grass1#0</terrain>
		<terrain>Grass1#0</terrain>
		<terrain>Grass1#0</terrain>
		<terrain>Grass1#0</terrain>
		<terrain>Grass1#0</terrain>
		<terrain>Grass1#0</terrain>
		<terrain>Pavement#50</terrain>
		<terrain>Pavement#50</terrain>
		<terrain>Pavement#50</terrain>
		<terrain>Pavement#50</terrain>
		<terrain>Pavement#50</terrain>
		<terrain>Pavement#50</terrain>
		<terrain>Pavement#50</terrain>
		<terrain>Pavement#50</terrain>
		<terrain>Pavement#50</terrain>
		<terrain>Grass1#0</terrain>
		<terrain>Grass1#0</terrain>
		<terrain>Grass1#0</terrain>
		<terrain>Grass1#0</terrain>
		<terrain>Grass1#0</terrain>
		<terrain>Grass1#0</terrain>
		<terrain>Grass1#0</terrain>
		<terrain>Grass1#0</terrain>
		<terrain>Grass1#0</terrain>
		<terrain>Grass1#0</terrain>
		<terrain>Grass1#0</terrain>
		<terrain>Grass1#0</terrain>
		<terrain>Grass1#0</terrain>
		<terrain>Grass1#0</terrain>
		<terrain>Grass1#0</terrain>
		<terrain>Grass1#0</terrain>
		<terrain>Grass1#0</terrain>
		<terrain>Grass1#0</terrain>
		<terrain>Pavement#50</terrain>
		<terrain>Pavement#50</terrain>
		<terrain>Pavement#50</terrain>
		<terrain>Pavement#50</terrain>
		<terrain>Pavement#50</terrain>
		<terrain>Pavement#50</terrain>
		<terrain>Pavement#50</terrain>
		<terrain>Pavement#50</terrain>
		<terrain>Pavement#50</terrain>
		<terrain>Pavement#50</terrain>
		<terrain>Pavement#50</terrain>
		<terrain>Pavement#50</terrain>
		<terrain>Grass1#0</terrain>
		<terrain>Grass1#0</terrain>
		<terrain>Grass1#0</terrain>
		<terrain>Grass1#0</terrain>
		<terrain>Grass1#0</terrain>
		<terrain>Grass1#0</terrain>
		<terrain>Grass1#0</terrain>
		<terrain>Grass1#0</terrain>
		<terrain>Grass1#0</terrain>
		<terrain>Grass1#0</terrain>
		<terrain>Grass1#0</terrain>
		<terrain>Grass1#0</terrain>
		<terrain>Grass1#0</terrain>
		<terrain>Grass1#0</terrain>
		<terrain>Grass1#0</terrain>
		<terrain>Grass1#0</terrain>
		<terrain>Grass1#0</terrain>
		<terrain>Grass1#0</terrain>
		<terrain>Pavement#50</terrain>
		<terrain>Pavement#50</terrain>
		<terrain>Pavement#50</terrain>
		<terrain>Pavement#50</terrain>
		<terrain>Pavement#50</terrain>
		<terrain>Pavement#50</terrain>
		<terrain>Pavement#50</terrain>
		<terrain>Pavement#50</terrain>
		<terrain>Pavement#50</terrain>
		<terrain>Pavement#50</terrain>
		<terrain>Pavement#50</terrain>
		<terrain>Pavement#50</terrain>
		<terrain>Grass1#0</terrain>
		<terrain>Grass1#0</terrain>
		<terrain>Grass1#0</terrain>
		<terrain>Grass1#0</terrain>
		<terrain>Grass1#0</terrain>
		<terrain>Grass1#0</terrain>
		<terrain>Grass1#0</terrain>
		<terrain>Grass1#0</terrain>
		<terrain>Grass1#0</terrain>
		<terrain>Grass1#0</terrain>
		<terrain>Grass1#0</terrain>
		<terrain>Grass1#0</terrain>
		<terrain>Grass1#0</terrain>
		<terrain>Grass1#0</terrain>
		<terrain>Grass1#0</terrain>
		<terrain>Grass1#0</terrain>
		<terrain>Grass1#0</terrain>
		<terrain>Grass1#0</terrain>
		<terrain>Grass1#0</terrain>
		<terrain>Grass1#0</terrain>
		<terrain>Grass1#0</terrain>
		<terrain>Grass1#0</terrain>
		<terrain>Grass1#0</terrain>
		<terrain>Pavement#50</terrain>
		<terrain>Pavement#50</terrain>
		<terrain>Pavement#50</terrain>
		<terrain>Pavement#50</terrain>
		<terrain>Grass1#0</terrain>
		<terrain>Pavement#50</terrain>
		<terrain>Grass1#0</terrain>
		<terrain>Grass1#0</terrain>
		<terrain>Grass1#0</terrain>
		<terrain>Grass1#0</terrain>
		<terrain>Grass1#0</terrain>
		<terrain>Grass1#0</terrain>
		<terrain>Grass1#0</terrain>
		<terrain>Grass1#0</terrain>
		<terrain>Grass1#0</terrain>
		<terrain>Grass1#0</terrain>
		<terrain>Grass1#0</terrain>
		<terrain>Grass1#0</terrain>
		<terrain>Grass1#0</terrain>
		<terrain>Grass1#0</terrain>
		<terrain>Grass1#0</terrain>
		<terrain>Grass1#0</terrain>
		<terrain>Grass1#0</terrain>
		<terrain>Grass1#0</terrain>
		<terrain>Grass1#0</terrain>
		<terrain>Grass1#0</terrain>
		<terrain>Grass1#0</terrain>
		<terrain>Grass1#0</terrain>
		<terrain>Grass1#0</terrain>
		<terrain>Grass1#0</terrain>
		<terrain>Grass1#0</terrain>
		<terrain>Pavement#50</terrain>
		<terrain>Pavement#50</terrain>
		<terrain>Pavement#50</terrain>
		<terrain>Grass1#0</terrain>
		<terrain>Pavement#50</terrain>
		<terrain>Grass1#0</terrain>
		<terrain>Pavement#50</terrain>
		<terrain>Grass1#0</terrain>
		<terrain>Grass1#0</terrain>
		<terrain>Grass1#0</terrain>
		<terrain>Grass1#0</terrain>
		<terrain>Grass1#0</terrain>
		<terrain>Grass1#0</terrain>
		<terrain>Grass1#0</terrain>
		<terrain>Grass1#0</terrain>
		<terrain>Grass1#0</terrain>
		<terrain>Grass1#0</terrain>
		<terrain>Grass1#0</terrain>
		<terrain>Grass1#0</terrain>
		<terrain>Grass1#0</terrain>
		<terrain>Grass1#0</terrain>
		<terrain>Grass1#0</terrain>
		<terrain>Grass1#0</terrain>
		<terrain>Grass1#0</terrain>
		<terrain>Grass1#0</terrain>
		<terrain>Grass1#0</terrain>
		<terrain>Grass1#0</terrain>
		<terrain>Grass1#0</terrain>
		<terrain>Grass1#0</terrain>
		<terrain>Pavement#50</terrain>
		<terrain>Pavement#50</terrain>
		<terrain>Pavement#50</terrain>
		<terrain>Pavement#50</terrain>
		<terrain>Pavement#50</terrain>
		<terrain>Pavement#50</terrain>
		<terrain>Pavement#50</terrain>
		<terrain>Pavement#50</terrain>
		<terrain>Grass1#0</terrain>
		<terrain>Grass1#0</terrain>
		<terrain>Grass1#0</terrain>
		<terrain>Grass1#0</terrain>
		<terrain>Grass1#0</terrain>
		<terrain>Grass1#0</terrain>
		<terrain>Grass1#0</terrain>
		<terrain>Grass1#0</terrain>
		<terrain>Grass1#0</terrain>
		<terrain>Grass1#0</terrain>
		<terrain>Grass1#0</terrain>
		<terrain>Grass1#0</terrain>
		<terrain>Grass1#0</terrain>
		<terrain>Grass1#0</terrain>
		<terrain>Grass1#0</terrain>
		<terrain>Grass1#0</terrain>
		<terrain>Grass1#0</terrain>
		<terrain>Grass1#0</terrain>
		<terrain>Grass1#0</terrain>
		<terrain>Grass1#0</terrain>
		<terrain>Grass1#0</terrain>
		<terrain>Grass1#0</terrain>
		<terrain>Pavement#50</terrain>
		<terrain>Grass1#0</terrain>
		<terrain>Pavement#50</terrain>
		<terrain>Grass1#0</terrain>
		<terrain>Pavement#50</terrain>
		<terrain>Grass1#0</terrain>
		<terrain>Grass1#0</terrain>
		<terrain>Grass1#0</terrain>
		<terrain>Grass1#0</terrain>
		<terrain>Grass1#0</terrain>
		<terrain>Grass1#0</terrain>
		<terrain>Grass1#0</terrain>
		<terrain>Grass1#0</terrain>
		<terrain>Grass1#0</terrain>
		<terrain>Grass1#0</terrain>
		<terrain>Grass1#0</terrain>
		<terrain>Grass1#0</terrain>
		<terrain>Grass1#0</terrain>
		<terrain>Grass1#0</terrain>
		<terrain>Grass1#0</terrain>
		<terrain>Grass1#0</terrain>
		<terrain>Grass1#0</terrain>
		<terrain>Grass1#0</terrain>
		<terrain>Grass1#0</terrain>
		<terrain>Grass1#0</terrain>
		<terrain>Grass1#0</terrain>
		<terrain>Grass1#0</terrain>
		<terrain>Grass1#0</terrain>
		<terrain>Grass1#0</terrain>
		<terrain>Grass1#0</terrain>
		<terrain>Grass1#0</terrain>
		<terrain>Grass1#0</terrain>
		<terrain>Grass1#0</terrain>
		<terrain>Grass1#0</terrain>
		<terrain>Grass1#0</terrain>
		<terrain>Grass1#0</terrain>
		<terrain>Grass1#0</terrain>
		<terrain>Grass1#0</terrain>
		<terrain>Grass1#0</terrain>
		<terrain>Grass1#0</terrain>
		<terrain>Grass1#0</terrain>
		<terrain>Grass1#0</terrain>
		<terrain>Grass1#0</terrain>
		<terrain>Grass1#0</terrain>
		<terrain>Grass1#0</terrain>
		<terrain>Grass1#0</terrain>
		<terrain>Grass1#0</terrain>
		<terrain>Grass1#0</terrain>
		<terrain>Grass1#0</terrain>
		<terrain>Grass1#0</terrain>
		<terrain>Grass1#0</terrain>
		<terrain>Grass1#0</terrain>
		<terrain>Grass1#0</terrain>
		<terrain>Grass1#0</terrain>
		<terrain>Grass1#0</terrain>
		<terrain>Grass1#0</terrain>
		<terrain>Grass1#0</terrain>
		<terrain>Grass1#0</terrain>
		<terrain>Grass1#0</terrain>
		<terrain>Grass1#0</terrain>
		<terrain>Grass1#0</terrain>
		<terrain>Grass1#0</terrain>
		<terrain>Grass1#0</terrain>
		<terrain>Grass1#0</terrain>
		<terrain>Grass1#0</terrain>
		<terrain>Grass1#0</terrain>
		<terrain>Grass1#0</terrain>
		<terrain>Grass1#0</terrain>
		<terrain>Grass1#0</terrain>
		<terrain>Grass1#0</terrain>
		<terrain>Grass1#0</terrain>
		<terrain>Grass1#0</terrain>
		<terrain>Grass1#0</terrain>
		<terrain>Grass1#0</terrain>
		<terrain>Grass1#0</terrain>
		<terrain>Grass1#0</terrain>
		<terrain>Grass1#0</terrain>
		<terrain>Grass1#0</terrain>
		<terrain>Grass1#0</terrain>
		<terrain>Grass1#0</terrain>
		<terrain>Grass1#0</terrain>
		<terrain>Grass1#0</terrain>
		<terrain>Grass1#0</terrain>
		<terrain>Grass1#0</terrain>
		<terrain>Grass1#0</terrain>
	</map>
	<objects>
	</objects>
	<items>
	</items>
</gamemap>
