<?xml version="1.0" encoding="UTF-8"?>
<gamemap>
	<map width="30" height="30">
		<terrain>Pavement#4</terrain>
		<terrain>Pavement#3</terrain>
		<terrain>Pavement#3</terrain>
		<terrain>Pavement#3</terrain>
		<terrain>Pavement#3</terrain>
		<terrain>Pavement#3</terrain>
		<terrain>Pavement#3</terrain>
		<terrain>Pavement#3</terrain>
		<terrain>Pavement#3</terrain>
		<terrain>Pavement#3</terrain>
		<terrain>Pavement#3</terrain>
		<terrain>Pavement#3</terrain>
		<terrain>Pavement#3</terrain>
		<terrain>Pavement#3</terrain>
		<terrain>Pavement#3</terrain>
		<terrain>Pavement#3</terrain>
		<terrain>Pavement#3</terrain>
		<terrain>Pavement#3</terrain>
		<terrain>Pavement#3</terrain>
		<terrain>Pavement#3</terrain>
		<terrain>Pavement#3</terrain>
		<terrain>Pavement#3</terrain>
		<terrain>Pavement#3</terrain>
		<terrain>Pavement#3</terrain>
		<terrain>Pavement#3</terrain>
		<terrain>Pavement#3</terrain>
		<terrain>Pavement#3</terrain>
		<terrain>Pavement#3</terrain>
		<terrain>Pavement#3</terrain>
		<terrain>Pavement#3</terrain>
		<terrain>Pavement#4</terrain>
		<terrain>Pavement#3</terrain>
		<terrain>Pavement#3</terrain>
		<terrain>Pavement#3</terrain>
		<terrain>Pavement#3</terrain>
		<terrain>Pavement#3</terrain>
		<terrain>Pavement#3</terrain>
		<terrain>Pavement#3</terrain>
		<terrain>Pavement#3</terrain>
		<terrain>Pavement#3</terrain>
		<terrain>Pavement#3</terrain>
		<terrain>Pavement#3</terrain>
		<terrain>Pavement#3</terrain>
		<terrain>Pavement#3</terrain>
		<terrain>Pavement#3</terrain>
		<terrain>Pavement#3</terrain>
		<terrain>Pavement#3</terrain>
		<terrain>Pavement#3</terrain>
		<terrain>Pavement#3</terrain>
		<terrain>Pavement#3</terrain>
		<terrain>Pavement#3</terrain>
		<terrain>Pavement#3</terrain>
		<terrain>Pavement#3</terrain>
		<terrain>Pavement#3</terrain>
		<terrain>Pavement#3</terrain>
		<terrain>Pavement#3</terrain>
		<terrain>Pavement#3</terrain>
		<terrain>Pavement#3</terrain>
		<terrain>Pavement#3</terrain>
		<terrain>Pavement#3</terrain>
		<terrain>Pavement#4</terrain>
		<terrain>Pavement#3</terrain>
		<terrain>Pavement#3</terrain>
		<terrain>Pavement#3</terrain>
		<terrain>Pavement#3</terrain>
		<terrain>Pavement#3</terrain>
		<terrain>Pavement#3</terrain>
		<terrain>Pavement#3</terrain>
		<terrain>Pavement#3</terrain>
		<terrain>Pavement#3</terrain>
		<terrain>Pavement#3</terrain>
		<terrain>Pavement#3</terrain>
		<terrain>Pavement#3</terrain>
		<terrain>Pavement#3</terrain>
		<terrain>Pavement#3</terrain>
		<terrain>Pavement#3</terrain>
		<terrain>Pavement#3</terrain>
		<terrain>Pavement#3</terrain>
		<terrain>Pavement#3</terrain>
		<terrain>Pavement#3</terrain>
		<terrain>Pavement#3</terrain>
		<terrain>Pavement#3</terrain>
		<terrain>Pavement#3</terrain>
		<terrain>Pavement#3</terrain>
		<terrain>Pavement#3</terrain>
		<terrain>Pavement#3</terrain>
		<terrain>Pavement#3</terrain>
		<terrain>Pavement#3</terrain>
		<terrain>Pavement#3</terrain>
		<terrain>Pavement#3</terrain>
		<terrain>Pavement#4</terrain>
		<terrain>Pavement#1</terrain>
		<terrain>Pavement#1</terrain>
		<terrain>Pavement#1</terrain>
		<terrain>Pavement#1</terrain>
		<terrain>Pavement#1</terrain>
		<terrain>Pavement#1</terrain>
		<terrain>Pavement#1</terrain>
		<terrain>Pavement#1</terrain>
		<terrain>Pavement#1</terrain>
		<terrain>Pavement#1</terrain>
		<terrain>Pavement#1</terrain>
		<terrain>Pavement#1</terrain>
		<terrain>Pavement#1</terrain>
		<terrain>Pavement#1</terrain>
		<terrain>Pavement#1</terrain>
		<terrain>Pavement#1</terrain>
		<terrain>Pavement#1</terrain>
		<terrain>Pavement#1</terrain>
		<terrain>Pavement#1</terrain>
		<terrain>Pavement#1</terrain>
		<terrain>Pavement#1</terrain>
		<terrain>Pavement#1</terrain>
		<terrain>Pavement#1</terrain>
		<terrain>Pavement#1</terrain>
		<terrain>Pavement#1</terrain>
		<terrain>Pavement#1</terrain>
		<terrain>Pavement#1</terrain>
		<terrain>Pavement#1</terrain>
		<terrain>Pavement#1</terrain>
		<terrain>Pavement#4</terrain>
		<terrain>Pavement#1</terrain>
		<terrain>Pavement#1</terrain>
		<terrain>Pavement#1</terrain>
		<terrain>Pavement#1</terrain>
		<terrain>Pavement#1</terrain>
		<terrain>Pavement#1</terrain>
		<terrain>Pavement#1</terrain>
		<terrain>Pavement#1</terrain>
		<terrain>Pavement#1</terrain>
		<terrain>Pavement#1</terrain>
		<terrain>Pavement#1</terrain>
		<terrain>Pavement#1</terrain>
		<terrain>Pavement#1</terrain>
		<terrain>Pavement#1</terrain>
		<terrain>Pavement#1</terrain>
		<terrain>Pavement#1</terrain>
		<terrain>Pavement#1</terrain>
		<terrain>Pavement#1</terrain>
		<terrain>Pavement#1</terrain>
		<terrain>Pavement#1</terrain>
		<terrain>Pavement#1</terrain>
		<terrain>Pavement#1</terrain>
		<terrain>Pavement#1</terrain>
		<terrain>Pavement#1</terrain>
		<terrain>Pavement#1</terrain>
		<terrain>Pavement#1</terrain>
		<terrain>Pavement#1</terrain>
		<terrain>Pavement#1</terrain>
		<terrain>Pavement#1</terrain>
		<terrain>Pavement#4</terrain>
		<terrain>Pavement#1</terrain>
		<terrain>Pavement#1</terrain>
		<terrain>Pavement#1</terrain>
		<terrain>Pavement#1</terrain>
		<terrain>Pavement#1</terrain>
		<terrain>Pavement#1</terrain>
		<terrain>Pavement#1</terrain>
		<terrain>Pavement#1</terrain>
		<terrain>Pavement#1</terrain>
		<terrain>Pavement#1</terrain>
		<terrain>Pavement#1</terrain>
		<terrain>Pavement#1</terrain>
		<terrain>Pavement#1</terrain>
		<terrain>Pavement#1</terrain>
		<terrain>Pavement#1</terrain>
		<terrain>Pavement#1</terrain>
		<terrain>Pavement#1</terrain>
		<terrain>Pavement#1</terrain>
		<terrain>Pavement#1</terrain>
		<terrain>Pavement#1</terrain>
		<terrain>Pavement#1</terrain>
		<terrain>Pavement#1</terrain>
		<terrain>Pavement#1</terrain>
		<terrain>Pavement#1</terrain>
		<terrain>Pavement#1</terrain>
		<terrain>Pavement#1</terrain>
		<terrain>Pavement#1</terrain>
		<terrain>Pavement#1</terrain>
		<terrain>Pavement#1</terrain>
		<terrain>Pavement#4</terrain>
		<terrain>Pavement#1</terrain>
		<terrain>Pavement#1</terrain>
		<terrain>Pavement#1</terrain>
		<terrain>Pavement#1</terrain>
		<terrain>Pavement#33</terrain>
		<terrain>Pavement#33</terrain>
		<terrain>Pavement#33</terrain>
		<terrain>Pavement#33</terrain>
		<terrain>Pavement#33</terrain>
		<terrain>Pavement#33</terrain>
		<terrain>Pavement#33</terrain>
		<terrain>Pavement#33</terrain>
		<terrain>Pavement#33</terrain>
		<terrain>Pavement#33</terrain>
		<terrain>Pavement#33</terrain>
		<terrain>Pavement#33</terrain>
		<terrain>Pavement#33</terrain>
		<terrain>Pavement#33</terrain>
		<terrain>Pavement#33</terrain>
		<terrain>Pavement#33</terrain>
		<terrain>Pavement#33</terrain>
		<terrain>Pavement#1</terrain>
		<terrain>Pavement#1</terrain>
		<terrain>Pavement#1</terrain>
		<terrain>Pavement#1</terrain>
		<terrain>Pavement#1</terrain>
		<terrain>Pavement#1</terrain>
		<terrain>Pavement#1</terrain>
		<terrain>Pavement#1</terrain>
		<terrain>Pavement#4</terrain>
		<terrain>Pavement#1</terrain>
		<terrain>Pavement#1</terrain>
		<terrain>Pavement#1</terrain>
		<terrain>Pavement#1</terrain>
		<terrain>Pavement#1</terrain>
		<terrain>Pavement#1</terrain>
		<terrain>Pavement#1</terrain>
		<terrain>Pavement#1</terrain>
		<terrain>Pavement#1</terrain>
		<terrain>Pavement#1</terrain>
		<terrain>Pavement#1</terrain>
		<terrain>Pavement#1</terrain>
		<terrain>Pavement#1</terrain>
		<terrain>Pavement#1</terrain>
		<terrain>Pavement#1</terrain>
		<terrain>Pavement#1</terrain>
		<terrain>Pavement#1</terrain>
		<terrain>Pavement#1</terrain>
		<terrain>Pavement#1</terrain>
		<terrain>Pavement#1</terrain>
		<terrain>Pavement#1</terrain>
		<terrain>Pavement#1</terrain>
		<terrain>Pavement#1</terrain>
		<terrain>Pavement#1</terrain>
		<terrain>Pavement#1</terrain>
		<terrain>Pavement#1</terrain>
		<terrain>Pavement#1</terrain>
		<terrain>Pavement#1</terrain>
		<terrain>Pavement#1</terrain>
		<terrain>Pavement#4</terrain>
		<terrain>Pavement#1</terrain>
		<terrain>Pavement#1</terrain>
		<terrain>Pavement#1</terrain>
		<terrain>Pavement#1</terrain>
		<terrain>Pavement#1</terrain>
		<terrain>Pavement#1</terrain>
		<terrain>Pavement#1</terrain>
		<terrain>Pavement#1</terrain>
		<terrain>Pavement#1</terrain>
		<terrain>Pavement#1</terrain>
		<terrain>Pavement#1</terrain>
		<terrain>Pavement#1</terrain>
		<terrain>Pavement#1</terrain>
		<terrain>Pavement#1</terrain>
		<terrain>Pavement#1</terrain>
		<terrain>Pavement#1</terrain>
		<terrain>Pavement#1</terrain>
		<terrain>Pavement#1</terrain>
		<terrain>Pavement#1</terrain>
		<terrain>Pavement#1</terrain>
		<terrain>Pavement#1</terrain>
		<terrain>Pavement#1</terrain>
		<terrain>Pavement#1</terrain>
		<terrain>Pavement#1</terrain>
		<terrain>Pavement#1</terrain>
		<terrain>Pavement#1</terrain>
		<terrain>Pavement#1</terrain>
		<terrain>Pavement#1</terrain>
		<terrain>Pavement#1</terrain>
		<terrain>Pavement#4</terrain>
		<terrain>Pavement#27</terrain>
		<terrain>Pavement#27</terrain>
		<terrain>Pavement#27</terrain>
		<terrain>Pavement#27</terrain>
		<terrain>Pavement#27</terrain>
		<terrain>Pavement#27</terrain>
		<terrain>Pavement#27</terrain>
		<terrain>Pavement#27</terrain>
		<terrain>Pavement#27</terrain>
		<terrain>Pavement#27</terrain>
		<terrain>Pavement#27</terrain>
		<terrain>Pavement#27</terrain>
		<terrain>Pavement#27</terrain>
		<terrain>Pavement#27</terrain>
		<terrain>Pavement#27</terrain>
		<terrain>Pavement#27</terrain>
		<terrain>Pavement#27</terrain>
		<terrain>Pavement#27</terrain>
		<terrain>Pavement#27</terrain>
		<terrain>Pavement#27</terrain>
		<terrain>Pavement#27</terrain>
		<terrain>Pavement#27</terrain>
		<terrain>Pavement#27</terrain>
		<terrain>Pavement#27</terrain>
		<terrain>Pavement#27</terrain>
		<terrain>Pavement#27</terrain>
		<terrain>Pavement#27</terrain>
		<terrain>Pavement#27</terrain>
		<terrain>Pavement#27</terrain>
		<terrain>Pavement#4</terrain>
		<terrain>Pavement#27</terrain>
		<terrain>Pavement#27</terrain>
		<terrain>Pavement#27</terrain>
		<terrain>Pavement#27</terrain>
		<terrain>Pavement#27</terrain>
		<terrain>Pavement#27</terrain>
		<terrain>Pavement#27</terrain>
		<terrain>Pavement#27</terrain>
		<terrain>Pavement#27</terrain>
		<terrain>Pavement#1</terrain>
		<terrain>Pavement#1</terrain>
		<terrain>Pavement#1</terrain>
		<terrain>Pavement#1</terrain>
		<terrain>Pavement#1</terrain>
		<terrain>Pavement#1</terrain>
		<terrain>Pavement#1</terrain>
		<terrain>Pavement#1</terrain>
		<terrain>Pavement#1</terrain>
		<terrain>Pavement#1</terrain>
		<terrain>Pavement#1</terrain>
		<terrain>Pavement#1</terrain>
		<terrain>Pavement#1</terrain>
		<terrain>Pavement#1</terrain>
		<terrain>Pavement#27</terrain>
		<terrain>Pavement#27</terrain>
		<terrain>Pavement#27</terrain>
		<terrain>Pavement#27</terrain>
		<terrain>Pavement#27</terrain>
		<terrain>Pavement#27</terrain>
		<terrain>Pavement#4</terrain>
		<terrain>Pavement#27</terrain>
		<terrain>Pavement#27</terrain>
		<terrain>Pavement#27</terrain>
		<terrain>Pavement#27</terrain>
		<terrain>Pavement#27</terrain>
		<terrain>Pavement#27</terrain>
		<terrain>Pavement#27</terrain>
		<terrain>Pavement#27</terrain>
		<terrain>Pavement#27</terrain>
		<terrain>Pavement#1</terrain>
		<terrain>Pavement#1</terrain>
		<terrain>Pavement#1</terrain>
		<terrain>Pavement#1</terrain>
		<terrain>Pavement#1</terrain>
		<terrain>Pavement#1</terrain>
		<terrain>Pavement#1</terrain>
		<terrain>Pavement#1</terrain>
		<terrain>Pavement#1</terrain>
		<terrain>Pavement#1</terrain>
		<terrain>Pavement#1</terrain>
		<terrain>Pavement#1</terrain>
		<terrain>Pavement#1</terrain>
		<terrain>Pavement#1</terrain>
		<terrain>Pavement#27</terrain>
		<terrain>Pavement#27</terrain>
		<terrain>Pavement#27</terrain>
		<terrain>Pavement#27</terrain>
		<terrain>Pavement#27</terrain>
		<terrain>Pavement#27</terrain>
		<terrain>Pavement#4</terrain>
		<terrain>Pavement#27</terrain>
		<terrain>Pavement#27</terrain>
		<terrain>Pavement#27</terrain>
		<terrain>Pavement#27</terrain>
		<terrain>Pavement#27</terrain>
		<terrain>Pavement#27</terrain>
		<terrain>Pavement#27</terrain>
		<terrain>Pavement#27</terrain>
		<terrain>Pavement#27</terrain>
		<terrain>Pavement#1</terrain>
		<terrain>Pavement#1</terrain>
		<terrain>Pavement#1</terrain>
		<terrain>Pavement#1</terrain>
		<terrain>Pavement#1</terrain>
		<terrain>Pavement#1</terrain>
		<terrain>Pavement#1</terrain>
		<terrain>Pavement#1</terrain>
		<terrain>Pavement#1</terrain>
		<terrain>Pavement#1</terrain>
		<terrain>Pavement#1</terrain>
		<terrain>Pavement#1</terrain>
		<terrain>Pavement#1</terrain>
		<terrain>Pavement#1</terrain>
		<terrain>Pavement#27</terrain>
		<terrain>Pavement#27</terrain>
		<terrain>Pavement#27</terrain>
		<terrain>Pavement#27</terrain>
		<terrain>Pavement#27</terrain>
		<terrain>Pavement#27</terrain>
		<terrain>Pavement#4</terrain>
		<terrain>Pavement#27</terrain>
		<terrain>Pavement#27</terrain>
		<terrain>Pavement#27</terrain>
		<terrain>Pavement#27</terrain>
		<terrain>Pavement#27</terrain>
		<terrain>Pavement#27</terrain>
		<terrain>Pavement#27</terrain>
		<terrain>Pavement#27</terrain>
		<terrain>Pavement#27</terrain>
		<terrain>Pavement#1</terrain>
		<terrain>Pavement#1</terrain>
		<terrain>Pavement#1</terrain>
		<terrain>Pavement#1</terrain>
		<terrain>Pavement#1</terrain>
		<terrain>Pavement#1</terrain>
		<terrain>Pavement#1</terrain>
		<terrain>Pavement#1</terrain>
		<terrain>Pavement#1</terrain>
		<terrain>Pavement#1</terrain>
		<terrain>Pavement#1</terrain>
		<terrain>Pavement#1</terrain>
		<terrain>Pavement#1</terrain>
		<terrain>Pavement#1</terrain>
		<terrain>Pavement#27</terrain>
		<terrain>Pavement#27</terrain>
		<terrain>Pavement#27</terrain>
		<terrain>Pavement#27</terrain>
		<terrain>Pavement#27</terrain>
		<terrain>Pavement#27</terrain>
		<terrain>Pavement#4</terrain>
		<terrain>Pavement#41</terrain>
		<terrain>Pavement#41</terrain>
		<terrain>Pavement#41</terrain>
		<terrain>Pavement#41</terrain>
		<terrain>Pavement#41</terrain>
		<terrain>Pavement#41</terrain>
		<terrain>Pavement#41</terrain>
		<terrain>Pavement#41</terrain>
		<terrain>Pavement#41</terrain>
		<terrain>Pavement#1</terrain>
		<terrain>Pavement#1</terrain>
		<terrain>Pavement#1</terrain>
		<terrain>Pavement#1</terrain>
		<terrain>Pavement#1</terrain>
		<terrain>Pavement#1</terrain>
		<terrain>Pavement#1</terrain>
		<terrain>Pavement#1</terrain>
		<terrain>Pavement#1</terrain>
		<terrain>Pavement#1</terrain>
		<terrain>Pavement#1</terrain>
		<terrain>Pavement#1</terrain>
		<terrain>Pavement#1</terrain>
		<terrain>Pavement#1</terrain>
		<terrain>Pavement#41</terrain>
		<terrain>Pavement#41</terrain>
		<terrain>Pavement#41</terrain>
		<terrain>Pavement#41</terrain>
		<terrain>Pavement#41</terrain>
		<terrain>Pavement#41</terrain>
		<terrain>Pavement#4</terrain>
		<terrain>Pavement#41</terrain>
		<terrain>Pavement#41</terrain>
		<terrain>Pavement#41</terrain>
		<terrain>Pavement#41</terrain>
		<terrain>Pavement#41</terrain>
		<terrain>Pavement#41</terrain>
		<terrain>Pavement#41</terrain>
		<terrain>Pavement#41</terrain>
		<terrain>Pavement#41</terrain>
		<terrain>Pavement#1</terrain>
		<terrain>Pavement#1</terrain>
		<terrain>Pavement#1</terrain>
		<terrain>Pavement#1</terrain>
		<terrain>Pavement#1</terrain>
		<terrain>Pavement#1</terrain>
		<terrain>Pavement#1</terrain>
		<terrain>Pavement#1</terrain>
		<terrain>Pavement#1</terrain>
		<terrain>Pavement#1</terrain>
		<terrain>Pavement#1</terrain>
		<terrain>Pavement#1</terrain>
		<terrain>Pavement#1</terrain>
		<terrain>Pavement#1</terrain>
		<terrain>Pavement#41</terrain>
		<terrain>Pavement#41</terrain>
		<terrain>Pavement#41</terrain>
		<terrain>Pavement#41</terrain>
		<terrain>Pavement#41</terrain>
		<terrain>Pavement#41</terrain>
		<terrain>Pavement#4</terrain>
		<terrain>Pavement#41</terrain>
		<terrain>Pavement#41</terrain>
		<terrain>Pavement#41</terrain>
		<terrain>Pavement#41</terrain>
		<terrain>Pavement#41</terrain>
		<terrain>Pavement#41</terrain>
		<terrain>Pavement#41</terrain>
		<terrain>Pavement#41</terrain>
		<terrain>Pavement#41</terrain>
		<terrain>Pavement#1</terrain>
		<terrain>Pavement#1</terrain>
		<terrain>Pavement#1</terrain>
		<terrain>Pavement#1</terrain>
		<terrain>Pavement#1</terrain>
		<terrain>Pavement#1</terrain>
		<terrain>Pavement#1</terrain>
		<terrain>Pavement#1</terrain>
		<terrain>Pavement#1</terrain>
		<terrain>Pavement#1</terrain>
		<terrain>Pavement#1</terrain>
		<terrain>Pavement#1</terrain>
		<terrain>Pavement#1</terrain>
		<terrain>Pavement#1</terrain>
		<terrain>Pavement#41</terrain>
		<terrain>Pavement#41</terrain>
		<terrain>Pavement#41</terrain>
		<terrain>Pavement#41</terrain>
		<terrain>Pavement#41</terrain>
		<terrain>Pavement#41</terrain>
		<terrain>Pavement#4</terrain>
		<terrain>Pavement#41</terrain>
		<terrain>Pavement#41</terrain>
		<terrain>Pavement#41</terrain>
		<terrain>Pavement#41</terrain>
		<terrain>Pavement#41</terrain>
		<terrain>Pavement#41</terrain>
		<terrain>Pavement#41</terrain>
		<terrain>Pavement#41</terrain>
		<terrain>Pavement#41</terrain>
		<terrain>Pavement#1</terrain>
		<terrain>Pavement#1</terrain>
		<terrain>Pavement#1</terrain>
		<terrain>Pavement#1</terrain>
		<terrain>Pavement#1</terrain>
		<terrain>Pavement#1</terrain>
		<terrain>Pavement#1</terrain>
		<terrain>Pavement#1</terrain>
		<terrain>Pavement#1</terrain>
		<terrain>Pavement#1</terrain>
		<terrain>Pavement#1</terrain>
		<terrain>Pavement#1</terrain>
		<terrain>Pavement#1</terrain>
		<terrain>Pavement#1</terrain>
		<terrain>Pavement#41</terrain>
		<terrain>Pavement#41</terrain>
		<terrain>Pavement#41</terrain>
		<terrain>Pavement#41</terrain>
		<terrain>Pavement#41</terrain>
		<terrain>Pavement#41</terrain>
		<terrain>Pavement#4</terrain>
		<terrain>Pavement#19</terrain>
		<terrain>Pavement#19</terrain>
		<terrain>Pavement#19</terrain>
		<terrain>Pavement#19</terrain>
		<terrain>Pavement#19</terrain>
		<terrain>Pavement#19</terrain>
		<terrain>Pavement#19</terrain>
		<terrain>Pavement#19</terrain>
		<terrain>Pavement#19</terrain>
		<terrain>Pavement#1</terrain>
		<terrain>Pavement#1</terrain>
		<terrain>Pavement#1</terrain>
		<terrain>Pavement#1</terrain>
		<terrain>Pavement#1</terrain>
		<terrain>Pavement#1</terrain>
		<terrain>Pavement#1</terrain>
		<terrain>Pavement#1</terrain>
		<terrain>Pavement#1</terrain>
		<terrain>Pavement#1</terrain>
		<terrain>Pavement#1</terrain>
		<terrain>Pavement#1</terrain>
		<terrain>Pavement#1</terrain>
		<terrain>Pavement#1</terrain>
		<terrain>Pavement#19</terrain>
		<terrain>Pavement#19</terrain>
		<terrain>Pavement#19</terrain>
		<terrain>Pavement#19</terrain>
		<terrain>Pavement#19</terrain>
		<terrain>Pavement#19</terrain>
		<terrain>Pavement#4</terrain>
		<terrain>Pavement#19</terrain>
		<terrain>Pavement#19</terrain>
		<terrain>Pavement#19</terrain>
		<terrain>Pavement#19</terrain>
		<terrain>Pavement#19</terrain>
		<terrain>Pavement#19</terrain>
		<terrain>Pavement#19</terrain>
		<terrain>Pavement#19</terrain>
		<terrain>Pavement#19</terrain>
		<terrain>Pavement#19</terrain>
		<terrain>Pavement#19</terrain>
		<terrain>Pavement#19</terrain>
		<terrain>Pavement#19</terrain>
		<terrain>Pavement#19</terrain>
		<terrain>Pavement#19</terrain>
		<terrain>Pavement#19</terrain>
		<terrain>Pavement#19</terrain>
		<terrain>Pavement#19</terrain>
		<terrain>Pavement#19</terrain>
		<terrain>Pavement#19</terrain>
		<terrain>Pavement#19</terrain>
		<terrain>Pavement#19</terrain>
		<terrain>Pavement#19</terrain>
		<terrain>Pavement#19</terrain>
		<terrain>Pavement#19</terrain>
		<terrain>Pavement#19</terrain>
		<terrain>Pavement#19</terrain>
		<terrain>Pavement#19</terrain>
		<terrain>Pavement#19</terrain>
		<terrain>Pavement#4</terrain>
		<terrain>Pavement#19</terrain>
		<terrain>Pavement#19</terrain>
		<terrain>Pavement#19</terrain>
		<terrain>Pavement#19</terrain>
		<terrain>Pavement#19</terrain>
		<terrain>Pavement#19</terrain>
		<terrain>Pavement#19</terrain>
		<terrain>Pavement#19</terrain>
		<terrain>Pavement#19</terrain>
		<terrain>Pavement#19</terrain>
		<terrain>Pavement#19</terrain>
		<terrain>Pavement#19</terrain>
		<terrain>Pavement#19</terrain>
		<terrain>Pavement#19</terrain>
		<terrain>Pavement#19</terrain>
		<terrain>Pavement#19</terrain>
		<terrain>Pavement#19</terrain>
		<terrain>Pavement#19</terrain>
		<terrain>Pavement#19</terrain>
		<terrain>Pavement#19</terrain>
		<terrain>Pavement#19</terrain>
		<terrain>Pavement#19</terrain>
		<terrain>Pavement#19</terrain>
		<terrain>Pavement#19</terrain>
		<terrain>Pavement#19</terrain>
		<terrain>Pavement#19</terrain>
		<terrain>Pavement#19</terrain>
		<terrain>Pavement#19</terrain>
		<terrain>Pavement#19</terrain>
		<terrain>Pavement#4</terrain>
		<terrain>Pavement#27</terrain>
		<terrain>Pavement#27</terrain>
		<terrain>Pavement#27</terrain>
		<terrain>Pavement#27</terrain>
		<terrain>Pavement#27</terrain>
		<terrain>Pavement#27</terrain>
		<terrain>Pavement#27</terrain>
		<terrain>Pavement#27</terrain>
		<terrain>Pavement#27</terrain>
		<terrain>Pavement#27</terrain>
		<terrain>Pavement#27</terrain>
		<terrain>Pavement#27</terrain>
		<terrain>Pavement#27</terrain>
		<terrain>Pavement#27</terrain>
		<terrain>Pavement#27</terrain>
		<terrain>Pavement#27</terrain>
		<terrain>Pavement#27</terrain>
		<terrain>Pavement#27</terrain>
		<terrain>Pavement#27</terrain>
		<terrain>Pavement#27</terrain>
		<terrain>Pavement#27</terrain>
		<terrain>Pavement#27</terrain>
		<terrain>Pavement#27</terrain>
		<terrain>Pavement#27</terrain>
		<terrain>Pavement#27</terrain>
		<terrain>Pavement#27</terrain>
		<terrain>Pavement#27</terrain>
		<terrain>Pavement#27</terrain>
		<terrain>Pavement#27</terrain>
		<terrain>Pavement#4</terrain>
		<terrain>Pavement#27</terrain>
		<terrain>Pavement#27</terrain>
		<terrain>Pavement#27</terrain>
		<terrain>Pavement#27</terrain>
		<terrain>Pavement#27</terrain>
		<terrain>Pavement#27</terrain>
		<terrain>Pavement#27</terrain>
		<terrain>Pavement#27</terrain>
		<terrain>Pavement#27</terrain>
		<terrain>Pavement#27</terrain>
		<terrain>Pavement#27</terrain>
		<terrain>Pavement#27</terrain>
		<terrain>Pavement#27</terrain>
		<terrain>Pavement#27</terrain>
		<terrain>Pavement#27</terrain>
		<terrain>Pavement#27</terrain>
		<terrain>Pavement#27</terrain>
		<terrain>Pavement#27</terrain>
		<terrain>Pavement#27</terrain>
		<terrain>Pavement#27</terrain>
		<terrain>Pavement#27</terrain>
		<terrain>Pavement#27</terrain>
		<terrain>Pavement#27</terrain>
		<terrain>Pavement#27</terrain>
		<terrain>Pavement#27</terrain>
		<terrain>Pavement#27</terrain>
		<terrain>Pavement#27</terrain>
		<terrain>Pavement#27</terrain>
		<terrain>Pavement#27</terrain>
		<terrain>Pavement#4</terrain>
		<terrain>Pavement#27</terrain>
		<terrain>Pavement#27</terrain>
		<terrain>Pavement#27</terrain>
		<terrain>Pavement#27</terrain>
		<terrain>Pavement#27</terrain>
		<terrain>Pavement#27</terrain>
		<terrain>Pavement#27</terrain>
		<terrain>Pavement#27</terrain>
		<terrain>Pavement#27</terrain>
		<terrain>Pavement#27</terrain>
		<terrain>Pavement#27</terrain>
		<terrain>Pavement#27</terrain>
		<terrain>Pavement#27</terrain>
		<terrain>Pavement#27</terrain>
		<terrain>Pavement#27</terrain>
		<terrain>Pavement#27</terrain>
		<terrain>Pavement#27</terrain>
		<terrain>Pavement#27</terrain>
		<terrain>Pavement#27</terrain>
		<terrain>Pavement#27</terrain>
		<terrain>Pavement#27</terrain>
		<terrain>Pavement#27</terrain>
		<terrain>Pavement#27</terrain>
		<terrain>Pavement#27</terrain>
		<terrain>Pavement#27</terrain>
		<terrain>Pavement#27</terrain>
		<terrain>Pavement#27</terrain>
		<terrain>Pavement#27</terrain>
		<terrain>Pavement#27</terrain>
		<terrain>Pavement#4</terrain>
		<terrain>Pavement#33</terrain>
		<terrain>Pavement#33</terrain>
		<terrain>Pavement#33</terrain>
		<terrain>Pavement#33</terrain>
		<terrain>Pavement#33</terrain>
		<terrain>Pavement#33</terrain>
		<terrain>Pavement#33</terrain>
		<terrain>Pavement#33</terrain>
		<terrain>Pavement#33</terrain>
		<terrain>Pavement#33</terrain>
		<terrain>Pavement#33</terrain>
		<terrain>Pavement#33</terrain>
		<terrain>Pavement#33</terrain>
		<terrain>Pavement#33</terrain>
		<terrain>Pavement#33</terrain>
		<terrain>Pavement#33</terrain>
		<terrain>Pavement#33</terrain>
		<terrain>Pavement#33</terrain>
		<terrain>Pavement#33</terrain>
		<terrain>Pavement#33</terrain>
		<terrain>Pavement#33</terrain>
		<terrain>Pavement#33</terrain>
		<terrain>Pavement#33</terrain>
		<terrain>Pavement#33</terrain>
		<terrain>Pavement#33</terrain>
		<terrain>Pavement#33</terrain>
		<terrain>Pavement#33</terrain>
		<terrain>Pavement#33</terrain>
		<terrain>Pavement#33</terrain>
		<terrain>Pavement#4</terrain>
		<terrain>Pavement#33</terrain>
		<terrain>Pavement#33</terrain>
		<terrain>Pavement#33</terrain>
		<terrain>Pavement#33</terrain>
		<terrain>Pavement#33</terrain>
		<terrain>Pavement#33</terrain>
		<terrain>Pavement#33</terrain>
		<terrain>Pavement#33</terrain>
		<terrain>Pavement#33</terrain>
		<terrain>Pavement#33</terrain>
		<terrain>Pavement#33</terrain>
		<terrain>Pavement#33</terrain>
		<terrain>Pavement#33</terrain>
		<terrain>Pavement#33</terrain>
		<terrain>Pavement#33</terrain>
		<terrain>Pavement#33</terrain>
		<terrain>Pavement#33</terrain>
		<terrain>Pavement#33</terrain>
		<terrain>Pavement#33</terrain>
		<terrain>Pavement#33</terrain>
		<terrain>Pavement#33</terrain>
		<terrain>Pavement#33</terrain>
		<terrain>Pavement#33</terrain>
		<terrain>Pavement#33</terrain>
		<terrain>Pavement#33</terrain>
		<terrain>Pavement#33</terrain>
		<terrain>Pavement#33</terrain>
		<terrain>Pavement#33</terrain>
		<terrain>Pavement#33</terrain>
		<terrain>Pavement#4</terrain>
		<terrain>Pavement#33</terrain>
		<terrain>Pavement#33</terrain>
		<terrain>Pavement#33</terrain>
		<terrain>Pavement#33</terrain>
		<terrain>Pavement#33</terrain>
		<terrain>Pavement#33</terrain>
		<terrain>Pavement#33</terrain>
		<terrain>Pavement#33</terrain>
		<terrain>Pavement#33</terrain>
		<terrain>Pavement#33</terrain>
		<terrain>Pavement#33</terrain>
		<terrain>Pavement#33</terrain>
		<terrain>Pavement#33</terrain>
		<terrain>Pavement#33</terrain>
		<terrain>Pavement#33</terrain>
		<terrain>Pavement#33</terrain>
		<terrain>Pavement#33</terrain>
		<terrain>Pavement#33</terrain>
		<terrain>Pavement#33</terrain>
		<terrain>Pavement#33</terrain>
		<terrain>Pavement#33</terrain>
		<terrain>Pavement#33</terrain>
		<terrain>Pavement#33</terrain>
		<terrain>Pavement#33</terrain>
		<terrain>Pavement#33</terrain>
		<terrain>Pavement#33</terrain>
		<terrain>Pavement#33</terrain>
		<terrain>Pavement#33</terrain>
		<terrain>Pavement#33</terrain>
		<terrain>Pavement#4</terrain>
		<terrain>Pavement#4</terrain>
		<terrain>Pavement#4</terrain>
		<terrain>Pavement#4</terrain>
		<terrain>Pavement#4</terrain>
		<terrain>Pavement#4</terrain>
		<terrain>Pavement#4</terrain>
		<terrain>Pavement#4</terrain>
		<terrain>Pavement#4</terrain>
		<terrain>Pavement#4</terrain>
		<terrain>Pavement#4</terrain>
		<terrain>Pavement#4</terrain>
		<terrain>Pavement#4</terrain>
		<terrain>Pavement#4</terrain>
		<terrain>Pavement#4</terrain>
		<terrain>Pavement#4</terrain>
		<terrain>Pavement#4</terrain>
		<terrain>Pavement#4</terrain>
		<terrain>Pavement#4</terrain>
		<terrain>Pavement#4</terrain>
		<terrain>Pavement#4</terrain>
		<terrain>Pavement#4</terrain>
		<terrain>Pavement#4</terrain>
		<terrain>Pavement#4</terrain>
		<terrain>Pavement#4</terrain>
		<terrain>Pavement#4</terrain>
		<terrain>Pavement#4</terrain>
		<terrain>Pavement#4</terrain>
		<terrain>Pavement#4</terrain>
		<terrain>Pavement#4</terrain>
		<terrain>Pavement#4</terrain>
		<terrain>Pavement#4</terrain>
		<terrain>Pavement#4</terrain>
		<terrain>Pavement#4</terrain>
		<terrain>Pavement#4</terrain>
		<terrain>Pavement#4</terrain>
		<terrain>Pavement#4</terrain>
		<terrain>Pavement#4</terrain>
		<terrain>Pavement#4</terrain>
		<terrain>Pavement#4</terrain>
		<terrain>Pavement#4</terrain>
		<terrain>Pavement#4</terrain>
		<terrain>Pavement#4</terrain>
		<terrain>Pavement#4</terrain>
		<terrain>Pavement#4</terrain>
		<terrain>Pavement#4</terrain>
		<terrain>Pavement#4</terrain>
		<terrain>Pavement#4</terrain>
		<terrain>Pavement#4</terrain>
		<terrain>Pavement#4</terrain>
		<terrain>Pavement#4</terrain>
		<terrain>Pavement#4</terrain>
		<terrain>Pavement#4</terrain>
		<terrain>Pavement#4</terrain>
		<terrain>Pavement#4</terrain>
		<terrain>Pavement#4</terrain>
		<terrain>Pavement#4</terrain>
		<terrain>Pavement#4</terrain>
		<terrain>Pavement#4</terrain>
		<terrain>Pavement#4</terrain>
		<terrain>Pavement#4</terrain>
		<terrain>Pavement#4</terrain>
		<terrain>Pavement#4</terrain>
		<terrain>Pavement#4</terrain>
		<terrain>Pavement#4</terrain>
		<terrain>Pavement#4</terrain>
		<terrain>Pavement#4</terrain>
		<terrain>Pavement#4</terrain>
		<terrain>Pavement#4</terrain>
		<terrain>Pavement#4</terrain>
		<terrain>Pavement#4</terrain>
		<terrain>Pavement#4</terrain>
		<terrain>Pavement#4</terrain>
		<terrain>Pavement#4</terrain>
		<terrain>Pavement#4</terrain>
		<terrain>Pavement#4</terrain>
		<terrain>Pavement#4</terrain>
		<terrain>Pavement#4</terrain>
		<terrain>Pavement#4</terrain>
		<terrain>Pavement#4</terrain>
		<terrain>Pavement#4</terrain>
		<terrain>Pavement#4</terrain>
		<terrain>Pavement#4</terrain>
		<terrain>Pavement#4</terrain>
		<terrain>Pavement#4</terrain>
		<terrain>Pavement#4</terrain>
		<terrain>Pavement#4</terrain>
		<terrain>Pavement#4</terrain>
		<terrain>Pavement#4</terrain>
		<terrain>Pavement#4</terrain>
	</map>
	<objects>
	</objects>
	<items>
	</items>
</gamemap>
