<?xml version="1.0" encoding="UTF-8"?>
<gamemap>
	<map width="20" height="20">
		<terrain>Pavement#35</terrain
		<terrain>Pavement#35</terrain
		<terrain>Pavement#35</terrain
		<terrain>Pavement#35</terrain
		<terrain>Pavement#35</terrain
		<terrain>Pavement#35</terrain
		<terrain>Pavement#35</terrain
		<terrain>Pavement#35</terrain
		<terrain>Pavement#35</terrain
		<terrain>Pavement#35</terrain
		<terrain>Pavement#35</terrain
		<terrain>Pavement#35</terrain
		<terrain>Pavement#35</terrain
		<terrain>Pavement#35</terrain
		<terrain>Pavement#35</terrain
		<terrain>Pavement#35</terrain
		<terrain>Pavement#35</terrain
		<terrain>Pavement#35</terrain
		<terrain>Pavement#35</terrain
		<terrain>Pavement#35</terrain
		<terrain>Pavement#35</terrain
		<terrain>Pavement#2</terrain
		<terrain>Pavement#2</terrain
		<terrain>Pavement#2</terrain
		<terrain>Pavement#2</terrain
		<terrain>Pavement#2</terrain
		<terrain>Pavement#2</terrain
		<terrain>Pavement#2</terrain
		<terrain>Pavement#2</terrain
		<terrain>Pavement#2</terrain
		<terrain>Pavement#2</terrain
		<terrain>Pavement#2</terrain
		<terrain>Pavement#2</terrain
		<terrain>Pavement#2</terrain
		<terrain>Pavement#2</terrain
		<terrain>Pavement#2</terrain
		<terrain>Pavement#2</terrain
		<terrain>Pavement#2</terrain
		<terrain>Pavement#2</terrain
		<terrain>Pavement#35</terrain
		<terrain>Pavement#35</terrain
		<terrain>Pavement#2</terrain
		<terrain>Pavement#11</terrain
		<terrain>Pavement#11</terrain
		<terrain>Pavement#11</terrain
		<terrain>Pavement#11</terrain
		<terrain>Pavement#11</terrain
		<terrain>Pavement#11</terrain
		<terrain>Pavement#11</terrain
		<terrain>Pavement#11</terrain
		<terrain>Pavement#11</terrain
		<terrain>Pavement#11</terrain
		<terrain>Pavement#11</terrain
		<terrain>Pavement#11</terrain
		<terrain>Pavement#11</terrain
		<terrain>Pavement#11</terrain
		<terrain>Pavement#11</terrain
		<terrain>Pavement#11</terrain
		<terrain>Pavement#2</terrain
		<terrain>Pavement#35</terrain
		<terrain>Pavement#35</terrain
		<terrain>Pavement#2</terrain
		<terrain>Pavement#11</terrain
		<terrain>Pavement#2</terrain
		<terrain>Pavement#2</terrain
		<terrain>Pavement#2</terrain
		<terrain>Pavement#2</terrain
		<terrain>Pavement#2</terrain
		<terrain>Pavement#2</terrain
		<terrain>Pavement#2</terrain
		<terrain>Pavement#2</terrain
		<terrain>Pavement#2</terrain
		<terrain>Pavement#2</terrain
		<terrain>Pavement#2</terrain
		<terrain>Pavement#2</terrain
		<terrain>Pavement#2</terrain
		<terrain>Pavement#2</terrain
		<terrain>Pavement#11</terrain
		<terrain>Pavement#2</terrain
		<terrain>Pavement#35</terrain
		<terrain>Pavement#35</terrain
		<terrain>Pavement#2</terrain
		<terrain>Pavement#11</terrain
		<terrain>Pavement#2</terrain
		<terrain>Pavement#4</terrain
		<terrain>Pavement#4</terrain
		<terrain>Pavement#4</terrain
		<terrain>Pavement#4</terrain
		<terrain>Pavement#4</terrain
		<terrain>Pavement#4</terrain
		<terrain>Pavement#4</terrain
		<terrain>Pavement#4</terrain
		<terrain>Pavement#4</terrain
		<terrain>Pavement#4</terrain
		<terrain>Pavement#4</terrain
		<terrain>Pavement#4</terrain
		<terrain>Pavement#2</terrain
		<terrain>Pavement#11</terrain
		<terrain>Pavement#2</terrain
		<terrain>Pavement#35</terrain
		<terrain>Pavement#35</terrain
		<terrain>Pavement#2</terrain
		<terrain>Pavement#11</terrain
		<terrain>Pavement#2</terrain
		<terrain>Pavement#4</terrain
		<terrain>Pavement#10</terrain
		<terrain>Pavement#10</terrain
		<terrain>Pavement#10</terrain
		<terrain>Pavement#10</terrain
		<terrain>Pavement#10</terrain
		<terrain>Pavement#10</terrain
		<terrain>Pavement#10</terrain
		<terrain>Pavement#10</terrain
		<terrain>Pavement#10</terrain
		<terrain>Pavement#10</terrain
		<terrain>Pavement#4</terrain
		<terrain>Pavement#2</terrain
		<terrain>Pavement#11</terrain
		<terrain>Pavement#2</terrain
		<terrain>Pavement#35</terrain
		<terrain>Pavement#35</terrain
		<terrain>Pavement#2</terrain
		<terrain>Pavement#11</terrain
		<terrain>Pavement#2</terrain
		<terrain>Pavement#4</terrain
		<terrain>Pavement#10</terrain
		<terrain>Pavement#25</terrain
		<terrain>Pavement#25</terrain
		<terrain>Pavement#25</terrain
		<terrain>Pavement#25</terrain
		<terrain>Pavement#25</terrain
		<terrain>Pavement#25</terrain
		<terrain>Pavement#25</terrain
		<terrain>Pavement#25</terrain
		<terrain>Pavement#10</terrain
		<terrain>Pavement#4</terrain
		<terrain>Pavement#2</terrain
		<terrain>Pavement#11</terrain
		<terrain>Pavement#2</terrain
		<terrain>Pavement#35</terrain
		<terrain>Pavement#35</terrain
		<terrain>Pavement#2</terrain
		<terrain>Pavement#11</terrain
		<terrain>Pavement#2</terrain
		<terrain>Pavement#4</terrain
		<terrain>Pavement#10</terrain
		<terrain>Pavement#25</terrain
		<terrain>Pavement#3</terrain
		<terrain>Pavement#3</terrain
		<terrain>Pavement#3</terrain
		<terrain>Pavement#3</terrain
		<terrain>Pavement#3</terrain
		<terrain>Pavement#3</terrain
		<terrain>Pavement#25</terrain
		<terrain>Pavement#10</terrain
		<terrain>Pavement#4</terrain
		<terrain>Pavement#2</terrain
		<terrain>Pavement#11</terrain
		<terrain>Pavement#2</terrain
		<terrain>Pavement#35</terrain
		<terrain>Pavement#35</terrain
		<terrain>Pavement#2</terrain
		<terrain>Pavement#11</terrain
		<terrain>Pavement#2</terrain
		<terrain>Pavement#4</terrain
		<terrain>Pavement#10</terrain
		<terrain>Pavement#25</terrain
		<terrain>Pavement#3</terrain
		<terrain>Pavement#10</terrain
		<terrain>Pavement#10</terrain
		<terrain>Pavement#10</terrain
		<terrain>Pavement#10</terrain
		<terrain>Pavement#3</terrain
		<terrain>Pavement#25</terrain
		<terrain>Pavement#10</terrain
		<terrain>Pavement#4</terrain
		<terrain>Pavement#2</terrain
		<terrain>Pavement#11</terrain
		<terrain>Pavement#2</terrain
		<terrain>Pavement#35</terrain
		<terrain>Pavement#35</terrain
		<terrain>Pavement#2</terrain
		<terrain>Pavement#11</terrain
		<terrain>Pavement#2</terrain
		<terrain>Pavement#4</terrain
		<terrain>Pavement#10</terrain
		<terrain>Pavement#25</terrain
		<terrain>Pavement#3</terrain
		<terrain>Pavement#10</terrain
		<terrain>Pavement#34</terrain
		<terrain>Pavement#34</terrain
		<terrain>Pavement#10</terrain
		<terrain>Pavement#3</terrain
		<terrain>Pavement#25</terrain
		<terrain>Pavement#10</terrain
		<terrain>Pavement#4</terrain
		<terrain>Pavement#2</terrain
		<terrain>Pavement#11</terrain
		<terrain>Pavement#2</terrain
		<terrain>Pavement#35</terrain
		<terrain>Pavement#35</terrain
		<terrain>Pavement#2</terrain
		<terrain>Pavement#11</terrain
		<terrain>Pavement#2</terrain
		<terrain>Pavement#4</terrain
		<terrain>Pavement#10</terrain
		<terrain>Pavement#25</terrain
		<terrain>Pavement#3</terrain
		<terrain>Pavement#10</terrain
		<terrain>Pavement#34</terrain
		<terrain>Pavement#34</terrain
		<terrain>Pavement#10</terrain
		<terrain>Pavement#3</terrain
		<terrain>Pavement#25</terrain
		<terrain>Pavement#10</terrain
		<terrain>Pavement#4</terrain
		<terrain>Pavement#2</terrain
		<terrain>Pavement#11</terrain
		<terrain>Pavement#2</terrain
		<terrain>Pavement#35</terrain
		<terrain>Pavement#35</terrain
		<terrain>Pavement#2</terrain
		<terrain>Pavement#11</terrain
		<terrain>Pavement#2</terrain
		<terrain>Pavement#4</terrain
		<terrain>Pavement#10</terrain
		<terrain>Pavement#25</terrain
		<terrain>Pavement#3</terrain
		<terrain>Pavement#10</terrain
		<terrain>Pavement#10</terrain
		<terrain>Pavement#10</terrain
		<terrain>Pavement#10</terrain
		<terrain>Pavement#3</terrain
		<terrain>Pavement#25</terrain
		<terrain>Pavement#10</terrain
		<terrain>Pavement#4</terrain
		<terrain>Pavement#2</terrain
		<terrain>Pavement#11</terrain
		<terrain>Pavement#2</terrain
		<terrain>Pavement#35</terrain
		<terrain>Pavement#35</terrain
		<terrain>Pavement#2</terrain
		<terrain>Pavement#11</terrain
		<terrain>Pavement#2</terrain
		<terrain>Pavement#4</terrain
		<terrain>Pavement#10</terrain
		<terrain>Pavement#25</terrain
		<terrain>Pavement#3</terrain
		<terrain>Pavement#3</terrain
		<terrain>Pavement#3</terrain
		<terrain>Pavement#3</terrain
		<terrain>Pavement#3</terrain
		<terrain>Pavement#3</terrain
		<terrain>Pavement#25</terrain
		<terrain>Pavement#10</terrain
		<terrain>Pavement#4</terrain
		<terrain>Pavement#2</terrain
		<terrain>Pavement#11</terrain
		<terrain>Pavement#2</terrain
		<terrain>Pavement#35</terrain
		<terrain>Pavement#35</terrain
		<terrain>Pavement#2</terrain
		<terrain>Pavement#11</terrain
		<terrain>Pavement#2</terrain
		<terrain>Pavement#4</terrain
		<terrain>Pavement#10</terrain
		<terrain>Pavement#25</terrain
		<terrain>Pavement#25</terrain
		<terrain>Pavement#25</terrain
		<terrain>Pavement#25</terrain
		<terrain>Pavement#25</terrain
		<terrain>Pavement#25</terrain
		<terrain>Pavement#25</terrain
		<terrain>Pavement#25</terrain
		<terrain>Pavement#10</terrain
		<terrain>Pavement#4</terrain
		<terrain>Pavement#2</terrain
		<terrain>Pavement#11</terrain
		<terrain>Pavement#2</terrain
		<terrain>Pavement#35</terrain
		<terrain>Pavement#35</terrain
		<terrain>Pavement#2</terrain
		<terrain>Pavement#11</terrain
		<terrain>Pavement#2</terrain
		<terrain>Pavement#4</terrain
		<terrain>Pavement#10</terrain
		<terrain>Pavement#10</terrain
		<terrain>Pavement#10</terrain
		<terrain>Pavement#10</terrain
		<terrain>Pavement#10</terrain
		<terrain>Pavement#10</terrain
		<terrain>Pavement#10</terrain
		<terrain>Pavement#10</terrain
		<terrain>Pavement#10</terrain
		<terrain>Pavement#10</terrain
		<terrain>Pavement#4</terrain
		<terrain>Pavement#2</terrain
		<terrain>Pavement#11</terrain
		<terrain>Pavement#2</terrain
		<terrain>Pavement#35</terrain
		<terrain>Pavement#35</terrain
		<terrain>Pavement#2</terrain
		<terrain>Pavement#11</terrain
		<terrain>Pavement#2</terrain
		<terrain>Pavement#4</terrain
		<terrain>Pavement#4</terrain
		<terrain>Pavement#4</terrain
		<terrain>Pavement#4</terrain
		<terrain>Pavement#4</terrain
		<terrain>Pavement#4</terrain
		<terrain>Pavement#4</terrain
		<terrain>Pavement#4</terrain
		<terrain>Pavement#4</terrain
		<terrain>Pavement#4</terrain
		<terrain>Pavement#4</terrain
		<terrain>Pavement#4</terrain
		<terrain>Pavement#2</terrain
		<terrain>Pavement#11</terrain
		<terrain>Pavement#2</terrain
		<terrain>Pavement#35</terrain
		<terrain>Pavement#35</terrain
		<terrain>Pavement#2</terrain
		<terrain>Pavement#11</terrain
		<terrain>Pavement#2</terrain
		<terrain>Pavement#2</terrain
		<terrain>Pavement#2</terrain
		<terrain>Pavement#2</terrain
		<terrain>Pavement#2</terrain
		<terrain>Pavement#2</terrain
		<terrain>Pavement#2</terrain
		<terrain>Pavement#2</terrain
		<terrain>Pavement#2</terrain
		<terrain>Pavement#2</terrain
		<terrain>Pavement#2</terrain
		<terrain>Pavement#2</terrain
		<terrain>Pavement#2</terrain
		<terrain>Pavement#2</terrain
		<terrain>Pavement#11</terrain
		<terrain>Pavement#2</terrain
		<terrain>Pavement#35</terrain
		<terrain>Pavement#35</terrain
		<terrain>Pavement#2</terrain
		<terrain>Pavement#11</terrain
		<terrain>Pavement#11</terrain
		<terrain>Pavement#11</terrain
		<terrain>Pavement#11</terrain
		<terrain>Pavement#11</terrain
		<terrain>Pavement#11</terrain
		<terrain>Pavement#11</terrain
		<terrain>Pavement#11</terrain
		<terrain>Pavement#11</terrain
		<terrain>Pavement#11</terrain
		<terrain>Pavement#11</terrain
		<terrain>Pavement#11</terrain
		<terrain>Pavement#11</terrain
		<terrain>Pavement#11</terrain
		<terrain>Pavement#11</terrain
		<terrain>Pavement#11</terrain
		<terrain>Pavement#2</terrain
		<terrain>Pavement#35</terrain
		<terrain>Pavement#35</terrain
		<terrain>Pavement#2</terrain
		<terrain>Pavement#2</terrain
		<terrain>Pavement#2</terrain
		<terrain>Pavement#2</terrain
		<terrain>Pavement#2</terrain
		<terrain>Pavement#2</terrain
		<terrain>Pavement#2</terrain
		<terrain>Pavement#2</terrain
		<terrain>Pavement#2</terrain
		<terrain>Pavement#2</terrain
		<terrain>Pavement#2</terrain
		<terrain>Pavement#2</terrain
		<terrain>Pavement#2</terrain
		<terrain>Pavement#2</terrain
		<terrain>Pavement#2</terrain
		<terrain>Pavement#2</terrain
		<terrain>Pavement#2</terrain
		<terrain>Pavement#2</terrain
		<terrain>Pavement#35</terrain
		<terrain>Pavement#35</terrain
		<terrain>Pavement#35</terrain
		<terrain>Pavement#35</terrain
		<terrain>Pavement#35</terrain
		<terrain>Pavement#35</terrain
		<terrain>Pavement#35</terrain
		<terrain>Pavement#35</terrain
		<terrain>Pavement#35</terrain
		<terrain>Pavement#35</terrain
		<terrain>Pavement#35</terrain
		<terrain>Pavement#35</terrain
		<terrain>Pavement#35</terrain
		<terrain>Pavement#35</terrain
		<terrain>Pavement#35</terrain
		<terrain>Pavement#35</terrain
		<terrain>Pavement#35</terrain
		<terrain>Pavement#35</terrain
		<terrain>Pavement#35</terrain
		<terrain>Pavement#35</terrain
		<terrain>Pavement#35</terrain
	</map>
	<objects>
	</objects>
	<items>
	</items>
</gamemap>
