<?xml version="1.0" encoding="UTF-8"?>
<gamemap>
	<map width="31" height="20">
		<terrain>Pavement_3_0</terrain>
		<terrain>Pavement_3_0</terrain>
		<terrain>Pavement_3_0</terrain>
		<terrain>Pavement_3_0</terrain>
		<terrain>Pavement_3_0</terrain>
		<terrain>Pavement_3_0</terrain>
		<terrain>Pavement_3_0</terrain>
		<terrain>Pavement_3_0</terrain>
		<terrain>Pavement_3_0</terrain>
		<terrain>Pavement_3_0</terrain>
		<terrain>Pavement_3_0</terrain>
		<terrain>Pavement_3_0</terrain>
		<terrain>Pavement_3_0</terrain>
		<terrain>Pavement_3_0</terrain>
		<terrain>Pavement_3_0</terrain>
		<terrain>Pavement_3_0</terrain>
		<terrain>Pavement_3_0</terrain>
		<terrain>Pavement_3_0</terrain>
		<terrain>Pavement_3_0</terrain>
		<terrain>Pavement_3_0</terrain>
		<terrain>Pavement_3_0</terrain>
		<terrain>Pavement_3_0</terrain>
		<terrain>Pavement_3_0</terrain>
		<terrain>Pavement_3_0</terrain>
		<terrain>Pavement_3_0</terrain>
		<terrain>Pavement_3_0</terrain>
		<terrain>Pavement_3_0</terrain>
		<terrain>Pavement_3_0</terrain>
		<terrain>Pavement_3_0</terrain>
		<terrain>Pavement_3_0</terrain>
		<terrain>Pavement_3_0</terrain>
		<terrain>Pavement_3_0</terrain>
		<terrain>Pavement_3_0</terrain>
		<terrain>Pavement_3_0</terrain>
		<terrain>Pavement_3_0</terrain>
		<terrain>Pavement_3_0</terrain>
		<terrain>Pavement_3_0</terrain>
		<terrain>Pavement_3_0</terrain>
		<terrain>Pavement_3_0</terrain>
		<terrain>Pavement_3_0</terrain>
		<terrain>Pavement_3_0</terrain>
		<terrain>Pavement_3_0</terrain>
		<terrain>Pavement_3_0</terrain>
		<terrain>Pavement_3_0</terrain>
		<terrain>Pavement_3_0</terrain>
		<terrain>Pavement_3_0</terrain>
		<terrain>Pavement_3_0</terrain>
		<terrain>Pavement_3_0</terrain>
		<terrain>Pavement_3_0</terrain>
		<terrain>Pavement_3_0</terrain>
		<terrain>Pavement_3_0</terrain>
		<terrain>Pavement_3_0</terrain>
		<terrain>Pavement_3_0</terrain>
		<terrain>Pavement_3_0</terrain>
		<terrain>Pavement_3_0</terrain>
		<terrain>Pavement_3_0</terrain>
		<terrain>Pavement_3_0</terrain>
		<terrain>Pavement_3_0</terrain>
		<terrain>Pavement_3_0</terrain>
		<terrain>Pavement_3_0</terrain>
		<terrain>Pavement_3_0</terrain>
		<terrain>Pavement_3_0</terrain>
		<terrain>Pavement_3_0</terrain>
		<terrain>Pavement_3_0</terrain>
		<terrain>Pavement_3_0</terrain>
		<terrain>Pavement_3_0</terrain>
		<terrain>Pavement_3_0</terrain>
		<terrain>Pavement_3_0</terrain>
		<terrain>Pavement_3_0</terrain>
		<terrain>Pavement_3_0</terrain>
		<terrain>Pavement_3_0</terrain>
		<terrain>Pavement_3_0</terrain>
		<terrain>Pavement_3_0</terrain>
		<terrain>Pavement_3_0</terrain>
		<terrain>Pavement_3_0</terrain>
		<terrain>Pavement_3_0</terrain>
		<terrain>Pavement_3_0</terrain>
		<terrain>Pavement_3_0</terrain>
		<terrain>Pavement_3_0</terrain>
		<terrain>Pavement_3_0</terrain>
		<terrain>Pavement_3_0</terrain>
		<terrain>Pavement_3_0</terrain>
		<terrain>Pavement_3_0</terrain>
		<terrain>Pavement_3_0</terrain>
		<terrain>Pavement_3_0</terrain>
		<terrain>Pavement_3_0</terrain>
		<terrain>Pavement_3_0</terrain>
		<terrain>Pavement_3_0</terrain>
		<terrain>Pavement_3_0</terrain>
		<terrain>Pavement_3_0</terrain>
		<terrain>Pavement_3_0</terrain>
		<terrain>Pavement_3_0</terrain>
		<terrain>Pavement_3_0</terrain>
		<terrain>Pavement_3_0</terrain>
		<terrain>Pavement_3_0</terrain>
		<terrain>Pavement_3_0</terrain>
		<terrain>Pavement_3_0</terrain>
		<terrain>Pavement_3_0</terrain>
		<terrain>Pavement_3_0</terrain>
		<terrain>Pavement_3_0</terrain>
		<terrain>Pavement_3_0</terrain>
		<terrain>Pavement_3_0</terrain>
		<terrain>Pavement_3_0</terrain>
		<terrain>Pavement_3_0</terrain>
		<terrain>Pavement_3_0</terrain>
		<terrain>Pavement_3_0</terrain>
		<terrain>Pavement_3_0</terrain>
		<terrain>Pavement_3_0</terrain>
		<terrain>Pavement_3_0</terrain>
		<terrain>Pavement_3_0</terrain>
		<terrain>Pavement_3_0</terrain>
		<terrain>Pavement_3_0</terrain>
		<terrain>Pavement_3_0</terrain>
		<terrain>Pavement_3_0</terrain>
		<terrain>Pavement_3_0</terrain>
		<terrain>Pavement_3_0</terrain>
		<terrain>Pavement_3_0</terrain>
		<terrain>Pavement_3_0</terrain>
		<terrain>Pavement_3_0</terrain>
		<terrain>Pavement_3_0</terrain>
		<terrain>Pavement_3_0</terrain>
		<terrain>Pavement_3_0</terrain>
		<terrain>Pavement_3_0</terrain>
		<terrain>Pavement_3_0</terrain>
		<terrain>Pavement_3_0</terrain>
		<terrain>Pavement_3_0</terrain>
		<terrain>Pavement_3_0</terrain>
		<terrain>Pavement_3_0</terrain>
		<terrain>Pavement_3_0</terrain>
		<terrain>Pavement_3_0</terrain>
		<terrain>Pavement_3_0</terrain>
		<terrain>Pavement_3_0</terrain>
		<terrain>Pavement_3_0</terrain>
		<terrain>Pavement_3_0</terrain>
		<terrain>Pavement_3_0</terrain>
		<terrain>Pavement_3_0</terrain>
		<terrain>Pavement_3_0</terrain>
		<terrain>Pavement_3_0</terrain>
		<terrain>Pavement_3_0</terrain>
		<terrain>Pavement_3_0</terrain>
		<terrain>Pavement_3_0</terrain>
		<terrain>Pavement_3_0</terrain>
		<terrain>Pavement_3_0</terrain>
		<terrain>Pavement_3_0</terrain>
		<terrain>Pavement_3_0</terrain>
		<terrain>Pavement_3_0</terrain>
		<terrain>Pavement_3_0</terrain>
		<terrain>Pavement_3_0</terrain>
		<terrain>Pavement_3_0</terrain>
		<terrain>Pavement_3_0</terrain>
		<terrain>Pavement_3_0</terrain>
		<terrain>Pavement_3_0</terrain>
		<terrain>Pavement_3_0</terrain>
		<terrain>Pavement_3_0</terrain>
		<terrain>Pavement_3_0</terrain>
		<terrain>Pavement_3_0</terrain>
		<terrain>Pavement_3_0</terrain>
		<terrain>Pavement_3_0</terrain>
		<terrain>Pavement_3_0</terrain>
		<terrain>Pavement_3_0</terrain>
		<terrain>Pavement_3_0</terrain>
		<terrain>Pavement_3_0</terrain>
		<terrain>Pavement_3_0</terrain>
		<terrain>Pavement_3_0</terrain>
		<terrain>Pavement_3_0</terrain>
		<terrain>Pavement_3_0</terrain>
		<terrain>Pavement_3_0</terrain>
		<terrain>Pavement_3_0</terrain>
		<terrain>Pavement_3_0</terrain>
		<terrain>Pavement_3_0</terrain>
		<terrain>Pavement_3_0</terrain>
		<terrain>Pavement_3_0</terrain>
		<terrain>Pavement_3_0</terrain>
		<terrain>Pavement_3_0</terrain>
		<terrain>Pavement_3_0</terrain>
		<terrain>Pavement_3_0</terrain>
		<terrain>Pavement_3_0</terrain>
		<terrain>Pavement_3_0</terrain>
		<terrain>Pavement_3_0</terrain>
		<terrain>Pavement_3_0</terrain>
		<terrain>Pavement_3_0</terrain>
		<terrain>Pavement_3_0</terrain>
		<terrain>Pavement_3_0</terrain>
		<terrain>Pavement_3_0</terrain>
		<terrain>Pavement_3_0</terrain>
		<terrain>Pavement_3_0</terrain>
		<terrain>Pavement_3_0</terrain>
		<terrain>Pavement_3_0</terrain>
		<terrain>Pavement_3_0</terrain>
		<terrain>Pavement_3_0</terrain>
		<terrain>Pavement_3_0</terrain>
		<terrain>Pavement_3_0</terrain>
		<terrain>Pavement_3_0</terrain>
		<terrain>Pavement_3_0</terrain>
		<terrain>Pavement_3_0</terrain>
		<terrain>Pavement_3_0</terrain>
		<terrain>Pavement_3_0</terrain>
		<terrain>Pavement_3_0</terrain>
		<terrain>Pavement_3_0</terrain>
		<terrain>Pavement_3_0</terrain>
		<terrain>Pavement_3_0</terrain>
		<terrain>Pavement_3_0</terrain>
		<terrain>Pavement_3_0</terrain>
		<terrain>Pavement_3_0</terrain>
		<terrain>Pavement_3_0</terrain>
		<terrain>Pavement_3_0</terrain>
		<terrain>Pavement_3_0</terrain>
		<terrain>Pavement_3_0</terrain>
		<terrain>Pavement_3_0</terrain>
		<terrain>Pavement_3_0</terrain>
		<terrain>Pavement_3_0</terrain>
		<terrain>Pavement_3_0</terrain>
		<terrain>Pavement_3_0</terrain>
		<terrain>Pavement_3_0</terrain>
		<terrain>Pavement_3_0</terrain>
		<terrain>Pavement_3_0</terrain>
		<terrain>Pavement_3_0</terrain>
		<terrain>Pavement_3_0</terrain>
		<terrain>Pavement_3_0</terrain>
		<terrain>Pavement_3_0</terrain>
		<terrain>Pavement_3_0</terrain>
		<terrain>Pavement_3_0</terrain>
		<terrain>Pavement_3_0</terrain>
		<terrain>Pavement_3_0</terrain>
		<terrain>Pavement_3_0</terrain>
		<terrain>Pavement_3_0</terrain>
		<terrain>Pavement_3_0</terrain>
		<terrain>Pavement_3_0</terrain>
		<terrain>Pavement_3_0</terrain>
		<terrain>Pavement_3_0</terrain>
		<terrain>Pavement_3_0</terrain>
		<terrain>Pavement_3_0</terrain>
		<terrain>Pavement_3_0</terrain>
		<terrain>Pavement_3_0</terrain>
		<terrain>Pavement_3_0</terrain>
		<terrain>Pavement_3_0</terrain>
		<terrain>Pavement_3_0</terrain>
		<terrain>Pavement_3_0</terrain>
		<terrain>Pavement_3_0</terrain>
		<terrain>Pavement_3_0</terrain>
		<terrain>Pavement_3_0</terrain>
		<terrain>Pavement_3_0</terrain>
		<terrain>Pavement_3_0</terrain>
		<terrain>Pavement_3_0</terrain>
		<terrain>Pavement_3_0</terrain>
		<terrain>Pavement_3_0</terrain>
		<terrain>Pavement_3_0</terrain>
		<terrain>Pavement_3_0</terrain>
		<terrain>Pavement_3_0</terrain>
		<terrain>Pavement_3_0</terrain>
		<terrain>Pavement_3_0</terrain>
		<terrain>Pavement_3_0</terrain>
		<terrain>Pavement_3_0</terrain>
		<terrain>Pavement_3_0</terrain>
		<terrain>Pavement_3_0</terrain>
		<terrain>Pavement_3_0</terrain>
		<terrain>Pavement_3_0</terrain>
		<terrain>Pavement_3_0</terrain>
		<terrain>Pavement_3_0</terrain>
		<terrain>Pavement_3_0</terrain>
		<terrain>Pavement_3_0</terrain>
		<terrain>Pavement_3_0</terrain>
		<terrain>Pavement_3_0</terrain>
		<terrain>Pavement_3_0</terrain>
		<terrain>Pavement_3_0</terrain>
		<terrain>Pavement_3_0</terrain>
		<terrain>Pavement_3_0</terrain>
		<terrain>Pavement_3_0</terrain>
		<terrain>Pavement_3_0</terrain>
		<terrain>Pavement_3_0</terrain>
		<terrain>Pavement_3_0</terrain>
		<terrain>Pavement_3_0</terrain>
		<terrain>Pavement_3_0</terrain>
		<terrain>Pavement_3_0</terrain>
		<terrain>Pavement_3_0</terrain>
		<terrain>Pavement_3_0</terrain>
		<terrain>Pavement_3_0</terrain>
		<terrain>Pavement_3_0</terrain>
		<terrain>Pavement_3_0</terrain>
		<terrain>Pavement_3_0</terrain>
		<terrain>Pavement_3_0</terrain>
		<terrain>Pavement_3_0</terrain>
		<terrain>Pavement_3_0</terrain>
		<terrain>Pavement_3_0</terrain>
		<terrain>Pavement_3_0</terrain>
		<terrain>Pavement_3_0</terrain>
		<terrain>Pavement_3_0</terrain>
		<terrain>Pavement_3_0</terrain>
		<terrain>Pavement_3_0</terrain>
		<terrain>Pavement_3_0</terrain>
		<terrain>Pavement_3_0</terrain>
		<terrain>Pavement_3_0</terrain>
		<terrain>Pavement_3_0</terrain>
		<terrain>Pavement_3_0</terrain>
		<terrain>Pavement_3_0</terrain>
		<terrain>Pavement_3_0</terrain>
		<terrain>Pavement_3_0</terrain>
		<terrain>Pavement_3_0</terrain>
		<terrain>Pavement_3_0</terrain>
		<terrain>Pavement_3_0</terrain>
		<terrain>Pavement_3_0</terrain>
		<terrain>Pavement_3_0</terrain>
		<terrain>Pavement_3_0</terrain>
		<terrain>Pavement_3_0</terrain>
		<terrain>Pavement_3_0</terrain>
		<terrain>Pavement_3_0</terrain>
		<terrain>Pavement_3_0</terrain>
		<terrain>Pavement_3_0</terrain>
		<terrain>Pavement_3_0</terrain>
		<terrain>Pavement_3_0</terrain>
		<terrain>Pavement_3_0</terrain>
		<terrain>Pavement_3_0</terrain>
		<terrain>Pavement_3_0</terrain>
		<terrain>Pavement_3_0</terrain>
		<terrain>Pavement_3_0</terrain>
		<terrain>Pavement_3_0</terrain>
		<terrain>Pavement_3_0</terrain>
		<terrain>Pavement_3_0</terrain>
		<terrain>Pavement_3_0</terrain>
		<terrain>Pavement_3_0</terrain>
		<terrain>Pavement_3_0</terrain>
		<terrain>Pavement_3_0</terrain>
		<terrain>Pavement_3_0</terrain>
		<terrain>Pavement_3_0</terrain>
		<terrain>Pavement_3_0</terrain>
		<terrain>Pavement_3_0</terrain>
		<terrain>Pavement_3_0</terrain>
		<terrain>Pavement_3_0</terrain>
		<terrain>Pavement_3_0</terrain>
		<terrain>Pavement_3_0</terrain>
		<terrain>Pavement_3_0</terrain>
		<terrain>Pavement_3_0</terrain>
		<terrain>Pavement_3_0</terrain>
		<terrain>Pavement_3_0</terrain>
		<terrain>Pavement_3_0</terrain>
		<terrain>Pavement_3_0</terrain>
		<terrain>Pavement_3_0</terrain>
		<terrain>Pavement_3_0</terrain>
		<terrain>Pavement_3_0</terrain>
		<terrain>Pavement_3_0</terrain>
		<terrain>Pavement_3_0</terrain>
		<terrain>Pavement_3_0</terrain>
		<terrain>Pavement_3_0</terrain>
		<terrain>Pavement_3_0</terrain>
		<terrain>Pavement_3_0</terrain>
		<terrain>Pavement_3_0</terrain>
		<terrain>Pavement_3_0</terrain>
		<terrain>Pavement_3_0</terrain>
		<terrain>Pavement_3_0</terrain>
		<terrain>Pavement_3_0</terrain>
		<terrain>Pavement_3_0</terrain>
		<terrain>Pavement_3_0</terrain>
		<terrain>Pavement_3_0</terrain>
		<terrain>Pavement_3_0</terrain>
		<terrain>Pavement_3_0</terrain>
		<terrain>Pavement_3_0</terrain>
		<terrain>Pavement_3_0</terrain>
		<terrain>Pavement_3_0</terrain>
		<terrain>Pavement_3_0</terrain>
		<terrain>Pavement_3_0</terrain>
		<terrain>Pavement_3_0</terrain>
		<terrain>Pavement_3_0</terrain>
		<terrain>Pavement_3_0</terrain>
		<terrain>Pavement_3_0</terrain>
		<terrain>Pavement_3_0</terrain>
		<terrain>Pavement_3_0</terrain>
		<terrain>Pavement_3_0</terrain>
		<terrain>Pavement_3_0</terrain>
		<terrain>Pavement_3_0</terrain>
		<terrain>Pavement_3_0</terrain>
		<terrain>Pavement_3_0</terrain>
		<terrain>Pavement_3_0</terrain>
		<terrain>Pavement_3_0</terrain>
		<terrain>Pavement_3_0</terrain>
		<terrain>Pavement_3_0</terrain>
		<terrain>Pavement_3_0</terrain>
		<terrain>Pavement_3_0</terrain>
		<terrain>Pavement_3_0</terrain>
		<terrain>Pavement_3_0</terrain>
		<terrain>Pavement_3_0</terrain>
		<terrain>Pavement_3_0</terrain>
		<terrain>Pavement_3_0</terrain>
		<terrain>Pavement_3_0</terrain>
		<terrain>Pavement_3_0</terrain>
		<terrain>Pavement_3_0</terrain>
		<terrain>Pavement_3_0</terrain>
		<terrain>Pavement_3_0</terrain>
		<terrain>Pavement_3_0</terrain>
		<terrain>Pavement_3_0</terrain>
		<terrain>Pavement_3_0</terrain>
		<terrain>Pavement_3_0</terrain>
		<terrain>Pavement_3_0</terrain>
		<terrain>Pavement_3_0</terrain>
		<terrain>Pavement_3_0</terrain>
		<terrain>Pavement_3_0</terrain>
		<terrain>Pavement_3_0</terrain>
		<terrain>Pavement_3_0</terrain>
		<terrain>Pavement_3_0</terrain>
		<terrain>Pavement_3_0</terrain>
		<terrain>Pavement_3_0</terrain>
		<terrain>Pavement_3_0</terrain>
		<terrain>Pavement_3_0</terrain>
		<terrain>Pavement_3_0</terrain>
		<terrain>Pavement_3_0</terrain>
		<terrain>Pavement_3_0</terrain>
		<terrain>Pavement_3_0</terrain>
		<terrain>Pavement_3_0</terrain>
		<terrain>Pavement_3_0</terrain>
		<terrain>Pavement_3_0</terrain>
		<terrain>Pavement_3_0</terrain>
		<terrain>Pavement_3_0</terrain>
		<terrain>Pavement_3_0</terrain>
		<terrain>Pavement_3_0</terrain>
		<terrain>Pavement_3_0</terrain>
		<terrain>Pavement_3_0</terrain>
		<terrain>Pavement_3_0</terrain>
		<terrain>Pavement_3_0</terrain>
		<terrain>Pavement_3_0</terrain>
		<terrain>Pavement_3_0</terrain>
		<terrain>Pavement_3_0</terrain>
		<terrain>Pavement_3_0</terrain>
		<terrain>Pavement_3_0</terrain>
		<terrain>Pavement_3_0</terrain>
		<terrain>Pavement_3_0</terrain>
		<terrain>Pavement_3_0</terrain>
		<terrain>Pavement_3_0</terrain>
		<terrain>Pavement_3_0</terrain>
		<terrain>Pavement_3_0</terrain>
		<terrain>Pavement_3_0</terrain>
		<terrain>Pavement_3_0</terrain>
		<terrain>Pavement_3_0</terrain>
		<terrain>Pavement_3_0</terrain>
		<terrain>Pavement_3_0</terrain>
		<terrain>Pavement_3_0</terrain>
		<terrain>Pavement_3_0</terrain>
		<terrain>Pavement_3_0</terrain>
		<terrain>Pavement_3_0</terrain>
		<terrain>Pavement_3_0</terrain>
		<terrain>Pavement_3_0</terrain>
		<terrain>Pavement_3_0</terrain>
		<terrain>Pavement_3_0</terrain>
		<terrain>Pavement_3_0</terrain>
		<terrain>Pavement_3_0</terrain>
		<terrain>Pavement_3_0</terrain>
		<terrain>Pavement_3_0</terrain>
		<terrain>Pavement_3_0</terrain>
		<terrain>Pavement_3_0</terrain>
		<terrain>Pavement_3_0</terrain>
		<terrain>Pavement_3_0</terrain>
		<terrain>Pavement_3_0</terrain>
		<terrain>Pavement_3_0</terrain>
		<terrain>Pavement_3_0</terrain>
		<terrain>Pavement_3_0</terrain>
		<terrain>Pavement_3_0</terrain>
		<terrain>Pavement_3_0</terrain>
		<terrain>Pavement_3_0</terrain>
		<terrain>Pavement_3_0</terrain>
		<terrain>Pavement_3_0</terrain>
		<terrain>Pavement_3_0</terrain>
		<terrain>Pavement_3_0</terrain>
		<terrain>Pavement_3_0</terrain>
		<terrain>Pavement_3_0</terrain>
		<terrain>Pavement_3_0</terrain>
		<terrain>Pavement_3_0</terrain>
		<terrain>Pavement_3_0</terrain>
		<terrain>Pavement_3_0</terrain>
		<terrain>Pavement_3_0</terrain>
		<terrain>Pavement_3_0</terrain>
		<terrain>Pavement_3_0</terrain>
		<terrain>Pavement_3_0</terrain>
		<terrain>Pavement_3_0</terrain>
		<terrain>Pavement_3_0</terrain>
		<terrain>Pavement_3_0</terrain>
		<terrain>Pavement_3_0</terrain>
		<terrain>Pavement_3_0</terrain>
		<terrain>Pavement_3_0</terrain>
		<terrain>Pavement_3_0</terrain>
		<terrain>Pavement_3_0</terrain>
		<terrain>Pavement_3_0</terrain>
		<terrain>Pavement_3_0</terrain>
		<terrain>Pavement_3_0</terrain>
		<terrain>Pavement_3_0</terrain>
		<terrain>Pavement_3_0</terrain>
		<terrain>Pavement_3_0</terrain>
		<terrain>Pavement_3_0</terrain>
		<terrain>Pavement_3_0</terrain>
		<terrain>Pavement_3_0</terrain>
		<terrain>Pavement_3_0</terrain>
		<terrain>Pavement_3_0</terrain>
		<terrain>Pavement_3_0</terrain>
		<terrain>Pavement_3_0</terrain>
		<terrain>Pavement_3_0</terrain>
		<terrain>Pavement_3_0</terrain>
		<terrain>Pavement_3_0</terrain>
		<terrain>Pavement_3_0</terrain>
		<terrain>Pavement_3_0</terrain>
		<terrain>Pavement_3_0</terrain>
		<terrain>Pavement_3_0</terrain>
		<terrain>Pavement_3_0</terrain>
		<terrain>Pavement_3_0</terrain>
		<terrain>Pavement_3_0</terrain>
		<terrain>Pavement_3_0</terrain>
		<terrain>Pavement_3_0</terrain>
		<terrain>Pavement_3_0</terrain>
		<terrain>Pavement_3_0</terrain>
		<terrain>Pavement_3_0</terrain>
		<terrain>Pavement_3_0</terrain>
		<terrain>Pavement_3_0</terrain>
		<terrain>Pavement_3_0</terrain>
		<terrain>Pavement_3_0</terrain>
		<terrain>Pavement_3_0</terrain>
		<terrain>Pavement_3_0</terrain>
		<terrain>Pavement_3_0</terrain>
		<terrain>Pavement_3_0</terrain>
		<terrain>Pavement_3_0</terrain>
		<terrain>Pavement_3_0</terrain>
		<terrain>Pavement_3_0</terrain>
		<terrain>Pavement_3_0</terrain>
		<terrain>Pavement_3_0</terrain>
		<terrain>Pavement_3_0</terrain>
		<terrain>Pavement_3_0</terrain>
		<terrain>Pavement_3_0</terrain>
		<terrain>Pavement_3_0</terrain>
		<terrain>Pavement_3_0</terrain>
		<terrain>Pavement_3_0</terrain>
		<terrain>Pavement_3_0</terrain>
		<terrain>Pavement_3_0</terrain>
		<terrain>Pavement_3_0</terrain>
		<terrain>Pavement_3_0</terrain>
		<terrain>Pavement_3_0</terrain>
		<terrain>Pavement_3_0</terrain>
		<terrain>Pavement_3_0</terrain>
		<terrain>Pavement_3_0</terrain>
		<terrain>Pavement_3_0</terrain>
		<terrain>Pavement_3_0</terrain>
		<terrain>Pavement_3_0</terrain>
		<terrain>Pavement_3_0</terrain>
		<terrain>Pavement_3_0</terrain>
		<terrain>Pavement_3_0</terrain>
		<terrain>Pavement_3_0</terrain>
		<terrain>Pavement_3_0</terrain>
		<terrain>Pavement_3_0</terrain>
		<terrain>Pavement_3_0</terrain>
		<terrain>Pavement_3_0</terrain>
		<terrain>Pavement_3_0</terrain>
		<terrain>Pavement_3_0</terrain>
		<terrain>Pavement_3_0</terrain>
		<terrain>Pavement_3_0</terrain>
		<terrain>Pavement_3_0</terrain>
		<terrain>Pavement_3_0</terrain>
		<terrain>Pavement_3_0</terrain>
		<terrain>Pavement_3_0</terrain>
		<terrain>Pavement_3_0</terrain>
		<terrain>Pavement_3_0</terrain>
		<terrain>Pavement_3_0</terrain>
		<terrain>Pavement_3_0</terrain>
		<terrain>Pavement_3_0</terrain>
		<terrain>Pavement_3_0</terrain>
		<terrain>Pavement_3_0</terrain>
		<terrain>Pavement_3_0</terrain>
		<terrain>Pavement_3_0</terrain>
		<terrain>Pavement_3_0</terrain>
		<terrain>Pavement_3_0</terrain>
		<terrain>Pavement_3_0</terrain>
		<terrain>Pavement_3_0</terrain>
		<terrain>Pavement_3_0</terrain>
		<terrain>Pavement_3_0</terrain>
		<terrain>Pavement_3_0</terrain>
		<terrain>Pavement_3_0</terrain>
		<terrain>Pavement_3_0</terrain>
		<terrain>Pavement_3_0</terrain>
		<terrain>Pavement_3_0</terrain>
		<terrain>Pavement_3_0</terrain>
		<terrain>Pavement_3_0</terrain>
		<terrain>Pavement_3_0</terrain>
		<terrain>Pavement_3_0</terrain>
		<terrain>Pavement_3_0</terrain>
		<terrain>Pavement_3_0</terrain>
		<terrain>Pavement_3_0</terrain>
		<terrain>Pavement_3_0</terrain>
		<terrain>Pavement_3_0</terrain>
		<terrain>Pavement_3_0</terrain>
		<terrain>Pavement_3_0</terrain>
		<terrain>Pavement_3_0</terrain>
		<terrain>Pavement_3_0</terrain>
		<terrain>Pavement_3_0</terrain>
		<terrain>Pavement_3_0</terrain>
		<terrain>Pavement_3_0</terrain>
		<terrain>Pavement_3_0</terrain>
		<terrain>Pavement_3_0</terrain>
		<terrain>Pavement_3_0</terrain>
		<terrain>Pavement_3_0</terrain>
		<terrain>Pavement_3_0</terrain>
		<terrain>Pavement_3_0</terrain>
		<terrain>Pavement_3_0</terrain>
		<terrain>Pavement_3_0</terrain>
		<terrain>Pavement_3_0</terrain>
		<terrain>Pavement_3_0</terrain>
		<terrain>Pavement_3_0</terrain>
		<terrain>Pavement_3_0</terrain>
		<terrain>Pavement_3_0</terrain>
		<terrain>Pavement_3_0</terrain>
		<terrain>Pavement_3_0</terrain>
		<terrain>Pavement_3_0</terrain>
		<terrain>Pavement_3_0</terrain>
		<terrain>Pavement_3_0</terrain>
		<terrain>Pavement_3_0</terrain>
		<terrain>Pavement_3_0</terrain>
		<terrain>Pavement_3_0</terrain>
		<terrain>Pavement_3_0</terrain>
		<terrain>Pavement_3_0</terrain>
		<terrain>Pavement_3_0</terrain>
		<terrain>Pavement_3_0</terrain>
		<terrain>Pavement_3_0</terrain>
		<terrain>Pavement_3_0</terrain>
		<terrain>Pavement_3_0</terrain>
		<terrain>Pavement_3_0</terrain>
		<terrain>Pavement_3_0</terrain>
		<terrain>Pavement_3_0</terrain>
		<terrain>Pavement_3_0</terrain>
		<terrain>Pavement_3_0</terrain>
	</map>
	<objects>
	
	</objects>
	<items>
	
	</items>
</gamemap>
