<?xml version="1.0" encoding="UTF-8"?>
<gamemap>
	<map width="10" height="10">
		<terrain>aSand#24</terrain>
		<terrain>aSand#24</terrain>
		<terrain>aSand#24</terrain>
		<terrain>aSand#24</terrain>
		<terrain>aSand#24</terrain>
		<terrain>aSand#24</terrain>
		<terrain>aSand#24</terrain>
		<terrain>aSand#24</terrain>
		<terrain>aSand#30</terrain>
		<terrain>aSand#31</terrain>
		<terrain>aSand#24</terrain>
		<terrain>aSand#24</terrain>
		<terrain>aSand#24</terrain>
		<terrain>aSand#24</terrain>
		<terrain>aSand#24</terrain>
		<terrain>aSand#24</terrain>
		<terrain>aSand#24</terrain>
		<terrain>aSand#24</terrain>
		<terrain>aSand#30</terrain>
		<terrain>aSand#31</terrain>
		<terrain>aSand#24</terrain>
		<terrain>aSand#24</terrain>
		<terrain>aSand#24</terrain>
		<terrain>aSand#24</terrain>
		<terrain>aSand#24</terrain>
		<terrain>aSand#24</terrain>
		<terrain>aSand#24</terrain>
		<terrain>aSand#24</terrain>
		<terrain>aSand#30</terrain>
		<terrain>aSand#31</terrain>
		<terrain>aSand#24</terrain>
		<terrain>aSand#24</terrain>
		<terrain>aSand#24</terrain>
		<terrain>aSand#24</terrain>
		<terrain>aSand#24</terrain>
		<terrain>aSand#24</terrain>
		<terrain>aSand#24</terrain>
		<terrain>aSand#24</terrain>
		<terrain>aSand#30</terrain>
		<terrain>aSand#31</terrain>
		<terrain>aSand#21</terrain>
		<terrain>aSand#21</terrain>
		<terrain>aSand#21</terrain>
		<terrain>aSand#21</terrain>
		<terrain>aSand#21</terrain>
		<terrain>aSand#21</terrain>
		<terrain>aSand#21</terrain>
		<terrain>aSand#21</terrain>
		<terrain>Pavement#20</terrain>
		<terrain>aSand#31</terrain>
		<terrain>aSand#31</terrain>
		<terrain>aSand#31</terrain>
		<terrain>aSand#31</terrain>
		<terrain>aSand#31</terrain>
		<terrain>aSand#31</terrain>
		<terrain>aSand#31</terrain>
		<terrain>aSand#31</terrain>
		<terrain>aSand#31</terrain>
		<terrain>aSand#31</terrain>
		<terrain>aSand#31</terrain>
		<terrain>aSand#31</terrain>
		<terrain>aSand#31</terrain>
		<terrain>aSand#31</terrain>
		<terrain>aSand#31</terrain>
		<terrain>aSand#31</terrain>
		<terrain>aSand#31</terrain>
		<terrain>aSand#31</terrain>
		<terrain>aSand#31</terrain>
		<terrain>aSand#31</terrain>
		<terrain>aSand#31</terrain>
		<terrain>aSand#31</terrain>
		<terrain>aSand#31</terrain>
		<terrain>aSand#31</terrain>
		<terrain>aSand#31</terrain>
		<terrain>aSand#31</terrain>
		<terrain>aSand#31</terrain>
		<terrain>aSand#31</terrain>
		<terrain>aSand#31</terrain>
		<terrain>aSand#31</terrain>
		<terrain>aSand#31</terrain>
		<terrain>aSand#31</terrain>
		<terrain>aSand#31</terrain>
		<terrain>aSand#31</terrain>
		<terrain>aSand#31</terrain>
		<terrain>aSand#31</terrain>
		<terrain>aSand#31</terrain>
		<terrain>aSand#31</terrain>
		<terrain>aSand#31</terrain>
		<terrain>aSand#31</terrain>
		<terrain>aSand#31</terrain>
		<terrain>aSand#31</terrain>
		<terrain>aSand#31</terrain>
		<terrain>aSand#31</terrain>
		<terrain>aSand#31</terrain>
		<terrain>aSand#31</terrain>
		<terrain>aSand#31</terrain>
		<terrain>aSand#31</terrain>
		<terrain>aSand#31</terrain>
		<terrain>aSand#31</terrain>
		<terrain>aSand#31</terrain>
	</map>
	<objects>
		<object position_x="1376" position_y="212.00" position_z="0" size_x="585" size_y="373" >Test2</object>
		<object position_x="314" position_y="234.00" position_z="0" size_x="400" size_y="400" >Test3</object>
		<object position_x="995" position_y="1054.00" position_z="0" size_x="400" size_y="400" >Test3</object>
	</objects>
	<items>
	</items>
</gamemap>
