<?xml version="1.0" encoding="UTF-8"?>
<gamemap>
	<map width="31" height="20">
		<terrain>Pavement#10</terrain>
		<terrain>Pavement#10</terrain>
		<terrain>Pavement#10</terrain>
		<terrain>Pavement#10</terrain>
		<terrain>Pavement#10</terrain>
		<terrain>Pavement#35</terrain>
		<terrain>Pavement#58</terrain>
		<terrain>Pavement#58</terrain>
		<terrain>Pavement#58</terrain>
		<terrain>Pavement#58</terrain>
		<terrain>Pavement#58</terrain>
		<terrain>Pavement#58</terrain>
		<terrain>Pavement#58</terrain>
		<terrain>Pavement#58</terrain>
		<terrain>Grass#0</terrain>
		<terrain>Path#0</terrain>
		<terrain>Grass#0</terrain>
		<terrain>Grass#0</terrain>
		<terrain>Grass#0</terrain>
		<terrain>Grass#0</terrain>
		<terrain>Grass#0</terrain>
		<terrain>Grass1#0</terrain>
		<terrain>Pavement#42</terrain>
		<terrain>Pavement#42</terrain>
		<terrain>Pavement#42</terrain>
		<terrain>Grass1#0</terrain>
		<terrain>Grass1#0</terrain>
		<terrain>Grass1#0</terrain>
		<terrain>Grass1#0</terrain>
		<terrain>Grass1#0</terrain>
		<terrain>Grass1#0</terrain>
		<terrain>Pavement#10</terrain>
		<terrain>Pavement#10</terrain>
		<terrain>Pavement#10</terrain>
		<terrain>Pavement#10</terrain>
		<terrain>Pavement#10</terrain>
		<terrain>Pavement#35</terrain>
		<terrain>Pavement#58</terrain>
		<terrain>Pavement#58</terrain>
		<terrain>Pavement#58</terrain>
		<terrain>Pavement#58</terrain>
		<terrain>Pavement#58</terrain>
		<terrain>Pavement#58</terrain>
		<terrain>Pavement#58</terrain>
		<terrain>Grass#0</terrain>
		<terrain>Grass#0</terrain>
		<terrain>Path#0</terrain>
		<terrain>Grass#0</terrain>
		<terrain>Grass#0</terrain>
		<terrain>Grass#0</terrain>
		<terrain>Grass#0</terrain>
		<terrain>Grass#0</terrain>
		<terrain>Pavement#42</terrain>
		<terrain>Pavement#42</terrain>
		<terrain>Pavement#42</terrain>
		<terrain>Grass1#0</terrain>
		<terrain>Grass1#0</terrain>
		<terrain>Grass1#0</terrain>
		<terrain>Grass1#0</terrain>
		<terrain>Grass1#0</terrain>
		<terrain>Grass1#0</terrain>
		<terrain>Grass1#0</terrain>
		<terrain>Pavement#10</terrain>
		<terrain>Pavement#10</terrain>
		<terrain>Pavement#10</terrain>
		<terrain>Pavement#10</terrain>
		<terrain>Pavement#10</terrain>
		<terrain>Pavement#35</terrain>
		<terrain>Pavement#58</terrain>
		<terrain>Pavement#58</terrain>
		<terrain>Pavement#58</terrain>
		<terrain>Pavement#58</terrain>
		<terrain>Pavement#58</terrain>
		<terrain>Pavement#58</terrain>
		<terrain>Grass1#0</terrain>
		<terrain>Grass#0</terrain>
		<terrain>Grass1#0</terrain>
		<terrain>Path#0</terrain>
		<terrain>Grass#0</terrain>
		<terrain>Grass#0</terrain>
		<terrain>Grass#0</terrain>
		<terrain>Grass#0</terrain>
		<terrain>Pavement#42</terrain>
		<terrain>Pavement#42</terrain>
		<terrain>Pavement#42</terrain>
		<terrain>Grass1#0</terrain>
		<terrain>Grass1#0</terrain>
		<terrain>Grass1#0</terrain>
		<terrain>Grass1#0</terrain>
		<terrain>Grass1#0</terrain>
		<terrain>Grass1#0</terrain>
		<terrain>Grass1#0</terrain>
		<terrain>Grass1#0</terrain>
		<terrain>Pavement#10</terrain>
		<terrain>Pavement#10</terrain>
		<terrain>Pavement#10</terrain>
		<terrain>Pavement#10</terrain>
		<terrain>Pavement#10</terrain>
		<terrain>Pavement#35</terrain>
		<terrain>Pavement#35</terrain>
		<terrain>Pavement#35</terrain>
		<terrain>Pavement#35</terrain>
		<terrain>Pavement#35</terrain>
		<terrain>Pavement#50</terrain>
		<terrain>Pavement#50</terrain>
		<terrain>Grass1#0</terrain>
		<terrain>Grass#0</terrain>
		<terrain>Grass1#0</terrain>
		<terrain>Road#0</terrain>
		<terrain>Grass#0</terrain>
		<terrain>Grass#0</terrain>
		<terrain>Grass1#0</terrain>
		<terrain>Pavement#42</terrain>
		<terrain>Pavement#42</terrain>
		<terrain>Pavement#42</terrain>
		<terrain>Grass1#0</terrain>
		<terrain>Grass1#0</terrain>
		<terrain>Grass1#0</terrain>
		<terrain>Grass1#0</terrain>
		<terrain>Grass1#0</terrain>
		<terrain>Grass1#0</terrain>
		<terrain>Grass1#0</terrain>
		<terrain>Grass1#0</terrain>
		<terrain>Grass1#0</terrain>
		<terrain>TESTDELETETHIS#10</terrain>
		<terrain>TESTDELETETHIS#10</terrain>
		<terrain>TESTDELETETHIS#10</terrain>
		<terrain>TESTDELETETHIS#10</terrain>
		<terrain>TESTDELETETHIS#10</terrain>
		<terrain>TESTDELETETHIS#10</terrain>
		<terrain>TESTDELETETHIS#10</terrain>
		<terrain>TESTDELETETHIS#10</terrain>
		<terrain>TESTDELETETHIS#10</terrain>
		<terrain>Pavement#35</terrain>
		<terrain>Pavement#50</terrain>
		<terrain>Pavement#50</terrain>
		<terrain>Pavement#50</terrain>
		<terrain>Grass1#0</terrain>
		<terrain>Grass1#0</terrain>
		<terrain>Road#0</terrain>
		<terrain>Grass1#0</terrain>
		<terrain>Grass1#0</terrain>
		<terrain>Pavement#42</terrain>
		<terrain>Pavement#42</terrain>
		<terrain>Pavement#42</terrain>
		<terrain>Grass1#0</terrain>
		<terrain>Grass1#0</terrain>
		<terrain>Grass1#0</terrain>
		<terrain>Grass1#0</terrain>
		<terrain>Grass1#0</terrain>
		<terrain>Grass1#0</terrain>
		<terrain>Grass1#0</terrain>
		<terrain>Grass1#0</terrain>
		<terrain>Grass1#0</terrain>
		<terrain>Grass1#0</terrain>
		<terrain>TESTDELETETHIS#10</terrain>
		<terrain>TESTDELETETHIS#10</terrain>
		<terrain>TESTDELETETHIS#10</terrain>
		<terrain>TESTDELETETHIS#10</terrain>
		<terrain>TESTDELETETHIS#10</terrain>
		<terrain>TESTDELETETHIS#10</terrain>
		<terrain>TESTDELETETHIS#10</terrain>
		<terrain>TESTDELETETHIS#10</terrain>
		<terrain>TESTDELETETHIS#10</terrain>
		<terrain>Pavement#35</terrain>
		<terrain>Pavement#50</terrain>
		<terrain>Pavement#50</terrain>
		<terrain>Pavement#50</terrain>
		<terrain>Grass1#0</terrain>
		<terrain>Grass1#0</terrain>
		<terrain>Road#0</terrain>
		<terrain>Grass1#0</terrain>
		<terrain>Pavement#42</terrain>
		<terrain>Pavement#42</terrain>
		<terrain>Pavement#42</terrain>
		<terrain>Grass1#0</terrain>
		<terrain>Grass1#0</terrain>
		<terrain>Grass1#0</terrain>
		<terrain>Grass1#0</terrain>
		<terrain>Grass1#0</terrain>
		<terrain>Grass1#0</terrain>
		<terrain>Grass1#0</terrain>
		<terrain>Grass1#0</terrain>
		<terrain>Grass1#0</terrain>
		<terrain>Grass1#0</terrain>
		<terrain>Grass1#0</terrain>
		<terrain>TESTDELETETHIS#10</terrain>
		<terrain>TESTDELETETHIS#10</terrain>
		<terrain>TESTDELETETHIS#10</terrain>
		<terrain>TESTDELETETHIS#10</terrain>
		<terrain>TESTDELETETHIS#10</terrain>
		<terrain>TESTDELETETHIS#10</terrain>
		<terrain>TESTDELETETHIS#10</terrain>
		<terrain>TESTDELETETHIS#10</terrain>
		<terrain>TESTDELETETHIS#10</terrain>
		<terrain>Pavement#35</terrain>
		<terrain>Pavement#50</terrain>
		<terrain>Pavement#50</terrain>
		<terrain>Pavement#50</terrain>
		<terrain>Grass1#0</terrain>
		<terrain>Grass1#0</terrain>
		<terrain>Road#0</terrain>
		<terrain>Pavement#42</terrain>
		<terrain>Pavement#42</terrain>
		<terrain>Pavement#42</terrain>
		<terrain>Grass1#0</terrain>
		<terrain>Grass1#0</terrain>
		<terrain>Grass1#0</terrain>
		<terrain>Grass1#0</terrain>
		<terrain>Grass1#0</terrain>
		<terrain>Grass1#0</terrain>
		<terrain>Grass1#0</terrain>
		<terrain>Grass1#0</terrain>
		<terrain>Grass1#0</terrain>
		<terrain>Grass1#0</terrain>
		<terrain>Grass1#0</terrain>
		<terrain>Grass1#0</terrain>
		<terrain>TESTDELETETHIS#10</terrain>
		<terrain>TESTDELETETHIS#10</terrain>
		<terrain>TESTDELETETHIS#10</terrain>
		<terrain>TESTDELETETHIS#10</terrain>
		<terrain>TESTDELETETHIS#10</terrain>
		<terrain>TESTDELETETHIS#10</terrain>
		<terrain>TESTDELETETHIS#10</terrain>
		<terrain>TESTDELETETHIS#10</terrain>
		<terrain>TESTDELETETHIS#10</terrain>
		<terrain>Pavement#35</terrain>
		<terrain>Pavement#50</terrain>
		<terrain>Pavement#50</terrain>
		<terrain>Pavement#50</terrain>
		<terrain>Grass1#0</terrain>
		<terrain>Grass1#0</terrain>
		<terrain>Pavement#42</terrain>
		<terrain>Pavement#42</terrain>
		<terrain>Pavement#42</terrain>
		<terrain>Grass1#0</terrain>
		<terrain>Grass1#0</terrain>
		<terrain>Grass1#0</terrain>
		<terrain>Grass1#0</terrain>
		<terrain>Grass1#0</terrain>
		<terrain>Grass1#0</terrain>
		<terrain>Grass1#0</terrain>
		<terrain>Grass1#0</terrain>
		<terrain>Grass1#0</terrain>
		<terrain>Grass1#0</terrain>
		<terrain>Grass1#0</terrain>
		<terrain>Grass1#0</terrain>
		<terrain>Grass1#0</terrain>
		<terrain>TESTDELETETHIS#10</terrain>
		<terrain>TESTDELETETHIS#10</terrain>
		<terrain>TESTDELETETHIS#10</terrain>
		<terrain>TESTDELETETHIS#10</terrain>
		<terrain>TESTDELETETHIS#10</terrain>
		<terrain>TESTDELETETHIS#10</terrain>
		<terrain>TESTDELETETHIS#10</terrain>
		<terrain>TESTDELETETHIS#10</terrain>
		<terrain>TESTDELETETHIS#10</terrain>
		<terrain>Pavement#34</terrain>
		<terrain>Pavement#34</terrain>
		<terrain>Pavement#34</terrain>
		<terrain>Pavement#34</terrain>
		<terrain>Grass1#0</terrain>
		<terrain>Pavement#42</terrain>
		<terrain>Pavement#42</terrain>
		<terrain>Pavement#42</terrain>
		<terrain>Pavement#42</terrain>
		<terrain>Pavement#42</terrain>
		<terrain>Pavement#42</terrain>
		<terrain>Pavement#42</terrain>
		<terrain>Pavement#42</terrain>
		<terrain>Pavement#42</terrain>
		<terrain>Pavement#42</terrain>
		<terrain>Pavement#42</terrain>
		<terrain>Pavement#42</terrain>
		<terrain>Pavement#42</terrain>
		<terrain>Pavement#42</terrain>
		<terrain>Pavement#42</terrain>
		<terrain>Pavement#42</terrain>
		<terrain>Pavement#42</terrain>
		<terrain>TESTDELETETHIS#10</terrain>
		<terrain>TESTDELETETHIS#10</terrain>
		<terrain>TESTDELETETHIS#10</terrain>
		<terrain>TESTDELETETHIS#10</terrain>
		<terrain>TESTDELETETHIS#10</terrain>
		<terrain>TESTDELETETHIS#10</terrain>
		<terrain>TESTDELETETHIS#10</terrain>
		<terrain>TESTDELETETHIS#10</terrain>
		<terrain>TESTDELETETHIS#10</terrain>
		<terrain>Pavement#34</terrain>
		<terrain>Pavement#34</terrain>
		<terrain>Pavement#34</terrain>
		<terrain>Pavement#34</terrain>
		<terrain>Grass1#0</terrain>
		<terrain>Pavement#42</terrain>
		<terrain>Pavement#42</terrain>
		<terrain>Pavement#42</terrain>
		<terrain>Pavement#42</terrain>
		<terrain>Pavement#42</terrain>
		<terrain>Pavement#42</terrain>
		<terrain>Pavement#42</terrain>
		<terrain>Pavement#42</terrain>
		<terrain>Pavement#42</terrain>
		<terrain>Pavement#42</terrain>
		<terrain>Pavement#42</terrain>
		<terrain>Pavement#42</terrain>
		<terrain>Pavement#42</terrain>
		<terrain>Pavement#42</terrain>
		<terrain>Pavement#42</terrain>
		<terrain>Pavement#42</terrain>
		<terrain>Pavement#42</terrain>
		<terrain>TESTDELETETHIS#10</terrain>
		<terrain>TESTDELETETHIS#10</terrain>
		<terrain>TESTDELETETHIS#10</terrain>
		<terrain>TESTDELETETHIS#10</terrain>
		<terrain>TESTDELETETHIS#10</terrain>
		<terrain>TESTDELETETHIS#10</terrain>
		<terrain>TESTDELETETHIS#10</terrain>
		<terrain>TESTDELETETHIS#10</terrain>
		<terrain>TESTDELETETHIS#10</terrain>
		<terrain>Pavement#35</terrain>
		<terrain>Pavement#50</terrain>
		<terrain>Pavement#50</terrain>
		<terrain>Pavement#50</terrain>
		<terrain>Grass1#0</terrain>
		<terrain>Pavement#42</terrain>
		<terrain>Pavement#42</terrain>
		<terrain>Grass1#0</terrain>
		<terrain>Grass1#0</terrain>
		<terrain>Grass1#0</terrain>
		<terrain>Grass1#0</terrain>
		<terrain>Grass1#0</terrain>
		<terrain>Grass1#0</terrain>
		<terrain>Grass1#0</terrain>
		<terrain>Grass1#0</terrain>
		<terrain>Grass1#0</terrain>
		<terrain>Grass1#0</terrain>
		<terrain>Grass1#0</terrain>
		<terrain>Grass1#0</terrain>
		<terrain>Grass1#0</terrain>
		<terrain>Grass1#0</terrain>
		<terrain>Grass1#0</terrain>
		<terrain>TESTDELETETHIS#10</terrain>
		<terrain>TESTDELETETHIS#10</terrain>
		<terrain>TESTDELETETHIS#10</terrain>
		<terrain>TESTDELETETHIS#10</terrain>
		<terrain>TESTDELETETHIS#10</terrain>
		<terrain>TESTDELETETHIS#10</terrain>
		<terrain>TESTDELETETHIS#10</terrain>
		<terrain>TESTDELETETHIS#10</terrain>
		<terrain>TESTDELETETHIS#10</terrain>
		<terrain>Pavement#35</terrain>
		<terrain>Pavement#50</terrain>
		<terrain>Pavement#50</terrain>
		<terrain>Grass1#0</terrain>
		<terrain>Grass1#0</terrain>
		<terrain>Pavement#42</terrain>
		<terrain>Pavement#42</terrain>
		<terrain>Grass1#0</terrain>
		<terrain>Grass1#0</terrain>
		<terrain>Grass1#0</terrain>
		<terrain>Grass1#0</terrain>
		<terrain>Grass1#0</terrain>
		<terrain>Grass1#0</terrain>
		<terrain>Grass1#0</terrain>
		<terrain>Pavement#3</terrain>
		<terrain>Pavement#3</terrain>
		<terrain>Grass1#0</terrain>
		<terrain>Pavement#3</terrain>
		<terrain>Pavement#3</terrain>
		<terrain>Grass1#0</terrain>
		<terrain>Grass1#0</terrain>
		<terrain>Grass1#0</terrain>
		<terrain>TESTDELETETHIS#10</terrain>
		<terrain>TESTDELETETHIS#10</terrain>
		<terrain>TESTDELETETHIS#10</terrain>
		<terrain>TESTDELETETHIS#10</terrain>
		<terrain>TESTDELETETHIS#10</terrain>
		<terrain>TESTDELETETHIS#10</terrain>
		<terrain>TESTDELETETHIS#10</terrain>
		<terrain>TESTDELETETHIS#10</terrain>
		<terrain>TESTDELETETHIS#10</terrain>
		<terrain>Pavement#35</terrain>
		<terrain>Pavement#50</terrain>
		<terrain>Pavement#50</terrain>
		<terrain>Grass1#0</terrain>
		<terrain>Grass1#0</terrain>
		<terrain>Pavement#42</terrain>
		<terrain>Pavement#42</terrain>
		<terrain>Grass1#0</terrain>
		<terrain>Grass1#0</terrain>
		<terrain>Grass1#0</terrain>
		<terrain>Grass1#0</terrain>
		<terrain>Grass1#0</terrain>
		<terrain>Pavement#3</terrain>
		<terrain>Pavement#3</terrain>
		<terrain>Pavement#3</terrain>
		<terrain>Pavement#3</terrain>
		<terrain>Grass1#0</terrain>
		<terrain>Pavement#3</terrain>
		<terrain>Pavement#3</terrain>
		<terrain>Pavement#3</terrain>
		<terrain>Grass1#0</terrain>
		<terrain>Grass1#0</terrain>
		<terrain>TESTDELETETHIS#10</terrain>
		<terrain>TESTDELETETHIS#10</terrain>
		<terrain>TESTDELETETHIS#10</terrain>
		<terrain>TESTDELETETHIS#10</terrain>
		<terrain>Pavement#10</terrain>
		<terrain>Pavement#10</terrain>
		<terrain>Pavement#10</terrain>
		<terrain>TESTDELETETHIS#10</terrain>
		<terrain>TESTDELETETHIS#10</terrain>
		<terrain>Pavement#35</terrain>
		<terrain>Pavement#50</terrain>
		<terrain>Pavement#50</terrain>
		<terrain>Pavement#50</terrain>
		<terrain>Grass1#0</terrain>
		<terrain>Pavement#42</terrain>
		<terrain>Pavement#42</terrain>
		<terrain>Grass1#0</terrain>
		<terrain>Grass1#0</terrain>
		<terrain>Grass1#0</terrain>
		<terrain>Grass1#0</terrain>
		<terrain>Pavement#3</terrain>
		<terrain>Pavement#3</terrain>
		<terrain>Pavement#3</terrain>
		<terrain>Pavement#3</terrain>
		<terrain>Pavement#3</terrain>
		<terrain>Pavement#3</terrain>
		<terrain>Pavement#3</terrain>
		<terrain>Grass1#0</terrain>
		<terrain>Grass1#0</terrain>
		<terrain>Pavement#3</terrain>
		<terrain>Pavement#3</terrain>
		<terrain>Pavement#35</terrain>
		<terrain>Pavement#35</terrain>
		<terrain>Pavement#35</terrain>
		<terrain>Pavement#35</terrain>
		<terrain>Pavement#10</terrain>
		<terrain>Pavement#10</terrain>
		<terrain>Pavement#10</terrain>
		<terrain>Pavement#35</terrain>
		<terrain>Pavement#35</terrain>
		<terrain>Pavement#35</terrain>
		<terrain>Pavement#58</terrain>
		<terrain>Pavement#50</terrain>
		<terrain>Grass1#0</terrain>
		<terrain>Grass1#0</terrain>
		<terrain>Pavement#42</terrain>
		<terrain>Pavement#42</terrain>
		<terrain>Grass1#0</terrain>
		<terrain>Grass1#0</terrain>
		<terrain>Pavement#3</terrain>
		<terrain>Grass1#0</terrain>
		<terrain>Pavement#3</terrain>
		<terrain>Pavement#3</terrain>
		<terrain>Pavement#3</terrain>
		<terrain>Pavement#3</terrain>
		<terrain>Pavement#3</terrain>
		<terrain>Grass1#0</terrain>
		<terrain>Pavement#3</terrain>
		<terrain>Pavement#3</terrain>
		<terrain>Pavement#3</terrain>
		<terrain>Grass1#0</terrain>
		<terrain>Pavement#3</terrain>
		<terrain>Pavement#58</terrain>
		<terrain>Grass1#0</terrain>
		<terrain>Pavement#58</terrain>
		<terrain>Pavement#35</terrain>
		<terrain>Pavement#10</terrain>
		<terrain>Pavement#10</terrain>
		<terrain>Pavement#10</terrain>
		<terrain>Pavement#35</terrain>
		<terrain>Pavement#50</terrain>
		<terrain>Grass1#0</terrain>
		<terrain>Grass1#0</terrain>
		<terrain>Grass1#0</terrain>
		<terrain>Grass1#0</terrain>
		<terrain>Grass1#0</terrain>
		<terrain>Pavement#42</terrain>
		<terrain>Pavement#42</terrain>
		<terrain>Grass1#0</terrain>
		<terrain>Grass1#0</terrain>
		<terrain>Pavement#3</terrain>
		<terrain>Grass1#0</terrain>
		<terrain>Pavement#3</terrain>
		<terrain>Pavement#3</terrain>
		<terrain>Grass1#0</terrain>
		<terrain>Pavement#3</terrain>
		<terrain>Grass1#0</terrain>
		<terrain>Pavement#3</terrain>
		<terrain>Pavement#3</terrain>
		<terrain>Pavement#3</terrain>
		<terrain>Pavement#3</terrain>
		<terrain>Pavement#3</terrain>
		<terrain>Pavement#3</terrain>
		<terrain>Pavement#58</terrain>
		<terrain>Pavement#58</terrain>
		<terrain>Pavement#58</terrain>
		<terrain>Pavement#35</terrain>
		<terrain>Pavement#10</terrain>
		<terrain>Pavement#10</terrain>
		<terrain>Pavement#10</terrain>
		<terrain>Pavement#35</terrain>
		<terrain>Grass1#0</terrain>
		<terrain>Grass1#0</terrain>
		<terrain>Grass1#0</terrain>
		<terrain>Grass1#0</terrain>
		<terrain>Grass1#0</terrain>
		<terrain>Grass1#0</terrain>
		<terrain>Pavement#42</terrain>
		<terrain>Pavement#42</terrain>
		<terrain>Grass1#0</terrain>
		<terrain>Grass1#0</terrain>
		<terrain>Grass1#0</terrain>
		<terrain>Grass1#0</terrain>
		<terrain>Pavement#3</terrain>
		<terrain>Pavement#3</terrain>
		<terrain>Grass1#0</terrain>
		<terrain>Pavement#3</terrain>
		<terrain>Pavement#3</terrain>
		<terrain>Pavement#3</terrain>
		<terrain>Pavement#3</terrain>
		<terrain>Grass1#0</terrain>
		<terrain>Pavement#3</terrain>
		<terrain>Pavement#3</terrain>
		<terrain>Pavement#3</terrain>
		<terrain>Pavement#58</terrain>
		<terrain>Pavement#58</terrain>
		<terrain>Grass1#0</terrain>
		<terrain>Pavement#35</terrain>
		<terrain>Pavement#10</terrain>
		<terrain>Pavement#10</terrain>
		<terrain>Pavement#10</terrain>
		<terrain>Pavement#35</terrain>
		<terrain>Grass1#0</terrain>
		<terrain>Grass1#0</terrain>
		<terrain>Grass1#0</terrain>
		<terrain>Grass1#0</terrain>
		<terrain>Grass1#0</terrain>
		<terrain>Grass1#0</terrain>
		<terrain>Pavement#42</terrain>
		<terrain>Pavement#42</terrain>
		<terrain>Grass1#0</terrain>
		<terrain>Grass1#0</terrain>
		<terrain>Grass1#0</terrain>
		<terrain>Grass1#0</terrain>
		<terrain>Grass1#0</terrain>
		<terrain>Grass1#0</terrain>
		<terrain>Pavement#3</terrain>
		<terrain>Pavement#3</terrain>
		<terrain>Pavement#3</terrain>
		<terrain>Grass1#0</terrain>
		<terrain>Pavement#3</terrain>
		<terrain>Pavement#3</terrain>
		<terrain>Pavement#3</terrain>
		<terrain>Grass1#0</terrain>
		<terrain>Grass1#0</terrain>
		<terrain>Grass1#0</terrain>
		<terrain>Grass1#0</terrain>
		<terrain>Grass1#0</terrain>
		<terrain>Pavement#35</terrain>
		<terrain>Pavement#10</terrain>
		<terrain>Pavement#10</terrain>
		<terrain>Pavement#10</terrain>
		<terrain>Pavement#35</terrain>
		<terrain>Grass1#0</terrain>
		<terrain>Grass1#0</terrain>
		<terrain>Grass1#0</terrain>
		<terrain>Grass1#0</terrain>
		<terrain>Grass1#0</terrain>
		<terrain>Grass1#0</terrain>
		<terrain>Pavement#42</terrain>
		<terrain>Pavement#42</terrain>
		<terrain>Grass1#0</terrain>
		<terrain>Grass1#0</terrain>
		<terrain>Grass1#0</terrain>
		<terrain>Grass1#0</terrain>
		<terrain>Pavement#3</terrain>
		<terrain>Pavement#3</terrain>
		<terrain>Grass1#0</terrain>
		<terrain>Pavement#3</terrain>
		<terrain>Pavement#3</terrain>
		<terrain>Grass1#0</terrain>
		<terrain>Pavement#3</terrain>
		<terrain>Pavement#3</terrain>
		<terrain>Pavement#3</terrain>
		<terrain>Pavement#3</terrain>
		<terrain>Pavement#3</terrain>
		<terrain>Grass1#0</terrain>
		<terrain>Grass1#0</terrain>
		<terrain>Grass1#0</terrain>
		<terrain>Pavement#35</terrain>
		<terrain>Pavement#10</terrain>
		<terrain>Pavement#10</terrain>
		<terrain>Pavement#10</terrain>
		<terrain>Pavement#35</terrain>
		<terrain>Grass1#0</terrain>
		<terrain>Grass1#0</terrain>
		<terrain>Grass1#0</terrain>
		<terrain>Grass1#0</terrain>
		<terrain>Grass1#0</terrain>
		<terrain>Grass1#0</terrain>
		<terrain>Pavement#42</terrain>
		<terrain>Pavement#42</terrain>
		<terrain>Grass1#0</terrain>
		<terrain>Grass1#0</terrain>
		<terrain>Grass1#0</terrain>
		<terrain>Grass1#0</terrain>
		<terrain>Grass1#0</terrain>
		<terrain>Pavement#3</terrain>
		<terrain>Grass1#0</terrain>
		<terrain>Pavement#3</terrain>
		<terrain>Pavement#3</terrain>
		<terrain>Pavement#3</terrain>
		<terrain>Pavement#3</terrain>
		<terrain>Pavement#3</terrain>
		<terrain>Pavement#3</terrain>
		<terrain>Grass1#0</terrain>
		<terrain>Pavement#3</terrain>
	</map>
	<objects>
	</objects>
	<items>
	</items>
</gamemap>
