<?xml version="1.0" encoding="UTF-8"?>
<gamemap>
	<map width="40" height="40">
		<terrain>aGrass#32</terrain>
		<terrain>aGrass#32</terrain>
		<terrain>aGrass#32</terrain>
		<terrain>aGrass#32</terrain>
		<terrain>aGrass#32</terrain>
		<terrain>aGrass#32</terrain>
		<terrain>aGrass#32</terrain>
		<terrain>aGrass#32</terrain>
		<terrain>aGrass#32</terrain>
		<terrain>aGrass#32</terrain>
		<terrain>aGrass#32</terrain>
		<terrain>aGrass#32</terrain>
		<terrain>aGrass#33</terrain>
		<terrain>aSand#31</terrain>
		<terrain>aGrass#4</terrain>
		<terrain>aGrass#5</terrain>
		<terrain>aGrass#5</terrain>
		<terrain>aGrass#5</terrain>
		<terrain>aGrass#5</terrain>
		<terrain>aGrass#5</terrain>
		<terrain>aGrass#5</terrain>
		<terrain>aGrass#5</terrain>
		<terrain>aGrass#5</terrain>
		<terrain>aGrass#5</terrain>
		<terrain>aGrass#5</terrain>
		<terrain>aGrass#6</terrain>
		<terrain>aSand#75</terrain>
		<terrain>aSand#75</terrain>
		<terrain>aSand#75</terrain>
		<terrain>aSand#75</terrain>
		<terrain>aSand#75</terrain>
		<terrain>TESTDELETETHISALSO#21</terrain>
		<terrain>aSand#75</terrain>
		<terrain>aSand#75</terrain>
		<terrain>aSand#75</terrain>
		<terrain>aSand#75</terrain>
		<terrain>aSand#75</terrain>
		<terrain>aSand#75</terrain>
		<terrain>aSand#75</terrain>
		<terrain>aSand#75</terrain>
		<terrain>aGrass#32</terrain>
		<terrain>aGrass#32</terrain>
		<terrain>aGrass#32</terrain>
		<terrain>aGrass#32</terrain>
		<terrain>aGrass#32</terrain>
		<terrain>aGrass#32</terrain>
		<terrain>aGrass#32</terrain>
		<terrain>aGrass#32</terrain>
		<terrain>aGrass#32</terrain>
		<terrain>aGrass#32</terrain>
		<terrain>aGrass#32</terrain>
		<terrain>aGrass#32</terrain>
		<terrain>aGrass#33</terrain>
		<terrain>aSand#31</terrain>
		<terrain>aGrass#4</terrain>
		<terrain>aGrass#5</terrain>
		<terrain>aGrass#5</terrain>
		<terrain>aGrass#5</terrain>
		<terrain>aGrass#5</terrain>
		<terrain>aGrass#5</terrain>
		<terrain>aGrass#5</terrain>
		<terrain>aGrass#5</terrain>
		<terrain>aGrass#5</terrain>
		<terrain>aGrass#5</terrain>
		<terrain>aGrass#5</terrain>
		<terrain>aGrass#6</terrain>
		<terrain>aSand#75</terrain>
		<terrain>aSand#75</terrain>
		<terrain>aSand#75</terrain>
		<terrain>aSand#75</terrain>
		<terrain>aSand#75</terrain>
		<terrain>TESTDELETETHISALSO#21</terrain>
		<terrain>aSand#75</terrain>
		<terrain>aSand#75</terrain>
		<terrain>aSand#75</terrain>
		<terrain>aSand#75</terrain>
		<terrain>aSand#75</terrain>
		<terrain>aSand#75</terrain>
		<terrain>aSand#75</terrain>
		<terrain>aSand#75</terrain>
		<terrain>aGrass#32</terrain>
		<terrain>aGrass#32</terrain>
		<terrain>aGrass#32</terrain>
		<terrain>aGrass#32</terrain>
		<terrain>aGrass#32</terrain>
		<terrain>aGrass#32</terrain>
		<terrain>aGrass#32</terrain>
		<terrain>aGrass#32</terrain>
		<terrain>aGrass#32</terrain>
		<terrain>aGrass#32</terrain>
		<terrain>aGrass#32</terrain>
		<terrain>aGrass#32</terrain>
		<terrain>aGrass#33</terrain>
		<terrain>aSand#31</terrain>
		<terrain>aGrass#4</terrain>
		<terrain>aGrass#5</terrain>
		<terrain>aGrass#5</terrain>
		<terrain>aGrass#5</terrain>
		<terrain>aGrass#5</terrain>
		<terrain>aGrass#5</terrain>
		<terrain>aGrass#5</terrain>
		<terrain>aGrass#5</terrain>
		<terrain>aGrass#5</terrain>
		<terrain>aGrass#5</terrain>
		<terrain>aGrass#5</terrain>
		<terrain>aGrass#6</terrain>
		<terrain>aSand#75</terrain>
		<terrain>aSand#75</terrain>
		<terrain>aSand#75</terrain>
		<terrain>aSand#75</terrain>
		<terrain>aSand#75</terrain>
		<terrain>TESTDELETETHISALSO#21</terrain>
		<terrain>aSand#75</terrain>
		<terrain>aSand#75</terrain>
		<terrain>aSand#75</terrain>
		<terrain>aSand#75</terrain>
		<terrain>aSand#75</terrain>
		<terrain>aSand#75</terrain>
		<terrain>aSand#75</terrain>
		<terrain>aSand#75</terrain>
		<terrain>aGrass#32</terrain>
		<terrain>aGrass#32</terrain>
		<terrain>aGrass#32</terrain>
		<terrain>aGrass#32</terrain>
		<terrain>aGrass#32</terrain>
		<terrain>aGrass#32</terrain>
		<terrain>aGrass#32</terrain>
		<terrain>aGrass#32</terrain>
		<terrain>aGrass#32</terrain>
		<terrain>aGrass#32</terrain>
		<terrain>aGrass#32</terrain>
		<terrain>aGrass#32</terrain>
		<terrain>aGrass#33</terrain>
		<terrain>aSand#31</terrain>
		<terrain>aGrass#4</terrain>
		<terrain>aGrass#5</terrain>
		<terrain>aGrass#5</terrain>
		<terrain>aGrass#5</terrain>
		<terrain>aGrass#5</terrain>
		<terrain>aGrass#5</terrain>
		<terrain>aGrass#5</terrain>
		<terrain>aGrass#5</terrain>
		<terrain>aGrass#5</terrain>
		<terrain>aGrass#5</terrain>
		<terrain>aGrass#5</terrain>
		<terrain>aGrass#6</terrain>
		<terrain>aSand#75</terrain>
		<terrain>aSand#75</terrain>
		<terrain>aSand#75</terrain>
		<terrain>aSand#75</terrain>
		<terrain>aSand#75</terrain>
		<terrain>TESTDELETETHISALSO#21</terrain>
		<terrain>aSand#75</terrain>
		<terrain>aSand#75</terrain>
		<terrain>aSand#75</terrain>
		<terrain>aSand#75</terrain>
		<terrain>aSand#75</terrain>
		<terrain>aSand#75</terrain>
		<terrain>aSand#75</terrain>
		<terrain>aSand#75</terrain>
		<terrain>aGrass#32</terrain>
		<terrain>aGrass#32</terrain>
		<terrain>aGrass#32</terrain>
		<terrain>aGrass#32</terrain>
		<terrain>aGrass#32</terrain>
		<terrain>aGrass#32</terrain>
		<terrain>aGrass#32</terrain>
		<terrain>aGrass#32</terrain>
		<terrain>aGrass#32</terrain>
		<terrain>aGrass#32</terrain>
		<terrain>aGrass#32</terrain>
		<terrain>aGrass#32</terrain>
		<terrain>aGrass#33</terrain>
		<terrain>aSand#31</terrain>
		<terrain>aGrass#4</terrain>
		<terrain>aGrass#5</terrain>
		<terrain>aGrass#5</terrain>
		<terrain>aGrass#5</terrain>
		<terrain>aGrass#5</terrain>
		<terrain>aGrass#5</terrain>
		<terrain>aGrass#5</terrain>
		<terrain>aGrass#5</terrain>
		<terrain>aGrass#5</terrain>
		<terrain>aGrass#5</terrain>
		<terrain>aGrass#5</terrain>
		<terrain>aGrass#6</terrain>
		<terrain>aSand#75</terrain>
		<terrain>aSand#75</terrain>
		<terrain>aSand#75</terrain>
		<terrain>aSand#75</terrain>
		<terrain>aSand#75</terrain>
		<terrain>TESTDELETETHISALSO#21</terrain>
		<terrain>aSand#75</terrain>
		<terrain>aSand#75</terrain>
		<terrain>aSand#75</terrain>
		<terrain>aSand#75</terrain>
		<terrain>aSand#75</terrain>
		<terrain>aSand#75</terrain>
		<terrain>aSand#75</terrain>
		<terrain>aSand#75</terrain>
		<terrain>aGrass#32</terrain>
		<terrain>aGrass#32</terrain>
		<terrain>aGrass#32</terrain>
		<terrain>aGrass#32</terrain>
		<terrain>aGrass#32</terrain>
		<terrain>aGrass#32</terrain>
		<terrain>aGrass#32</terrain>
		<terrain>aGrass#32</terrain>
		<terrain>aGrass#32</terrain>
		<terrain>aGrass#32</terrain>
		<terrain>aGrass#32</terrain>
		<terrain>aGrass#32</terrain>
		<terrain>aGrass#33</terrain>
		<terrain>aSand#31</terrain>
		<terrain>aGrass#4</terrain>
		<terrain>aGrass#5</terrain>
		<terrain>aGrass#5</terrain>
		<terrain>aGrass#5</terrain>
		<terrain>aGrass#5</terrain>
		<terrain>aGrass#5</terrain>
		<terrain>aGrass#5</terrain>
		<terrain>aGrass#5</terrain>
		<terrain>aGrass#5</terrain>
		<terrain>aGrass#5</terrain>
		<terrain>aGrass#5</terrain>
		<terrain>aGrass#6</terrain>
		<terrain>aSand#75</terrain>
		<terrain>aSand#75</terrain>
		<terrain>aSand#75</terrain>
		<terrain>aSand#75</terrain>
		<terrain>aSand#75</terrain>
		<terrain>TESTDELETETHISALSO#21</terrain>
		<terrain>aSand#75</terrain>
		<terrain>aSand#75</terrain>
		<terrain>aSand#75</terrain>
		<terrain>aSand#75</terrain>
		<terrain>aSand#75</terrain>
		<terrain>aSand#75</terrain>
		<terrain>aSand#75</terrain>
		<terrain>aSand#75</terrain>
		<terrain>aGrass#32</terrain>
		<terrain>aGrass#32</terrain>
		<terrain>aGrass#32</terrain>
		<terrain>aGrass#32</terrain>
		<terrain>aGrass#32</terrain>
		<terrain>aGrass#32</terrain>
		<terrain>aGrass#32</terrain>
		<terrain>aGrass#32</terrain>
		<terrain>aGrass#32</terrain>
		<terrain>aGrass#32</terrain>
		<terrain>aGrass#32</terrain>
		<terrain>aGrass#32</terrain>
		<terrain>aGrass#33</terrain>
		<terrain>aSand#31</terrain>
		<terrain>aGrass#4</terrain>
		<terrain>aGrass#5</terrain>
		<terrain>aGrass#5</terrain>
		<terrain>aGrass#5</terrain>
		<terrain>aGrass#5</terrain>
		<terrain>aGrass#5</terrain>
		<terrain>aGrass#5</terrain>
		<terrain>aGrass#5</terrain>
		<terrain>aGrass#5</terrain>
		<terrain>aGrass#5</terrain>
		<terrain>aGrass#5</terrain>
		<terrain>aGrass#6</terrain>
		<terrain>aSand#75</terrain>
		<terrain>aSand#75</terrain>
		<terrain>aSand#75</terrain>
		<terrain>aSand#75</terrain>
		<terrain>aSand#75</terrain>
		<terrain>TESTDELETETHISALSO#21</terrain>
		<terrain>aSand#75</terrain>
		<terrain>aSand#75</terrain>
		<terrain>aSand#75</terrain>
		<terrain>aSand#75</terrain>
		<terrain>aSand#75</terrain>
		<terrain>aSand#75</terrain>
		<terrain>aSand#75</terrain>
		<terrain>aSand#75</terrain>
		<terrain>aGrass#32</terrain>
		<terrain>aGrass#32</terrain>
		<terrain>aGrass#32</terrain>
		<terrain>aGrass#32</terrain>
		<terrain>aGrass#32</terrain>
		<terrain>aGrass#32</terrain>
		<terrain>aGrass#32</terrain>
		<terrain>aGrass#32</terrain>
		<terrain>aGrass#32</terrain>
		<terrain>aGrass#32</terrain>
		<terrain>aGrass#32</terrain>
		<terrain>aGrass#32</terrain>
		<terrain>aGrass#33</terrain>
		<terrain>aSand#31</terrain>
		<terrain>aGrass#4</terrain>
		<terrain>aGrass#5</terrain>
		<terrain>aGrass#5</terrain>
		<terrain>aGrass#5</terrain>
		<terrain>aGrass#5</terrain>
		<terrain>aGrass#5</terrain>
		<terrain>aGrass#5</terrain>
		<terrain>aGrass#5</terrain>
		<terrain>aGrass#5</terrain>
		<terrain>aGrass#5</terrain>
		<terrain>aGrass#5</terrain>
		<terrain>aGrass#6</terrain>
		<terrain>aSand#75</terrain>
		<terrain>aSand#75</terrain>
		<terrain>aSand#75</terrain>
		<terrain>aSand#75</terrain>
		<terrain>aSand#75</terrain>
		<terrain>TESTDELETETHISALSO#21</terrain>
		<terrain>aSand#75</terrain>
		<terrain>aSand#75</terrain>
		<terrain>aSand#75</terrain>
		<terrain>aSand#75</terrain>
		<terrain>aSand#75</terrain>
		<terrain>aSand#75</terrain>
		<terrain>aSand#75</terrain>
		<terrain>aSand#75</terrain>
		<terrain>aGrass#32</terrain>
		<terrain>aGrass#32</terrain>
		<terrain>aGrass#32</terrain>
		<terrain>aGrass#32</terrain>
		<terrain>aGrass#32</terrain>
		<terrain>aGrass#32</terrain>
		<terrain>aGrass#32</terrain>
		<terrain>aGrass#32</terrain>
		<terrain>aGrass#32</terrain>
		<terrain>aGrass#32</terrain>
		<terrain>aGrass#32</terrain>
		<terrain>aGrass#32</terrain>
		<terrain>aGrass#33</terrain>
		<terrain>aSand#31</terrain>
		<terrain>aGrass#14</terrain>
		<terrain>aGrass#15</terrain>
		<terrain>aGrass#15</terrain>
		<terrain>aGrass#15</terrain>
		<terrain>aGrass#15</terrain>
		<terrain>aGrass#15</terrain>
		<terrain>aGrass#15</terrain>
		<terrain>aGrass#15</terrain>
		<terrain>aGrass#15</terrain>
		<terrain>aGrass#15</terrain>
		<terrain>aGrass#15</terrain>
		<terrain>aGrass#16</terrain>
		<terrain>aSand#75</terrain>
		<terrain>aSand#75</terrain>
		<terrain>aSand#75</terrain>
		<terrain>aSand#75</terrain>
		<terrain>aSand#75</terrain>
		<terrain>TESTDELETETHISALSO#21</terrain>
		<terrain>aSand#75</terrain>
		<terrain>aSand#75</terrain>
		<terrain>aSand#75</terrain>
		<terrain>aSand#75</terrain>
		<terrain>aSand#75</terrain>
		<terrain>aSand#75</terrain>
		<terrain>aSand#75</terrain>
		<terrain>aSand#75</terrain>
		<terrain>aGrass#32</terrain>
		<terrain>aGrass#32</terrain>
		<terrain>aGrass#32</terrain>
		<terrain>aGrass#32</terrain>
		<terrain>aGrass#32</terrain>
		<terrain>aGrass#32</terrain>
		<terrain>aGrass#32</terrain>
		<terrain>aGrass#32</terrain>
		<terrain>aGrass#32</terrain>
		<terrain>aGrass#32</terrain>
		<terrain>aGrass#32</terrain>
		<terrain>aGrass#32</terrain>
		<terrain>aGrass#33</terrain>
		<terrain>aSand#31</terrain>
		<terrain>aSand#31</terrain>
		<terrain>aSand#31</terrain>
		<terrain>aSand#31</terrain>
		<terrain>aSand#31</terrain>
		<terrain>aSand#31</terrain>
		<terrain>aSand#31</terrain>
		<terrain>aSand#31</terrain>
		<terrain>aSand#31</terrain>
		<terrain>aSand#31</terrain>
		<terrain>aSand#31</terrain>
		<terrain>aSand#31</terrain>
		<terrain>aSand#32</terrain>
		<terrain>aSand#75</terrain>
		<terrain>aSand#75</terrain>
		<terrain>aSand#75</terrain>
		<terrain>aSand#75</terrain>
		<terrain>aSand#75</terrain>
		<terrain>TESTDELETETHISALSO#21</terrain>
		<terrain>aSand#75</terrain>
		<terrain>aSand#75</terrain>
		<terrain>aSand#75</terrain>
		<terrain>aSand#75</terrain>
		<terrain>aSand#75</terrain>
		<terrain>aSand#75</terrain>
		<terrain>aSand#75</terrain>
		<terrain>aSand#75</terrain>
		<terrain>aGrass#42</terrain>
		<terrain>aGrass#42</terrain>
		<terrain>aGrass#42</terrain>
		<terrain>aGrass#42</terrain>
		<terrain>aGrass#42</terrain>
		<terrain>aGrass#42</terrain>
		<terrain>aGrass#42</terrain>
		<terrain>aGrass#42</terrain>
		<terrain>aGrass#42</terrain>
		<terrain>aGrass#42</terrain>
		<terrain>aGrass#42</terrain>
		<terrain>aGrass#42</terrain>
		<terrain>aGrass#43</terrain>
		<terrain>aSand#31</terrain>
		<terrain>aSand#31</terrain>
		<terrain>aSand#31</terrain>
		<terrain>aSand#31</terrain>
		<terrain>aSand#31</terrain>
		<terrain>aSand#31</terrain>
		<terrain>aSand#31</terrain>
		<terrain>aSand#31</terrain>
		<terrain>aSand#31</terrain>
		<terrain>aSand#31</terrain>
		<terrain>aSand#31</terrain>
		<terrain>aSand#31</terrain>
		<terrain>aSand#32</terrain>
		<terrain>aSand#75</terrain>
		<terrain>aSand#75</terrain>
		<terrain>aSand#75</terrain>
		<terrain>aSand#75</terrain>
		<terrain>aSand#75</terrain>
		<terrain>TESTDELETETHISALSO#21</terrain>
		<terrain>aSand#75</terrain>
		<terrain>aSand#75</terrain>
		<terrain>aSand#75</terrain>
		<terrain>aSand#75</terrain>
		<terrain>aSand#75</terrain>
		<terrain>aSand#75</terrain>
		<terrain>aSand#75</terrain>
		<terrain>aSand#75</terrain>
		<terrain>aSand#31</terrain>
		<terrain>aSand#31</terrain>
		<terrain>aSand#31</terrain>
		<terrain>aSand#31</terrain>
		<terrain>aSand#31</terrain>
		<terrain>aSand#31</terrain>
		<terrain>aSand#31</terrain>
		<terrain>aSand#31</terrain>
		<terrain>aSand#31</terrain>
		<terrain>aSand#31</terrain>
		<terrain>aSand#31</terrain>
		<terrain>aSand#31</terrain>
		<terrain>aSand#31</terrain>
		<terrain>aSand#31</terrain>
		<terrain>aSand#31</terrain>
		<terrain>aSand#31</terrain>
		<terrain>aSand#31</terrain>
		<terrain>aSand#31</terrain>
		<terrain>aSand#31</terrain>
		<terrain>aSand#31</terrain>
		<terrain>aSand#31</terrain>
		<terrain>aSand#31</terrain>
		<terrain>aSand#31</terrain>
		<terrain>aSand#31</terrain>
		<terrain>aSand#31</terrain>
		<terrain>aSand#32</terrain>
		<terrain>aSand#75</terrain>
		<terrain>aSand#75</terrain>
		<terrain>aSand#75</terrain>
		<terrain>aSand#75</terrain>
		<terrain>aSand#75</terrain>
		<terrain>TESTDELETETHISALSO#21</terrain>
		<terrain>aSand#75</terrain>
		<terrain>aSand#75</terrain>
		<terrain>aSand#75</terrain>
		<terrain>aSand#75</terrain>
		<terrain>aSand#75</terrain>
		<terrain>aSand#75</terrain>
		<terrain>aSand#75</terrain>
		<terrain>aSand#75</terrain>
		<terrain>aSand#31</terrain>
		<terrain>aSand#31</terrain>
		<terrain>aSand#31</terrain>
		<terrain>aSand#31</terrain>
		<terrain>aSand#31</terrain>
		<terrain>aSand#31</terrain>
		<terrain>aSand#31</terrain>
		<terrain>aSand#31</terrain>
		<terrain>aSand#31</terrain>
		<terrain>aSand#31</terrain>
		<terrain>aSand#31</terrain>
		<terrain>aSand#31</terrain>
		<terrain>aSand#31</terrain>
		<terrain>aSand#31</terrain>
		<terrain>aSand#31</terrain>
		<terrain>aSand#31</terrain>
		<terrain>aSand#31</terrain>
		<terrain>aSand#31</terrain>
		<terrain>aSand#31</terrain>
		<terrain>aSand#31</terrain>
		<terrain>aSand#31</terrain>
		<terrain>aSand#31</terrain>
		<terrain>aSand#31</terrain>
		<terrain>aSand#31</terrain>
		<terrain>aSand#31</terrain>
		<terrain>aSand#32</terrain>
		<terrain>aSand#75</terrain>
		<terrain>aSand#75</terrain>
		<terrain>aSand#75</terrain>
		<terrain>aSand#75</terrain>
		<terrain>aSand#75</terrain>
		<terrain>TESTDELETETHISALSO#21</terrain>
		<terrain>aSand#75</terrain>
		<terrain>aSand#75</terrain>
		<terrain>aSand#75</terrain>
		<terrain>aSand#75</terrain>
		<terrain>aSand#75</terrain>
		<terrain>aSand#75</terrain>
		<terrain>aSand#75</terrain>
		<terrain>aSand#75</terrain>
		<terrain>aSand#31</terrain>
		<terrain>aSand#31</terrain>
		<terrain>aSand#31</terrain>
		<terrain>aSand#31</terrain>
		<terrain>aSand#31</terrain>
		<terrain>aSand#31</terrain>
		<terrain>aSand#31</terrain>
		<terrain>aSand#31</terrain>
		<terrain>aSand#31</terrain>
		<terrain>aSand#31</terrain>
		<terrain>aSand#31</terrain>
		<terrain>aSand#31</terrain>
		<terrain>aSand#31</terrain>
		<terrain>aSand#31</terrain>
		<terrain>aSand#31</terrain>
		<terrain>aSand#31</terrain>
		<terrain>aSand#31</terrain>
		<terrain>aSand#31</terrain>
		<terrain>aSand#31</terrain>
		<terrain>aSand#31</terrain>
		<terrain>aSand#31</terrain>
		<terrain>aSand#31</terrain>
		<terrain>aSand#31</terrain>
		<terrain>aSand#31</terrain>
		<terrain>aSand#31</terrain>
		<terrain>aSand#32</terrain>
		<terrain>aSand#75</terrain>
		<terrain>aSand#75</terrain>
		<terrain>aSand#75</terrain>
		<terrain>aSand#75</terrain>
		<terrain>aSand#75</terrain>
		<terrain>TESTDELETETHISALSO#21</terrain>
		<terrain>aSand#75</terrain>
		<terrain>aSand#75</terrain>
		<terrain>aSand#75</terrain>
		<terrain>aSand#75</terrain>
		<terrain>aSand#75</terrain>
		<terrain>aSand#75</terrain>
		<terrain>aSand#75</terrain>
		<terrain>aSand#75</terrain>
		<terrain>aSand#31</terrain>
		<terrain>aSand#31</terrain>
		<terrain>aSand#31</terrain>
		<terrain>aSand#31</terrain>
		<terrain>aSand#31</terrain>
		<terrain>aSand#31</terrain>
		<terrain>aSand#31</terrain>
		<terrain>aSand#31</terrain>
		<terrain>aSand#31</terrain>
		<terrain>aSand#31</terrain>
		<terrain>aSand#31</terrain>
		<terrain>aSand#31</terrain>
		<terrain>aSand#31</terrain>
		<terrain>aSand#31</terrain>
		<terrain>aSand#31</terrain>
		<terrain>aSand#31</terrain>
		<terrain>aSand#31</terrain>
		<terrain>aSand#31</terrain>
		<terrain>aSand#31</terrain>
		<terrain>aSand#31</terrain>
		<terrain>aSand#31</terrain>
		<terrain>aSand#31</terrain>
		<terrain>aSand#31</terrain>
		<terrain>aSand#31</terrain>
		<terrain>aSand#31</terrain>
		<terrain>aSand#32</terrain>
		<terrain>aSand#75</terrain>
		<terrain>aSand#75</terrain>
		<terrain>aSand#75</terrain>
		<terrain>aSand#75</terrain>
		<terrain>aSand#75</terrain>
		<terrain>TESTDELETETHISALSO#21</terrain>
		<terrain>aSand#75</terrain>
		<terrain>aSand#75</terrain>
		<terrain>aSand#75</terrain>
		<terrain>aSand#75</terrain>
		<terrain>aSand#75</terrain>
		<terrain>aSand#75</terrain>
		<terrain>aSand#75</terrain>
		<terrain>aSand#75</terrain>
		<terrain>TESTDELETETHISALSO#21</terrain>
		<terrain>TESTDELETETHISALSO#21</terrain>
		<terrain>TESTDELETETHISALSO#21</terrain>
		<terrain>TESTDELETETHISALSO#21</terrain>
		<terrain>TESTDELETETHISALSO#21</terrain>
		<terrain>TESTDELETETHISALSO#21</terrain>
		<terrain>TESTDELETETHISALSO#21</terrain>
		<terrain>TESTDELETETHISALSO#21</terrain>
		<terrain>TESTDELETETHISALSO#21</terrain>
		<terrain>TESTDELETETHISALSO#21</terrain>
		<terrain>TESTDELETETHISALSO#21</terrain>
		<terrain>TESTDELETETHISALSO#21</terrain>
		<terrain>TESTDELETETHISALSO#21</terrain>
		<terrain>TESTDELETETHISALSO#28</terrain>
		<terrain>TESTDELETETHISALSO#28</terrain>
		<terrain>TESTDELETETHISALSO#28</terrain>
		<terrain>TESTDELETETHISALSO#28</terrain>
		<terrain>TESTDELETETHISALSO#21</terrain>
		<terrain>TESTDELETETHISALSO#21</terrain>
		<terrain>TESTDELETETHISALSO#21</terrain>
		<terrain>TESTDELETETHISALSO#21</terrain>
		<terrain>TESTDELETETHISALSO#21</terrain>
		<terrain>TESTDELETETHISALSO#21</terrain>
		<terrain>TESTDELETETHISALSO#21</terrain>
		<terrain>TESTDELETETHISALSO#21</terrain>
		<terrain>TESTDELETETHISALSO#21</terrain>
		<terrain>TESTDELETETHISALSO#21</terrain>
		<terrain>TESTDELETETHISALSO#21</terrain>
		<terrain>TESTDELETETHISALSO#21</terrain>
		<terrain>TESTDELETETHISALSO#21</terrain>
		<terrain>TESTDELETETHISALSO#21</terrain>
		<terrain>TESTDELETETHISALSO#21</terrain>
		<terrain>aSand#75</terrain>
		<terrain>aSand#75</terrain>
		<terrain>aSand#75</terrain>
		<terrain>aSand#75</terrain>
		<terrain>aSand#75</terrain>
		<terrain>aSand#75</terrain>
		<terrain>aSand#75</terrain>
		<terrain>aSand#75</terrain>
		<terrain>aSand#31</terrain>
		<terrain>aSand#31</terrain>
		<terrain>aSand#31</terrain>
		<terrain>aSand#31</terrain>
		<terrain>aSand#31</terrain>
		<terrain>aSand#31</terrain>
		<terrain>aSand#31</terrain>
		<terrain>aSand#31</terrain>
		<terrain>aSand#31</terrain>
		<terrain>Pavement#28</terrain>
		<terrain>Pavement#28</terrain>
		<terrain>Pavement#28</terrain>
		<terrain>Pavement#28</terrain>
		<terrain>TESTDELETETHISALSO#28</terrain>
		<terrain>TESTDELETETHISALSO#28</terrain>
		<terrain>TESTDELETETHISALSO#28</terrain>
		<terrain>TESTDELETETHISALSO#28</terrain>
		<terrain>Pavement#28</terrain>
		<terrain>Pavement#28</terrain>
		<terrain>Pavement#28</terrain>
		<terrain>Pavement#28</terrain>
		<terrain>aSand#31</terrain>
		<terrain>aSand#31</terrain>
		<terrain>aSand#31</terrain>
		<terrain>aSand#31</terrain>
		<terrain>aSand#32</terrain>
		<terrain>aSand#75</terrain>
		<terrain>aSand#75</terrain>
		<terrain>aSand#75</terrain>
		<terrain>aSand#75</terrain>
		<terrain>aSand#75</terrain>
		<terrain>aSand#75</terrain>
		<terrain>aSand#75</terrain>
		<terrain>aSand#75</terrain>
		<terrain>aSand#75</terrain>
		<terrain>aSand#75</terrain>
		<terrain>aSand#75</terrain>
		<terrain>aSand#75</terrain>
		<terrain>aSand#75</terrain>
		<terrain>aSand#75</terrain>
		<terrain>aSand#31</terrain>
		<terrain>aSand#31</terrain>
		<terrain>aSand#31</terrain>
		<terrain>aSand#31</terrain>
		<terrain>aSand#31</terrain>
		<terrain>aSand#31</terrain>
		<terrain>aSand#31</terrain>
		<terrain>aSand#31</terrain>
		<terrain>aSand#31</terrain>
		<terrain>Pavement#28</terrain>
		<terrain>Pavement#28</terrain>
		<terrain>Pavement#28</terrain>
		<terrain>Pavement#28</terrain>
		<terrain>Pavement#28</terrain>
		<terrain>Pavement#28</terrain>
		<terrain>Pavement#28</terrain>
		<terrain>Pavement#28</terrain>
		<terrain>Pavement#28</terrain>
		<terrain>Pavement#28</terrain>
		<terrain>Pavement#28</terrain>
		<terrain>Pavement#28</terrain>
		<terrain>aSand#31</terrain>
		<terrain>aSand#31</terrain>
		<terrain>aSand#31</terrain>
		<terrain>aSand#31</terrain>
		<terrain>aSand#32</terrain>
		<terrain>aSand#75</terrain>
		<terrain>aSand#75</terrain>
		<terrain>aSand#75</terrain>
		<terrain>aSand#75</terrain>
		<terrain>aSand#75</terrain>
		<terrain>aSand#75</terrain>
		<terrain>aSand#75</terrain>
		<terrain>aSand#75</terrain>
		<terrain>aSand#75</terrain>
		<terrain>aSand#75</terrain>
		<terrain>aSand#75</terrain>
		<terrain>aSand#75</terrain>
		<terrain>aSand#75</terrain>
		<terrain>aSand#75</terrain>
		<terrain>aSand#31</terrain>
		<terrain>aSand#31</terrain>
		<terrain>aSand#31</terrain>
		<terrain>aSand#31</terrain>
		<terrain>aSand#31</terrain>
		<terrain>aSand#31</terrain>
		<terrain>aSand#31</terrain>
		<terrain>aSand#31</terrain>
		<terrain>aSand#31</terrain>
		<terrain>Pavement#28</terrain>
		<terrain>Pavement#28</terrain>
		<terrain>Pavement#28</terrain>
		<terrain>Pavement#28</terrain>
		<terrain>Pavement#28</terrain>
		<terrain>Pavement#28</terrain>
		<terrain>Pavement#28</terrain>
		<terrain>Pavement#28</terrain>
		<terrain>Pavement#28</terrain>
		<terrain>Pavement#28</terrain>
		<terrain>Pavement#28</terrain>
		<terrain>Pavement#28</terrain>
		<terrain>aSand#31</terrain>
		<terrain>aSand#31</terrain>
		<terrain>aSand#31</terrain>
		<terrain>aSand#31</terrain>
		<terrain>aSand#32</terrain>
		<terrain>aSand#75</terrain>
		<terrain>aSand#75</terrain>
		<terrain>aSand#75</terrain>
		<terrain>aSand#75</terrain>
		<terrain>aSand#75</terrain>
		<terrain>aSand#75</terrain>
		<terrain>aSand#75</terrain>
		<terrain>aSand#75</terrain>
		<terrain>aSand#75</terrain>
		<terrain>aSand#75</terrain>
		<terrain>aSand#75</terrain>
		<terrain>aSand#75</terrain>
		<terrain>aSand#75</terrain>
		<terrain>aSand#75</terrain>
		<terrain>aSand#31</terrain>
		<terrain>aSand#31</terrain>
		<terrain>aSand#31</terrain>
		<terrain>aSand#31</terrain>
		<terrain>aSand#31</terrain>
		<terrain>aSand#31</terrain>
		<terrain>aSand#31</terrain>
		<terrain>aSand#31</terrain>
		<terrain>aSand#31</terrain>
		<terrain>Pavement#28</terrain>
		<terrain>Pavement#28</terrain>
		<terrain>Pavement#28</terrain>
		<terrain>Pavement#28</terrain>
		<terrain>Pavement#28</terrain>
		<terrain>Pavement#28</terrain>
		<terrain>Pavement#28</terrain>
		<terrain>Pavement#28</terrain>
		<terrain>Pavement#28</terrain>
		<terrain>Pavement#28</terrain>
		<terrain>Pavement#28</terrain>
		<terrain>Pavement#28</terrain>
		<terrain>aSand#31</terrain>
		<terrain>aSand#31</terrain>
		<terrain>aSand#31</terrain>
		<terrain>aSand#31</terrain>
		<terrain>aSand#32</terrain>
		<terrain>aSand#75</terrain>
		<terrain>aSand#75</terrain>
		<terrain>aSand#75</terrain>
		<terrain>aSand#75</terrain>
		<terrain>aSand#75</terrain>
		<terrain>aSand#75</terrain>
		<terrain>aSand#75</terrain>
		<terrain>aSand#75</terrain>
		<terrain>aSand#75</terrain>
		<terrain>aSand#75</terrain>
		<terrain>aSand#75</terrain>
		<terrain>aSand#75</terrain>
		<terrain>aSand#75</terrain>
		<terrain>aSand#75</terrain>
		<terrain>aSand#31</terrain>
		<terrain>aSand#31</terrain>
		<terrain>aSand#31</terrain>
		<terrain>aSand#31</terrain>
		<terrain>aSand#31</terrain>
		<terrain>aSand#31</terrain>
		<terrain>aSand#31</terrain>
		<terrain>aSand#31</terrain>
		<terrain>aSand#31</terrain>
		<terrain>aSand#31</terrain>
		<terrain>aSand#31</terrain>
		<terrain>aSand#31</terrain>
		<terrain>Pavement#28</terrain>
		<terrain>Pavement#28</terrain>
		<terrain>aSand#31</terrain>
		<terrain>aSand#31</terrain>
		<terrain>aSand#31</terrain>
		<terrain>aSand#31</terrain>
		<terrain>aSand#31</terrain>
		<terrain>aSand#31</terrain>
		<terrain>aSand#31</terrain>
		<terrain>aSand#31</terrain>
		<terrain>aSand#31</terrain>
		<terrain>aSand#31</terrain>
		<terrain>aSand#31</terrain>
		<terrain>aSand#32</terrain>
		<terrain>aSand#75</terrain>
		<terrain>aSand#75</terrain>
		<terrain>aSand#75</terrain>
		<terrain>aSand#75</terrain>
		<terrain>aSand#75</terrain>
		<terrain>aSand#75</terrain>
		<terrain>aSand#75</terrain>
		<terrain>aSand#75</terrain>
		<terrain>aSand#75</terrain>
		<terrain>aSand#75</terrain>
		<terrain>aSand#75</terrain>
		<terrain>aSand#75</terrain>
		<terrain>aSand#75</terrain>
		<terrain>aSand#75</terrain>
		<terrain>aSand#31</terrain>
		<terrain>aSand#31</terrain>
		<terrain>aSand#31</terrain>
		<terrain>aSand#31</terrain>
		<terrain>aSand#31</terrain>
		<terrain>aSand#31</terrain>
		<terrain>aSand#31</terrain>
		<terrain>aSand#31</terrain>
		<terrain>aSand#31</terrain>
		<terrain>aSand#31</terrain>
		<terrain>aSand#31</terrain>
		<terrain>aSand#31</terrain>
		<terrain>Pavement#28</terrain>
		<terrain>Pavement#28</terrain>
		<terrain>aSand#31</terrain>
		<terrain>aSand#31</terrain>
		<terrain>aSand#31</terrain>
		<terrain>aSand#31</terrain>
		<terrain>aSand#31</terrain>
		<terrain>aSand#31</terrain>
		<terrain>aSand#31</terrain>
		<terrain>aSand#31</terrain>
		<terrain>aSand#31</terrain>
		<terrain>aSand#31</terrain>
		<terrain>aSand#31</terrain>
		<terrain>aSand#32</terrain>
		<terrain>aSand#75</terrain>
		<terrain>aSand#75</terrain>
		<terrain>aSand#75</terrain>
		<terrain>aSand#75</terrain>
		<terrain>aSand#75</terrain>
		<terrain>aSand#75</terrain>
		<terrain>aSand#75</terrain>
		<terrain>aSand#75</terrain>
		<terrain>aSand#75</terrain>
		<terrain>aSand#75</terrain>
		<terrain>aSand#75</terrain>
		<terrain>aSand#75</terrain>
		<terrain>aSand#75</terrain>
		<terrain>aSand#75</terrain>
		<terrain>aSand#31</terrain>
		<terrain>aSand#31</terrain>
		<terrain>aSand#31</terrain>
		<terrain>aSand#31</terrain>
		<terrain>aSand#31</terrain>
		<terrain>aSand#31</terrain>
		<terrain>aSand#31</terrain>
		<terrain>aSand#31</terrain>
		<terrain>aSand#31</terrain>
		<terrain>aSand#31</terrain>
		<terrain>aSand#31</terrain>
		<terrain>aSand#31</terrain>
		<terrain>Pavement#28</terrain>
		<terrain>Pavement#28</terrain>
		<terrain>aSand#31</terrain>
		<terrain>aSand#31</terrain>
		<terrain>aSand#31</terrain>
		<terrain>aSand#31</terrain>
		<terrain>aSand#31</terrain>
		<terrain>aSand#31</terrain>
		<terrain>aSand#31</terrain>
		<terrain>aSand#31</terrain>
		<terrain>aSand#31</terrain>
		<terrain>aSand#31</terrain>
		<terrain>aSand#31</terrain>
		<terrain>aSand#32</terrain>
		<terrain>aSand#75</terrain>
		<terrain>aSand#75</terrain>
		<terrain>aSand#75</terrain>
		<terrain>aSand#75</terrain>
		<terrain>aSand#75</terrain>
		<terrain>aSand#75</terrain>
		<terrain>aSand#75</terrain>
		<terrain>aSand#75</terrain>
		<terrain>aSand#75</terrain>
		<terrain>aSand#75</terrain>
		<terrain>aSand#75</terrain>
		<terrain>aSand#75</terrain>
		<terrain>aSand#75</terrain>
		<terrain>aSand#75</terrain>
		<terrain>aSand#41</terrain>
		<terrain>aSand#41</terrain>
		<terrain>aSand#41</terrain>
		<terrain>aSand#41</terrain>
		<terrain>aSand#41</terrain>
		<terrain>aSand#41</terrain>
		<terrain>aSand#41</terrain>
		<terrain>aSand#41</terrain>
		<terrain>aSand#41</terrain>
		<terrain>aSand#41</terrain>
		<terrain>aSand#41</terrain>
		<terrain>aSand#41</terrain>
		<terrain>Pavement#28</terrain>
		<terrain>Pavement#28</terrain>
		<terrain>aSand#41</terrain>
		<terrain>aSand#41</terrain>
		<terrain>aSand#41</terrain>
		<terrain>aSand#41</terrain>
		<terrain>aSand#41</terrain>
		<terrain>aSand#41</terrain>
		<terrain>aSand#41</terrain>
		<terrain>aSand#41</terrain>
		<terrain>aSand#41</terrain>
		<terrain>aSand#41</terrain>
		<terrain>aSand#41</terrain>
		<terrain>aSand#42</terrain>
		<terrain>aSand#75</terrain>
		<terrain>aSand#75</terrain>
		<terrain>aSand#75</terrain>
		<terrain>aSand#75</terrain>
		<terrain>aSand#75</terrain>
		<terrain>aSand#75</terrain>
		<terrain>aSand#75</terrain>
		<terrain>aSand#75</terrain>
		<terrain>aSand#75</terrain>
		<terrain>aSand#75</terrain>
		<terrain>aSand#75</terrain>
		<terrain>aSand#75</terrain>
		<terrain>aSand#75</terrain>
		<terrain>aSand#75</terrain>
		<terrain>aSand#75</terrain>
		<terrain>aSand#75</terrain>
		<terrain>aSand#75</terrain>
		<terrain>aSand#75</terrain>
		<terrain>aSand#75</terrain>
		<terrain>aSand#75</terrain>
		<terrain>aSand#75</terrain>
		<terrain>aSand#75</terrain>
		<terrain>aSand#75</terrain>
		<terrain>aSand#75</terrain>
		<terrain>aSand#75</terrain>
		<terrain>aSand#75</terrain>
		<terrain>Pavement#28</terrain>
		<terrain>Pavement#28</terrain>
		<terrain>aSand#75</terrain>
		<terrain>aSand#75</terrain>
		<terrain>aSand#75</terrain>
		<terrain>aSand#75</terrain>
		<terrain>aSand#75</terrain>
		<terrain>aSand#75</terrain>
		<terrain>aSand#75</terrain>
		<terrain>aSand#75</terrain>
		<terrain>aSand#75</terrain>
		<terrain>aSand#75</terrain>
		<terrain>aSand#75</terrain>
		<terrain>aSand#75</terrain>
		<terrain>aSand#75</terrain>
		<terrain>aSand#75</terrain>
		<terrain>aSand#75</terrain>
		<terrain>aSand#75</terrain>
		<terrain>aSand#75</terrain>
		<terrain>aSand#75</terrain>
		<terrain>aSand#75</terrain>
		<terrain>aSand#75</terrain>
		<terrain>aSand#75</terrain>
		<terrain>aSand#75</terrain>
		<terrain>aSand#75</terrain>
		<terrain>aSand#75</terrain>
		<terrain>aSand#75</terrain>
		<terrain>aSand#75</terrain>
		<terrain>aSand#75</terrain>
		<terrain>aSand#75</terrain>
		<terrain>aSand#75</terrain>
		<terrain>aSand#75</terrain>
		<terrain>aSand#75</terrain>
		<terrain>aSand#75</terrain>
		<terrain>aSand#75</terrain>
		<terrain>aSand#75</terrain>
		<terrain>aSand#75</terrain>
		<terrain>aSand#75</terrain>
		<terrain>aSand#75</terrain>
		<terrain>aSand#75</terrain>
		<terrain>Pavement#28</terrain>
		<terrain>Pavement#28</terrain>
		<terrain>aSand#75</terrain>
		<terrain>aSand#75</terrain>
		<terrain>aSand#75</terrain>
		<terrain>aSand#75</terrain>
		<terrain>aSand#75</terrain>
		<terrain>aSand#75</terrain>
		<terrain>aSand#75</terrain>
		<terrain>aSand#75</terrain>
		<terrain>aSand#75</terrain>
		<terrain>aSand#75</terrain>
		<terrain>aSand#75</terrain>
		<terrain>aSand#75</terrain>
		<terrain>aSand#75</terrain>
		<terrain>aSand#75</terrain>
		<terrain>aSand#75</terrain>
		<terrain>aSand#75</terrain>
		<terrain>aSand#75</terrain>
		<terrain>aSand#75</terrain>
		<terrain>aSand#75</terrain>
		<terrain>aSand#75</terrain>
		<terrain>aSand#75</terrain>
		<terrain>aSand#75</terrain>
		<terrain>aSand#75</terrain>
		<terrain>aSand#75</terrain>
		<terrain>aSand#75</terrain>
		<terrain>aSand#75</terrain>
		<terrain>aSand#75</terrain>
		<terrain>aSand#75</terrain>
		<terrain>aSand#75</terrain>
		<terrain>aSand#75</terrain>
		<terrain>aSand#75</terrain>
		<terrain>aSand#75</terrain>
		<terrain>aSand#75</terrain>
		<terrain>aSand#75</terrain>
		<terrain>aSand#75</terrain>
		<terrain>aSand#75</terrain>
		<terrain>aSand#75</terrain>
		<terrain>aSand#75</terrain>
		<terrain>Pavement#28</terrain>
		<terrain>Pavement#28</terrain>
		<terrain>aSand#75</terrain>
		<terrain>aSand#75</terrain>
		<terrain>aSand#75</terrain>
		<terrain>aSand#75</terrain>
		<terrain>aSand#75</terrain>
		<terrain>aSand#75</terrain>
		<terrain>aSand#75</terrain>
		<terrain>aSand#75</terrain>
		<terrain>aSand#75</terrain>
		<terrain>aSand#75</terrain>
		<terrain>aSand#75</terrain>
		<terrain>aSand#75</terrain>
		<terrain>aSand#75</terrain>
		<terrain>aSand#75</terrain>
		<terrain>aSand#75</terrain>
		<terrain>aSand#75</terrain>
		<terrain>aSand#75</terrain>
		<terrain>aSand#75</terrain>
		<terrain>aSand#75</terrain>
		<terrain>aSand#75</terrain>
		<terrain>aSand#75</terrain>
		<terrain>aSand#75</terrain>
		<terrain>aSand#75</terrain>
		<terrain>aSand#75</terrain>
		<terrain>aSand#75</terrain>
		<terrain>aSand#75</terrain>
		<terrain>aSand#75</terrain>
		<terrain>aSand#75</terrain>
		<terrain>aSand#75</terrain>
		<terrain>aSand#75</terrain>
		<terrain>aSand#75</terrain>
		<terrain>aSand#75</terrain>
		<terrain>aSand#75</terrain>
		<terrain>aSand#75</terrain>
		<terrain>aSand#75</terrain>
		<terrain>aSand#75</terrain>
		<terrain>aSand#75</terrain>
		<terrain>aSand#75</terrain>
		<terrain>Pavement#28</terrain>
		<terrain>Pavement#28</terrain>
		<terrain>aSand#75</terrain>
		<terrain>aSand#75</terrain>
		<terrain>aSand#75</terrain>
		<terrain>aSand#75</terrain>
		<terrain>aSand#75</terrain>
		<terrain>aSand#75</terrain>
		<terrain>aSand#75</terrain>
		<terrain>aSand#75</terrain>
		<terrain>aSand#75</terrain>
		<terrain>aSand#75</terrain>
		<terrain>aSand#75</terrain>
		<terrain>aSand#75</terrain>
		<terrain>aSand#75</terrain>
		<terrain>aSand#75</terrain>
		<terrain>aSand#75</terrain>
		<terrain>aSand#75</terrain>
		<terrain>aSand#75</terrain>
		<terrain>aSand#75</terrain>
		<terrain>aSand#75</terrain>
		<terrain>aSand#75</terrain>
		<terrain>aSand#75</terrain>
		<terrain>aSand#75</terrain>
		<terrain>aSand#75</terrain>
		<terrain>aSand#75</terrain>
		<terrain>aSand#75</terrain>
		<terrain>aSand#75</terrain>
		<terrain>aSand#75</terrain>
		<terrain>aSand#75</terrain>
		<terrain>aSand#75</terrain>
		<terrain>aSand#75</terrain>
		<terrain>aSand#75</terrain>
		<terrain>aSand#75</terrain>
		<terrain>aSand#75</terrain>
		<terrain>aSand#75</terrain>
		<terrain>aSand#75</terrain>
		<terrain>aSand#75</terrain>
		<terrain>aSand#75</terrain>
		<terrain>aSand#75</terrain>
		<terrain>Pavement#28</terrain>
		<terrain>Pavement#28</terrain>
		<terrain>aSand#75</terrain>
		<terrain>aSand#75</terrain>
		<terrain>aSand#75</terrain>
		<terrain>aSand#75</terrain>
		<terrain>aSand#75</terrain>
		<terrain>aSand#75</terrain>
		<terrain>aSand#75</terrain>
		<terrain>aSand#75</terrain>
		<terrain>aSand#75</terrain>
		<terrain>aSand#75</terrain>
		<terrain>aSand#75</terrain>
		<terrain>aSand#75</terrain>
		<terrain>aSand#75</terrain>
		<terrain>aSand#75</terrain>
		<terrain>aSand#75</terrain>
		<terrain>aSand#75</terrain>
		<terrain>aSand#75</terrain>
		<terrain>aSand#75</terrain>
		<terrain>aSand#75</terrain>
		<terrain>aSand#75</terrain>
		<terrain>aSand#75</terrain>
		<terrain>aSand#75</terrain>
		<terrain>aSand#75</terrain>
		<terrain>aSand#75</terrain>
		<terrain>aSand#75</terrain>
		<terrain>aSand#75</terrain>
		<terrain>aSand#75</terrain>
		<terrain>aSand#75</terrain>
		<terrain>aSand#75</terrain>
		<terrain>aSand#75</terrain>
		<terrain>aSand#75</terrain>
		<terrain>aSand#75</terrain>
		<terrain>aSand#75</terrain>
		<terrain>aSand#75</terrain>
		<terrain>aSand#75</terrain>
		<terrain>aSand#75</terrain>
		<terrain>aSand#75</terrain>
		<terrain>aSand#75</terrain>
		<terrain>Pavement#28</terrain>
		<terrain>Pavement#28</terrain>
		<terrain>aSand#75</terrain>
		<terrain>aSand#75</terrain>
		<terrain>aSand#75</terrain>
		<terrain>aSand#75</terrain>
		<terrain>aSand#75</terrain>
		<terrain>aSand#75</terrain>
		<terrain>aSand#75</terrain>
		<terrain>aSand#75</terrain>
		<terrain>aSand#75</terrain>
		<terrain>aSand#75</terrain>
		<terrain>aSand#75</terrain>
		<terrain>aSand#75</terrain>
		<terrain>aSand#75</terrain>
		<terrain>aSand#75</terrain>
		<terrain>aSand#75</terrain>
		<terrain>aSand#75</terrain>
		<terrain>aSand#75</terrain>
		<terrain>aSand#75</terrain>
		<terrain>aSand#75</terrain>
		<terrain>aSand#75</terrain>
		<terrain>aSand#75</terrain>
		<terrain>aSand#75</terrain>
		<terrain>aSand#75</terrain>
		<terrain>aSand#75</terrain>
		<terrain>aSand#75</terrain>
		<terrain>aSand#75</terrain>
		<terrain>aSand#75</terrain>
		<terrain>aSand#75</terrain>
		<terrain>aSand#75</terrain>
		<terrain>aSand#75</terrain>
		<terrain>aSand#75</terrain>
		<terrain>aSand#75</terrain>
		<terrain>aSand#75</terrain>
		<terrain>aSand#75</terrain>
		<terrain>aSand#75</terrain>
		<terrain>aSand#75</terrain>
		<terrain>aSand#75</terrain>
		<terrain>aSand#75</terrain>
		<terrain>aSand#75</terrain>
		<terrain>aSand#75</terrain>
		<terrain>aSand#75</terrain>
		<terrain>aSand#75</terrain>
		<terrain>aSand#75</terrain>
		<terrain>aSand#75</terrain>
		<terrain>aSand#75</terrain>
		<terrain>aSand#75</terrain>
		<terrain>aSand#75</terrain>
		<terrain>aSand#75</terrain>
		<terrain>aSand#75</terrain>
		<terrain>aSand#75</terrain>
		<terrain>aSand#75</terrain>
		<terrain>aSand#75</terrain>
		<terrain>aSand#75</terrain>
		<terrain>aSand#75</terrain>
		<terrain>aSand#75</terrain>
		<terrain>aSand#75</terrain>
		<terrain>aSand#75</terrain>
		<terrain>aSand#75</terrain>
		<terrain>aSand#75</terrain>
		<terrain>aSand#75</terrain>
		<terrain>aSand#75</terrain>
		<terrain>aSand#75</terrain>
		<terrain>aSand#75</terrain>
		<terrain>aSand#75</terrain>
		<terrain>aSand#75</terrain>
		<terrain>aSand#75</terrain>
		<terrain>Grass</terrain>
		<terrain>Grass</terrain>
		<terrain>Grass</terrain>
		<terrain>Grass</terrain>
		<terrain>Grass</terrain>
		<terrain>Grass</terrain>
		<terrain>Grass</terrain>
		<terrain>Grass</terrain>
		<terrain>Grass</terrain>
		<terrain>Grass</terrain>
		<terrain>Grass</terrain>
		<terrain>Grass</terrain>
		<terrain>Grass</terrain>
		<terrain>Grass</terrain>
		<terrain>Grass</terrain>
		<terrain>Grass</terrain>
		<terrain>Grass</terrain>
		<terrain>Grass</terrain>
		<terrain>Grass</terrain>
		<terrain>Grass</terrain>
		<terrain>Grass</terrain>
		<terrain>Grass</terrain>
		<terrain>Grass</terrain>
		<terrain>Grass</terrain>
		<terrain>Grass</terrain>
		<terrain>Grass</terrain>
		<terrain>aSand#75</terrain>
		<terrain>aSand#75</terrain>
		<terrain>aSand#75</terrain>
		<terrain>aSand#75</terrain>
		<terrain>aSand#75</terrain>
		<terrain>aSand#75</terrain>
		<terrain>aSand#75</terrain>
		<terrain>aSand#75</terrain>
		<terrain>aSand#75</terrain>
		<terrain>aSand#75</terrain>
		<terrain>aSand#75</terrain>
		<terrain>aSand#75</terrain>
		<terrain>aSand#75</terrain>
		<terrain>aSand#75</terrain>
		<terrain>Grass</terrain>
		<terrain>Grass</terrain>
		<terrain>Grass</terrain>
		<terrain>Grass</terrain>
		<terrain>Grass</terrain>
		<terrain>Grass</terrain>
		<terrain>Grass</terrain>
		<terrain>Grass</terrain>
		<terrain>Grass</terrain>
		<terrain>Grass</terrain>
		<terrain>Grass</terrain>
		<terrain>Grass</terrain>
		<terrain>Grass</terrain>
		<terrain>Grass</terrain>
		<terrain>Grass</terrain>
		<terrain>Grass</terrain>
		<terrain>Grass</terrain>
		<terrain>Grass</terrain>
		<terrain>Grass</terrain>
		<terrain>Grass</terrain>
		<terrain>Grass</terrain>
		<terrain>Grass</terrain>
		<terrain>Grass</terrain>
		<terrain>Grass</terrain>
		<terrain>Grass</terrain>
		<terrain>Grass</terrain>
		<terrain>Grass</terrain>
		<terrain>Grass</terrain>
		<terrain>Grass</terrain>
		<terrain>Grass</terrain>
		<terrain>Grass</terrain>
		<terrain>Grass</terrain>
		<terrain>Grass</terrain>
		<terrain>Grass</terrain>
		<terrain>Grass</terrain>
		<terrain>Grass</terrain>
		<terrain>Grass</terrain>
		<terrain>Grass</terrain>
		<terrain>Grass</terrain>
		<terrain>Grass</terrain>
		<terrain>Grass</terrain>
		<terrain>Grass</terrain>
		<terrain>Grass</terrain>
		<terrain>Grass</terrain>
		<terrain>Grass</terrain>
		<terrain>Grass</terrain>
		<terrain>Grass</terrain>
		<terrain>Grass</terrain>
		<terrain>Grass</terrain>
		<terrain>Grass</terrain>
		<terrain>Grass</terrain>
		<terrain>Grass</terrain>
		<terrain>Grass</terrain>
		<terrain>Grass</terrain>
		<terrain>Grass</terrain>
		<terrain>Grass</terrain>
		<terrain>Grass</terrain>
		<terrain>Grass</terrain>
		<terrain>Grass</terrain>
		<terrain>Grass</terrain>
		<terrain>Grass</terrain>
		<terrain>Grass</terrain>
		<terrain>Grass</terrain>
		<terrain>Grass</terrain>
		<terrain>Grass</terrain>
		<terrain>Grass</terrain>
		<terrain>Grass</terrain>
		<terrain>Grass</terrain>
		<terrain>Grass</terrain>
		<terrain>Grass</terrain>
		<terrain>Grass</terrain>
		<terrain>Grass</terrain>
		<terrain>Grass</terrain>
		<terrain>Grass</terrain>
		<terrain>Grass</terrain>
		<terrain>Grass</terrain>
		<terrain>Grass</terrain>
		<terrain>Grass</terrain>
		<terrain>Grass</terrain>
		<terrain>Grass</terrain>
		<terrain>Grass</terrain>
		<terrain>Grass</terrain>
		<terrain>Grass</terrain>
		<terrain>Grass</terrain>
		<terrain>Grass</terrain>
		<terrain>Grass</terrain>
		<terrain>Grass</terrain>
		<terrain>Grass</terrain>
		<terrain>Grass</terrain>
		<terrain>Grass</terrain>
		<terrain>Grass</terrain>
		<terrain>Grass</terrain>
		<terrain>Grass</terrain>
		<terrain>Grass</terrain>
		<terrain>Grass</terrain>
		<terrain>Grass</terrain>
		<terrain>Grass</terrain>
		<terrain>Grass</terrain>
		<terrain>Grass</terrain>
		<terrain>Grass</terrain>
		<terrain>Grass</terrain>
		<terrain>Grass</terrain>
		<terrain>Grass</terrain>
		<terrain>Grass</terrain>
		<terrain>Grass</terrain>
		<terrain>Grass</terrain>
		<terrain>Grass</terrain>
		<terrain>Grass</terrain>
		<terrain>Grass</terrain>
		<terrain>Grass</terrain>
		<terrain>Grass</terrain>
		<terrain>Grass</terrain>
		<terrain>Grass</terrain>
		<terrain>Grass</terrain>
		<terrain>Grass</terrain>
		<terrain>Grass</terrain>
		<terrain>Grass</terrain>
		<terrain>Grass</terrain>
		<terrain>Grass</terrain>
		<terrain>Grass</terrain>
		<terrain>Grass</terrain>
		<terrain>Grass</terrain>
		<terrain>Grass</terrain>
		<terrain>Grass</terrain>
		<terrain>Grass</terrain>
		<terrain>Grass</terrain>
		<terrain>Grass</terrain>
		<terrain>Grass</terrain>
		<terrain>Grass</terrain>
		<terrain>Grass</terrain>
		<terrain>Grass</terrain>
		<terrain>Grass</terrain>
		<terrain>Grass</terrain>
		<terrain>Grass</terrain>
		<terrain>Grass</terrain>
		<terrain>Grass</terrain>
		<terrain>Grass</terrain>
		<terrain>Grass</terrain>
		<terrain>Grass</terrain>
		<terrain>Grass</terrain>
		<terrain>Grass</terrain>
		<terrain>Grass</terrain>
		<terrain>Grass</terrain>
		<terrain>Grass</terrain>
		<terrain>Grass</terrain>
		<terrain>Grass</terrain>
		<terrain>Grass</terrain>
		<terrain>Grass</terrain>
		<terrain>Grass</terrain>
		<terrain>Grass</terrain>
		<terrain>Grass</terrain>
		<terrain>Grass</terrain>
		<terrain>Grass</terrain>
		<terrain>Grass</terrain>
		<terrain>Grass</terrain>
		<terrain>Grass</terrain>
		<terrain>Grass</terrain>
		<terrain>Grass</terrain>
		<terrain>Grass</terrain>
		<terrain>Grass</terrain>
		<terrain>Grass</terrain>
		<terrain>Grass</terrain>
		<terrain>Grass</terrain>
		<terrain>Grass</terrain>
		<terrain>Grass</terrain>
		<terrain>Grass</terrain>
		<terrain>Grass</terrain>
		<terrain>Grass</terrain>
		<terrain>Grass</terrain>
		<terrain>Grass</terrain>
		<terrain>Grass</terrain>
		<terrain>Grass</terrain>
		<terrain>Grass</terrain>
		<terrain>Grass</terrain>
		<terrain>Grass</terrain>
		<terrain>Grass</terrain>
		<terrain>Grass</terrain>
		<terrain>Grass</terrain>
		<terrain>Grass</terrain>
		<terrain>Grass</terrain>
		<terrain>Grass</terrain>
		<terrain>Grass</terrain>
		<terrain>Grass</terrain>
		<terrain>Grass</terrain>
		<terrain>Grass</terrain>
		<terrain>Grass</terrain>
		<terrain>Grass</terrain>
		<terrain>Grass</terrain>
		<terrain>Grass</terrain>
		<terrain>Grass</terrain>
		<terrain>Grass</terrain>
		<terrain>Grass</terrain>
		<terrain>Grass</terrain>
		<terrain>Grass</terrain>
		<terrain>Grass</terrain>
		<terrain>Grass</terrain>
		<terrain>Grass</terrain>
		<terrain>Grass</terrain>
		<terrain>Grass</terrain>
		<terrain>Grass</terrain>
		<terrain>Grass</terrain>
		<terrain>Grass</terrain>
		<terrain>Grass</terrain>
		<terrain>Grass</terrain>
		<terrain>Grass</terrain>
		<terrain>Grass</terrain>
		<terrain>Grass</terrain>
		<terrain>Grass</terrain>
		<terrain>Grass</terrain>
		<terrain>Grass</terrain>
		<terrain>Grass</terrain>
		<terrain>Grass</terrain>
		<terrain>Grass</terrain>
		<terrain>Grass</terrain>
		<terrain>Grass</terrain>
		<terrain>Grass</terrain>
		<terrain>Grass</terrain>
		<terrain>Grass</terrain>
		<terrain>Grass</terrain>
		<terrain>Grass</terrain>
		<terrain>Grass</terrain>
		<terrain>Grass</terrain>
		<terrain>Grass</terrain>
		<terrain>Grass</terrain>
		<terrain>Grass</terrain>
		<terrain>Grass</terrain>
		<terrain>Grass</terrain>
		<terrain>Grass</terrain>
		<terrain>Grass</terrain>
		<terrain>Grass</terrain>
		<terrain>Grass</terrain>
		<terrain>Grass</terrain>
		<terrain>Grass</terrain>
		<terrain>Grass</terrain>
		<terrain>Grass</terrain>
		<terrain>Grass</terrain>
		<terrain>Grass</terrain>
		<terrain>Grass</terrain>
		<terrain>Grass</terrain>
		<terrain>Grass</terrain>
		<terrain>Grass</terrain>
		<terrain>Grass</terrain>
		<terrain>Grass</terrain>
		<terrain>Grass</terrain>
		<terrain>Grass</terrain>
		<terrain>Grass</terrain>
		<terrain>Grass</terrain>
		<terrain>Grass</terrain>
		<terrain>Grass</terrain>
		<terrain>Grass</terrain>
		<terrain>Grass</terrain>
		<terrain>Grass</terrain>
		<terrain>Grass</terrain>
		<terrain>Grass</terrain>
		<terrain>Grass</terrain>
		<terrain>Grass</terrain>
		<terrain>Grass</terrain>
		<terrain>Grass</terrain>
		<terrain>Grass</terrain>
		<terrain>Grass</terrain>
		<terrain>Grass</terrain>
		<terrain>Grass</terrain>
		<terrain>Grass</terrain>
		<terrain>Grass</terrain>
		<terrain>Grass</terrain>
		<terrain>Grass</terrain>
		<terrain>Grass</terrain>
		<terrain>Grass</terrain>
		<terrain>Grass</terrain>
		<terrain>Grass</terrain>
		<terrain>Grass</terrain>
		<terrain>Grass</terrain>
		<terrain>Grass</terrain>
		<terrain>Grass</terrain>
		<terrain>Grass</terrain>
		<terrain>Grass</terrain>
		<terrain>Grass</terrain>
		<terrain>Grass</terrain>
		<terrain>Grass</terrain>
		<terrain>Grass</terrain>
		<terrain>Grass</terrain>
		<terrain>Grass</terrain>
		<terrain>Grass</terrain>
		<terrain>Grass</terrain>
		<terrain>Grass</terrain>
		<terrain>Grass</terrain>
		<terrain>Grass</terrain>
		<terrain>Grass</terrain>
		<terrain>Grass</terrain>
		<terrain>Grass</terrain>
		<terrain>Grass</terrain>
		<terrain>Grass</terrain>
		<terrain>Grass</terrain>
		<terrain>Grass</terrain>
		<terrain>Grass</terrain>
		<terrain>Grass</terrain>
		<terrain>Grass</terrain>
		<terrain>Grass</terrain>
		<terrain>Grass</terrain>
		<terrain>Grass</terrain>
		<terrain>Grass</terrain>
		<terrain>Grass</terrain>
		<terrain>Grass</terrain>
		<terrain>Grass</terrain>
		<terrain>Grass</terrain>
		<terrain>Grass</terrain>
		<terrain>Grass</terrain>
		<terrain>Grass</terrain>
		<terrain>Grass</terrain>
		<terrain>Grass</terrain>
		<terrain>Grass</terrain>
		<terrain>Grass</terrain>
		<terrain>Grass</terrain>
		<terrain>Grass</terrain>
		<terrain>Grass</terrain>
		<terrain>Grass</terrain>
		<terrain>Grass</terrain>
		<terrain>Grass</terrain>
		<terrain>Grass</terrain>
		<terrain>Grass</terrain>
	</map>
	<objects>
	</objects>
	<items>
	</items>
</gamemap>
