<?xml version="1.0" encoding="UTF-8"?>
<gamemap>
	<map width="50" height="40">
		<terrain>aSand#0</terrain>
		<terrain>aSand#0</terrain>
		<terrain>aSand#0</terrain>
		<terrain>aSand#0</terrain>
		<terrain>aSand#0</terrain>
		<terrain>aSand#0</terrain>
		<terrain>aSand#0</terrain>
		<terrain>aSand#0</terrain>
		<terrain>aSand#0</terrain>
		<terrain>aSand#0</terrain>
		<terrain>aSand#0</terrain>
		<terrain>aSand#0</terrain>
		<terrain>aSand#0</terrain>
		<terrain>aSand#0</terrain>
		<terrain>aSand#0</terrain>
		<terrain>aSand#0</terrain>
		<terrain>aSand#0</terrain>
		<terrain>aSand#0</terrain>
		<terrain>aSand#0</terrain>
		<terrain>aSand#0</terrain>
		<terrain>aSand#0</terrain>
		<terrain>aSand#0</terrain>
		<terrain>aSand#0</terrain>
		<terrain>aSand#0</terrain>
		<terrain>aSand#0</terrain>
		<terrain>aSand#0</terrain>
		<terrain>aSand#0</terrain>
		<terrain>aSand#0</terrain>
		<terrain>aSand#0</terrain>
		<terrain>aSand#0</terrain>
		<terrain>aSand#0</terrain>
		<terrain>aSand#0</terrain>
		<terrain>aSand#0</terrain>
		<terrain>aSand#0</terrain>
		<terrain>aSand#0</terrain>
		<terrain>aSand#0</terrain>
		<terrain>aSand#0</terrain>
		<terrain>aSand#0</terrain>
		<terrain>aSand#0</terrain>
		<terrain>aSand#0</terrain>
		<terrain>aSand#0</terrain>
		<terrain>aSand#0</terrain>
		<terrain>aSand#0</terrain>
		<terrain>aSand#0</terrain>
		<terrain>aSand#0</terrain>
		<terrain>aSand#0</terrain>
		<terrain>aSand#0</terrain>
		<terrain>aSand#0</terrain>
		<terrain>aSand#0</terrain>
		<terrain>aSand#0</terrain>
		<terrain>aSand#0</terrain>
		<terrain>aSand#0</terrain>
		<terrain>aSand#0</terrain>
		<terrain>aSand#0</terrain>
		<terrain>aSand#0</terrain>
		<terrain>aSand#0</terrain>
		<terrain>aSand#0</terrain>
		<terrain>aSand#0</terrain>
		<terrain>aSand#0</terrain>
		<terrain>aSand#0</terrain>
		<terrain>aSand#0</terrain>
		<terrain>aSand#0</terrain>
		<terrain>aSand#0</terrain>
		<terrain>aSand#0</terrain>
		<terrain>aSand#0</terrain>
		<terrain>aSand#0</terrain>
		<terrain>aSand#0</terrain>
		<terrain>aSand#0</terrain>
		<terrain>aSand#0</terrain>
		<terrain>aSand#0</terrain>
		<terrain>aSand#0</terrain>
		<terrain>aSand#0</terrain>
		<terrain>aSand#0</terrain>
		<terrain>aSand#0</terrain>
		<terrain>aSand#0</terrain>
		<terrain>aSand#0</terrain>
		<terrain>aSand#0</terrain>
		<terrain>aSand#0</terrain>
		<terrain>aSand#0</terrain>
		<terrain>aSand#0</terrain>
		<terrain>aSand#0</terrain>
		<terrain>aSand#0</terrain>
		<terrain>aSand#0</terrain>
		<terrain>aSand#0</terrain>
		<terrain>aSand#0</terrain>
		<terrain>aSand#0</terrain>
		<terrain>aSand#0</terrain>
		<terrain>aSand#0</terrain>
		<terrain>aSand#0</terrain>
		<terrain>aSand#0</terrain>
		<terrain>aSand#0</terrain>
		<terrain>aSand#0</terrain>
		<terrain>aSand#0</terrain>
		<terrain>aSand#0</terrain>
		<terrain>aSand#0</terrain>
		<terrain>aSand#0</terrain>
		<terrain>aSand#0</terrain>
		<terrain>aSand#0</terrain>
		<terrain>aSand#0</terrain>
		<terrain>aSand#0</terrain>
		<terrain>aSand#0</terrain>
		<terrain>aSand#0</terrain>
		<terrain>aSand#0</terrain>
		<terrain>aSand#0</terrain>
		<terrain>aSand#0</terrain>
		<terrain>aSand#0</terrain>
		<terrain>aSand#0</terrain>
		<terrain>aSand#0</terrain>
		<terrain>aSand#0</terrain>
		<terrain>aSand#0</terrain>
		<terrain>aSand#0</terrain>
		<terrain>aSand#0</terrain>
		<terrain>aSand#0</terrain>
		<terrain>aSand#0</terrain>
		<terrain>aSand#0</terrain>
		<terrain>aSand#0</terrain>
		<terrain>aSand#0</terrain>
		<terrain>aSand#0</terrain>
		<terrain>aSand#0</terrain>
		<terrain>aSand#0</terrain>
		<terrain>aSand#0</terrain>
		<terrain>aSand#0</terrain>
		<terrain>aSand#0</terrain>
		<terrain>Pavement#20</terrain>
		<terrain>Pavement#20</terrain>
		<terrain>Pavement#20</terrain>
		<terrain>Pavement#20</terrain>
		<terrain>Pavement#20</terrain>
		<terrain>Pavement#20</terrain>
		<terrain>Pavement#20</terrain>
		<terrain>Pavement#20</terrain>
		<terrain>Pavement#20</terrain>
		<terrain>aSand#0</terrain>
		<terrain>aSand#0</terrain>
		<terrain>aSand#0</terrain>
		<terrain>aSand#0</terrain>
		<terrain>aSand#0</terrain>
		<terrain>aSand#0</terrain>
		<terrain>aSand#0</terrain>
		<terrain>aSand#0</terrain>
		<terrain>aSand#0</terrain>
		<terrain>aSand#0</terrain>
		<terrain>aSand#0</terrain>
		<terrain>aSand#0</terrain>
		<terrain>aSand#0</terrain>
		<terrain>aSand#0</terrain>
		<terrain>aSand#0</terrain>
		<terrain>aSand#0</terrain>
		<terrain>aSand#0</terrain>
		<terrain>aSand#0</terrain>
		<terrain>aSand#0</terrain>
		<terrain>aSand#0</terrain>
		<terrain>aSand#0</terrain>
		<terrain>aSand#0</terrain>
		<terrain>aSand#0</terrain>
		<terrain>aSand#0</terrain>
		<terrain>aSand#0</terrain>
		<terrain>aSand#0</terrain>
		<terrain>aSand#0</terrain>
		<terrain>Pavement#21</terrain>
		<terrain>Pavement#21</terrain>
		<terrain>Pavement#21</terrain>
		<terrain>Pavement#21</terrain>
		<terrain>aSand#0</terrain>
		<terrain>aSand#0</terrain>
		<terrain>aSand#0</terrain>
		<terrain>aSand#0</terrain>
		<terrain>aSand#0</terrain>
		<terrain>aSand#0</terrain>
		<terrain>aSand#0</terrain>
		<terrain>aGrass#88</terrain>
		<terrain>aSand#0</terrain>
		<terrain>aSand#0</terrain>
		<terrain>Pavement#20</terrain>
		<terrain>Pavement#20</terrain>
		<terrain>Pavement#20</terrain>
		<terrain>Pavement#20</terrain>
		<terrain>Pavement#20</terrain>
		<terrain>Pavement#20</terrain>
		<terrain>Pavement#20</terrain>
		<terrain>Pavement#20</terrain>
		<terrain>Pavement#20</terrain>
		<terrain>aSand#0</terrain>
		<terrain>aSand#0</terrain>
		<terrain>aSand#0</terrain>
		<terrain>aSand#0</terrain>
		<terrain>aSand#0</terrain>
		<terrain>aSand#0</terrain>
		<terrain>aSand#0</terrain>
		<terrain>aSand#0</terrain>
		<terrain>aSand#0</terrain>
		<terrain>aSand#0</terrain>
		<terrain>aSand#0</terrain>
		<terrain>aSand#0</terrain>
		<terrain>aSand#0</terrain>
		<terrain>aSand#0</terrain>
		<terrain>aSand#0</terrain>
		<terrain>aSand#0</terrain>
		<terrain>aSand#0</terrain>
		<terrain>aSand#0</terrain>
		<terrain>aSand#0</terrain>
		<terrain>aSand#0</terrain>
		<terrain>aSand#0</terrain>
		<terrain>aSand#0</terrain>
		<terrain>aSand#0</terrain>
		<terrain>aSand#0</terrain>
		<terrain>aSand#0</terrain>
		<terrain>aSand#0</terrain>
		<terrain>aSand#0</terrain>
		<terrain>Pavement#21</terrain>
		<terrain>Pavement#21</terrain>
		<terrain>Pavement#21</terrain>
		<terrain>Pavement#21</terrain>
		<terrain>aSand#0</terrain>
		<terrain>aSand#0</terrain>
		<terrain>aSand#0</terrain>
		<terrain>aSand#0</terrain>
		<terrain>aSand#0</terrain>
		<terrain>aSand#0</terrain>
		<terrain>aSand#0</terrain>
		<terrain>aGrass#88</terrain>
		<terrain>aSand#0</terrain>
		<terrain>aSand#0</terrain>
		<terrain>Pavement#20</terrain>
		<terrain>Pavement#20</terrain>
		<terrain>Pavement#20</terrain>
		<terrain>Pavement#20</terrain>
		<terrain>Pavement#20</terrain>
		<terrain>Pavement#20</terrain>
		<terrain>Pavement#20</terrain>
		<terrain>Pavement#20</terrain>
		<terrain>Pavement#20</terrain>
		<terrain>aSand#0</terrain>
		<terrain>aSand#0</terrain>
		<terrain>aSand#0</terrain>
		<terrain>aSand#0</terrain>
		<terrain>aSand#0</terrain>
		<terrain>aSand#0</terrain>
		<terrain>aSand#0</terrain>
		<terrain>aSand#0</terrain>
		<terrain>aSand#0</terrain>
		<terrain>aSand#0</terrain>
		<terrain>aSand#0</terrain>
		<terrain>aSand#0</terrain>
		<terrain>aSand#0</terrain>
		<terrain>aSand#0</terrain>
		<terrain>aSand#0</terrain>
		<terrain>aSand#0</terrain>
		<terrain>aSand#0</terrain>
		<terrain>aSand#0</terrain>
		<terrain>aSand#0</terrain>
		<terrain>aSand#0</terrain>
		<terrain>aSand#0</terrain>
		<terrain>aSand#0</terrain>
		<terrain>aSand#0</terrain>
		<terrain>aSand#0</terrain>
		<terrain>aSand#0</terrain>
		<terrain>aSand#0</terrain>
		<terrain>aSand#0</terrain>
		<terrain>Pavement#21</terrain>
		<terrain>Pavement#21</terrain>
		<terrain>Pavement#21</terrain>
		<terrain>Pavement#21</terrain>
		<terrain>aSand#0</terrain>
		<terrain>Pavement#21</terrain>
		<terrain>Pavement#21</terrain>
		<terrain>Pavement#21</terrain>
		<terrain>Pavement#21</terrain>
		<terrain>aGrass#76</terrain>
		<terrain>aGrass#76</terrain>
		<terrain>aGrass#76</terrain>
		<terrain>aGrass#76</terrain>
		<terrain>aGrass#76</terrain>
		<terrain>Pavement#20</terrain>
		<terrain>Pavement#20</terrain>
		<terrain>Pavement#20</terrain>
		<terrain>Pavement#20</terrain>
		<terrain>Pavement#20</terrain>
		<terrain>Pavement#20</terrain>
		<terrain>Pavement#20</terrain>
		<terrain>Pavement#20</terrain>
		<terrain>Pavement#20</terrain>
		<terrain>aGrass#76</terrain>
		<terrain>aSand#0</terrain>
		<terrain>aSand#0</terrain>
		<terrain>aSand#0</terrain>
		<terrain>aSand#0</terrain>
		<terrain>aSand#0</terrain>
		<terrain>aSand#0</terrain>
		<terrain>aSand#0</terrain>
		<terrain>aSand#0</terrain>
		<terrain>aSand#0</terrain>
		<terrain>aSand#0</terrain>
		<terrain>aSand#0</terrain>
		<terrain>aSand#0</terrain>
		<terrain>aSand#0</terrain>
		<terrain>aSand#0</terrain>
		<terrain>aSand#0</terrain>
		<terrain>aSand#0</terrain>
		<terrain>aSand#0</terrain>
		<terrain>aSand#0</terrain>
		<terrain>aSand#0</terrain>
		<terrain>aSand#0</terrain>
		<terrain>aSand#0</terrain>
		<terrain>aSand#0</terrain>
		<terrain>aSand#0</terrain>
		<terrain>aGrass#26</terrain>
		<terrain>aGrass#26</terrain>
		<terrain>aGrass#26</terrain>
		<terrain>Pavement#21</terrain>
		<terrain>Pavement#21</terrain>
		<terrain>Pavement#21</terrain>
		<terrain>Pavement#21</terrain>
		<terrain>aSand#0</terrain>
		<terrain>Pavement#21</terrain>
		<terrain>Pavement#21</terrain>
		<terrain>Pavement#21</terrain>
		<terrain>Pavement#21</terrain>
		<terrain>aGrass#76</terrain>
		<terrain>aGrass#76</terrain>
		<terrain>aGrass#76</terrain>
		<terrain>aGrass#76</terrain>
		<terrain>aGrass#76</terrain>
		<terrain>Pavement#20</terrain>
		<terrain>Pavement#20</terrain>
		<terrain>Pavement#20</terrain>
		<terrain>Pavement#20</terrain>
		<terrain>Pavement#20</terrain>
		<terrain>Pavement#20</terrain>
		<terrain>Pavement#20</terrain>
		<terrain>Pavement#20</terrain>
		<terrain>Pavement#20</terrain>
		<terrain>aGrass#76</terrain>
		<terrain>aSand#0</terrain>
		<terrain>aSand#0</terrain>
		<terrain>aSand#0</terrain>
		<terrain>aSand#0</terrain>
		<terrain>aSand#0</terrain>
		<terrain>aSand#0</terrain>
		<terrain>aSand#0</terrain>
		<terrain>aSand#0</terrain>
		<terrain>aSand#0</terrain>
		<terrain>aSand#0</terrain>
		<terrain>aSand#0</terrain>
		<terrain>aSand#0</terrain>
		<terrain>aSand#0</terrain>
		<terrain>aSand#0</terrain>
		<terrain>aSand#0</terrain>
		<terrain>aSand#0</terrain>
		<terrain>aSand#0</terrain>
		<terrain>aSand#0</terrain>
		<terrain>aSand#0</terrain>
		<terrain>aSand#0</terrain>
		<terrain>aSand#0</terrain>
		<terrain>aSand#0</terrain>
		<terrain>aSand#0</terrain>
		<terrain>aGrass#26</terrain>
		<terrain>aGrass#26</terrain>
		<terrain>aGrass#26</terrain>
		<terrain>Pavement#21</terrain>
		<terrain>Pavement#21</terrain>
		<terrain>Pavement#21</terrain>
		<terrain>Pavement#21</terrain>
		<terrain>aSand#0</terrain>
		<terrain>Pavement#21</terrain>
		<terrain>Pavement#21</terrain>
		<terrain>Pavement#21</terrain>
		<terrain>Pavement#21</terrain>
		<terrain>aGrass#76</terrain>
		<terrain>aGrass#76</terrain>
		<terrain>aGrass#76</terrain>
		<terrain>aGrass#76</terrain>
		<terrain>aGrass#76</terrain>
		<terrain>Pavement#20</terrain>
		<terrain>Pavement#20</terrain>
		<terrain>Pavement#20</terrain>
		<terrain>Pavement#20</terrain>
		<terrain>Pavement#20</terrain>
		<terrain>Pavement#20</terrain>
		<terrain>Pavement#20</terrain>
		<terrain>Pavement#20</terrain>
		<terrain>Pavement#20</terrain>
		<terrain>aGrass#76</terrain>
		<terrain>aSand#0</terrain>
		<terrain>aSand#0</terrain>
		<terrain>aSand#0</terrain>
		<terrain>aSand#0</terrain>
		<terrain>aSand#0</terrain>
		<terrain>aSand#0</terrain>
		<terrain>aSand#0</terrain>
		<terrain>aSand#0</terrain>
		<terrain>aSand#0</terrain>
		<terrain>aSand#0</terrain>
		<terrain>aSand#0</terrain>
		<terrain>aSand#0</terrain>
		<terrain>aSand#0</terrain>
		<terrain>aSand#0</terrain>
		<terrain>aSand#0</terrain>
		<terrain>aSand#0</terrain>
		<terrain>aSand#0</terrain>
		<terrain>aSand#0</terrain>
		<terrain>aSand#0</terrain>
		<terrain>aSand#0</terrain>
		<terrain>aSand#0</terrain>
		<terrain>aSand#0</terrain>
		<terrain>aSand#0</terrain>
		<terrain>aGrass#26</terrain>
		<terrain>aGrass#26</terrain>
		<terrain>aGrass#26</terrain>
		<terrain>Pavement#21</terrain>
		<terrain>Pavement#21</terrain>
		<terrain>Pavement#21</terrain>
		<terrain>Pavement#21</terrain>
		<terrain>aSand#0</terrain>
		<terrain>Pavement#21</terrain>
		<terrain>Pavement#21</terrain>
		<terrain>Pavement#21</terrain>
		<terrain>Pavement#21</terrain>
		<terrain>aGrass#76</terrain>
		<terrain>aGrass#76</terrain>
		<terrain>aGrass#76</terrain>
		<terrain>aGrass#76</terrain>
		<terrain>aGrass#76</terrain>
		<terrain>Pavement#20</terrain>
		<terrain>Pavement#20</terrain>
		<terrain>Pavement#20</terrain>
		<terrain>Pavement#20</terrain>
		<terrain>Pavement#20</terrain>
		<terrain>Pavement#20</terrain>
		<terrain>Pavement#20</terrain>
		<terrain>Pavement#20</terrain>
		<terrain>Pavement#20</terrain>
		<terrain>aGrass#76</terrain>
		<terrain>aSand#0</terrain>
		<terrain>aSand#0</terrain>
		<terrain>aSand#0</terrain>
		<terrain>aSand#0</terrain>
		<terrain>aSand#0</terrain>
		<terrain>aSand#0</terrain>
		<terrain>aSand#0</terrain>
		<terrain>aSand#0</terrain>
		<terrain>aSand#0</terrain>
		<terrain>aSand#0</terrain>
		<terrain>aSand#0</terrain>
		<terrain>aSand#0</terrain>
		<terrain>aSand#0</terrain>
		<terrain>aSand#0</terrain>
		<terrain>aSand#0</terrain>
		<terrain>aSand#0</terrain>
		<terrain>aSand#0</terrain>
		<terrain>aSand#0</terrain>
		<terrain>aSand#0</terrain>
		<terrain>aSand#0</terrain>
		<terrain>aSand#0</terrain>
		<terrain>aSand#0</terrain>
		<terrain>aSand#0</terrain>
		<terrain>aGrass#26</terrain>
		<terrain>aGrass#26</terrain>
		<terrain>aGrass#26</terrain>
		<terrain>Pavement#21</terrain>
		<terrain>Pavement#21</terrain>
		<terrain>Pavement#21</terrain>
		<terrain>Pavement#21</terrain>
		<terrain>aSand#0</terrain>
		<terrain>aSand#0</terrain>
		<terrain>aSand#0</terrain>
		<terrain>aSand#0</terrain>
		<terrain>aSand#0</terrain>
		<terrain>aSand#0</terrain>
		<terrain>aSand#0</terrain>
		<terrain>aSand#0</terrain>
		<terrain>aSand#0</terrain>
		<terrain>aSand#0</terrain>
		<terrain>Pavement#20</terrain>
		<terrain>Pavement#20</terrain>
		<terrain>Pavement#20</terrain>
		<terrain>Pavement#20</terrain>
		<terrain>Pavement#20</terrain>
		<terrain>Pavement#20</terrain>
		<terrain>Pavement#20</terrain>
		<terrain>Pavement#20</terrain>
		<terrain>Pavement#20</terrain>
		<terrain>aSand#0</terrain>
		<terrain>aSand#0</terrain>
		<terrain>aSand#0</terrain>
		<terrain>aSand#0</terrain>
		<terrain>aSand#0</terrain>
		<terrain>aSand#0</terrain>
		<terrain>aSand#0</terrain>
		<terrain>aSand#0</terrain>
		<terrain>aSand#0</terrain>
		<terrain>aSand#0</terrain>
		<terrain>aSand#0</terrain>
		<terrain>aSand#0</terrain>
		<terrain>aSand#0</terrain>
		<terrain>aSand#0</terrain>
		<terrain>aSand#0</terrain>
		<terrain>aSand#0</terrain>
		<terrain>aSand#0</terrain>
		<terrain>aSand#0</terrain>
		<terrain>aSand#0</terrain>
		<terrain>aSand#0</terrain>
		<terrain>aSand#0</terrain>
		<terrain>aSand#0</terrain>
		<terrain>aSand#0</terrain>
		<terrain>aSand#0</terrain>
		<terrain>aGrass#26</terrain>
		<terrain>aGrass#26</terrain>
		<terrain>aGrass#26</terrain>
		<terrain>Pavement#21</terrain>
		<terrain>Pavement#21</terrain>
		<terrain>Pavement#21</terrain>
		<terrain>Pavement#21</terrain>
		<terrain>aSand#0</terrain>
		<terrain>aSand#0</terrain>
		<terrain>aSand#0</terrain>
		<terrain>aSand#0</terrain>
		<terrain>aSand#0</terrain>
		<terrain>aSand#0</terrain>
		<terrain>aSand#0</terrain>
		<terrain>aSand#0</terrain>
		<terrain>aSand#0</terrain>
		<terrain>aSand#0</terrain>
		<terrain>Pavement#20</terrain>
		<terrain>Pavement#20</terrain>
		<terrain>Pavement#20</terrain>
		<terrain>Pavement#20</terrain>
		<terrain>Pavement#20</terrain>
		<terrain>Pavement#20</terrain>
		<terrain>Pavement#20</terrain>
		<terrain>Pavement#20</terrain>
		<terrain>Pavement#20</terrain>
		<terrain>aSand#0</terrain>
		<terrain>aSand#0</terrain>
		<terrain>aSand#0</terrain>
		<terrain>aSand#0</terrain>
		<terrain>aSand#0</terrain>
		<terrain>aSand#0</terrain>
		<terrain>aSand#0</terrain>
		<terrain>aSand#0</terrain>
		<terrain>aSand#0</terrain>
		<terrain>aSand#0</terrain>
		<terrain>aSand#0</terrain>
		<terrain>aSand#0</terrain>
		<terrain>aSand#0</terrain>
		<terrain>aSand#0</terrain>
		<terrain>aSand#0</terrain>
		<terrain>aSand#0</terrain>
		<terrain>aSand#0</terrain>
		<terrain>aSand#0</terrain>
		<terrain>aSand#0</terrain>
		<terrain>aSand#0</terrain>
		<terrain>aSand#0</terrain>
		<terrain>aSand#0</terrain>
		<terrain>aSand#0</terrain>
		<terrain>aSand#0</terrain>
		<terrain>aGrass#26</terrain>
		<terrain>aGrass#26</terrain>
		<terrain>aGrass#26</terrain>
		<terrain>Pavement#21</terrain>
		<terrain>Pavement#21</terrain>
		<terrain>Pavement#21</terrain>
		<terrain>Pavement#21</terrain>
		<terrain>aSand#0</terrain>
		<terrain>aSand#0</terrain>
		<terrain>aSand#0</terrain>
		<terrain>aSand#0</terrain>
		<terrain>aSand#0</terrain>
		<terrain>aSand#0</terrain>
		<terrain>aSand#0</terrain>
		<terrain>aSand#0</terrain>
		<terrain>aSand#0</terrain>
		<terrain>aSand#0</terrain>
		<terrain>Pavement#20</terrain>
		<terrain>Pavement#20</terrain>
		<terrain>Pavement#20</terrain>
		<terrain>Pavement#20</terrain>
		<terrain>Pavement#20</terrain>
		<terrain>Pavement#20</terrain>
		<terrain>Pavement#20</terrain>
		<terrain>Pavement#20</terrain>
		<terrain>Pavement#20</terrain>
		<terrain>aSand#0</terrain>
		<terrain>aSand#0</terrain>
		<terrain>aSand#0</terrain>
		<terrain>aSand#0</terrain>
		<terrain>aSand#0</terrain>
		<terrain>aSand#0</terrain>
		<terrain>aSand#0</terrain>
		<terrain>aSand#0</terrain>
		<terrain>aSand#0</terrain>
		<terrain>aSand#0</terrain>
		<terrain>aSand#0</terrain>
		<terrain>aSand#0</terrain>
		<terrain>aSand#0</terrain>
		<terrain>aSand#0</terrain>
		<terrain>aSand#0</terrain>
		<terrain>aSand#0</terrain>
		<terrain>aSand#0</terrain>
		<terrain>aSand#0</terrain>
		<terrain>aSand#0</terrain>
		<terrain>aSand#0</terrain>
		<terrain>aSand#0</terrain>
		<terrain>aSand#0</terrain>
		<terrain>aSand#0</terrain>
		<terrain>aSand#0</terrain>
		<terrain>aGrass#26</terrain>
		<terrain>aGrass#26</terrain>
		<terrain>aGrass#26</terrain>
		<terrain>aGrass#26</terrain>
		<terrain>Pavement#25</terrain>
		<terrain>Pavement#25</terrain>
		<terrain>Pavement#25</terrain>
		<terrain>Pavement#25</terrain>
		<terrain>Pavement#25</terrain>
		<terrain>Pavement#25</terrain>
		<terrain>Pavement#25</terrain>
		<terrain>Pavement#25</terrain>
		<terrain>Pavement#25</terrain>
		<terrain>Pavement#25</terrain>
		<terrain>Pavement#25</terrain>
		<terrain>Pavement#25</terrain>
		<terrain>Pavement#25</terrain>
		<terrain>Pavement#20</terrain>
		<terrain>Pavement#20</terrain>
		<terrain>Pavement#20</terrain>
		<terrain>Pavement#20</terrain>
		<terrain>Pavement#20</terrain>
		<terrain>Pavement#20</terrain>
		<terrain>Pavement#20</terrain>
		<terrain>Pavement#20</terrain>
		<terrain>Pavement#20</terrain>
		<terrain>Pavement#25</terrain>
		<terrain>Pavement#25</terrain>
		<terrain>aSand#0</terrain>
		<terrain>aSand#0</terrain>
		<terrain>aSand#0</terrain>
		<terrain>aSand#0</terrain>
		<terrain>aSand#0</terrain>
		<terrain>aSand#0</terrain>
		<terrain>aSand#0</terrain>
		<terrain>aSand#0</terrain>
		<terrain>aSand#0</terrain>
		<terrain>aSand#0</terrain>
		<terrain>aSand#0</terrain>
		<terrain>aSand#0</terrain>
		<terrain>aSand#0</terrain>
		<terrain>aSand#0</terrain>
		<terrain>aSand#0</terrain>
		<terrain>aSand#0</terrain>
		<terrain>aSand#0</terrain>
		<terrain>aSand#0</terrain>
		<terrain>aSand#0</terrain>
		<terrain>aSand#0</terrain>
		<terrain>aSand#0</terrain>
		<terrain>aSand#0</terrain>
		<terrain>aGrass#26</terrain>
		<terrain>aGrass#26</terrain>
		<terrain>aGrass#26</terrain>
		<terrain>aGrass#26</terrain>
		<terrain>Pavement#25</terrain>
		<terrain>Pavement#25</terrain>
		<terrain>Pavement#25</terrain>
		<terrain>Pavement#25</terrain>
		<terrain>Pavement#25</terrain>
		<terrain>Pavement#25</terrain>
		<terrain>Pavement#25</terrain>
		<terrain>Pavement#25</terrain>
		<terrain>Pavement#25</terrain>
		<terrain>Pavement#25</terrain>
		<terrain>Pavement#25</terrain>
		<terrain>Pavement#25</terrain>
		<terrain>Pavement#25</terrain>
		<terrain>Pavement#20</terrain>
		<terrain>Pavement#20</terrain>
		<terrain>Pavement#20</terrain>
		<terrain>Pavement#20</terrain>
		<terrain>Pavement#20</terrain>
		<terrain>Pavement#20</terrain>
		<terrain>Pavement#20</terrain>
		<terrain>Pavement#20</terrain>
		<terrain>Pavement#20</terrain>
		<terrain>Pavement#25</terrain>
		<terrain>Pavement#25</terrain>
		<terrain>aSand#0</terrain>
		<terrain>aSand#0</terrain>
		<terrain>aSand#0</terrain>
		<terrain>aSand#0</terrain>
		<terrain>aSand#0</terrain>
		<terrain>aSand#0</terrain>
		<terrain>aSand#0</terrain>
		<terrain>aSand#0</terrain>
		<terrain>aSand#0</terrain>
		<terrain>aSand#0</terrain>
		<terrain>aSand#0</terrain>
		<terrain>aSand#0</terrain>
		<terrain>aSand#0</terrain>
		<terrain>aSand#0</terrain>
		<terrain>aSand#0</terrain>
		<terrain>aSand#0</terrain>
		<terrain>aSand#0</terrain>
		<terrain>aSand#0</terrain>
		<terrain>aSand#0</terrain>
		<terrain>aSand#0</terrain>
		<terrain>aSand#0</terrain>
		<terrain>aSand#0</terrain>
		<terrain>aGrass#26</terrain>
		<terrain>aGrass#26</terrain>
		<terrain>aGrass#26</terrain>
		<terrain>aGrass#26</terrain>
		<terrain>Pavement#25</terrain>
		<terrain>Pavement#25</terrain>
		<terrain>Pavement#25</terrain>
		<terrain>Pavement#25</terrain>
		<terrain>Pavement#25</terrain>
		<terrain>Pavement#25</terrain>
		<terrain>Pavement#25</terrain>
		<terrain>Pavement#25</terrain>
		<terrain>Pavement#25</terrain>
		<terrain>Pavement#25</terrain>
		<terrain>Pavement#25</terrain>
		<terrain>Pavement#25</terrain>
		<terrain>Pavement#25</terrain>
		<terrain>Pavement#20</terrain>
		<terrain>Pavement#20</terrain>
		<terrain>Pavement#20</terrain>
		<terrain>Pavement#20</terrain>
		<terrain>Pavement#20</terrain>
		<terrain>Pavement#20</terrain>
		<terrain>Pavement#20</terrain>
		<terrain>Pavement#20</terrain>
		<terrain>Pavement#20</terrain>
		<terrain>Pavement#25</terrain>
		<terrain>Pavement#25</terrain>
		<terrain>aSand#0</terrain>
		<terrain>aSand#0</terrain>
		<terrain>aSand#0</terrain>
		<terrain>aSand#0</terrain>
		<terrain>aSand#0</terrain>
		<terrain>aSand#0</terrain>
		<terrain>aSand#0</terrain>
		<terrain>aSand#0</terrain>
		<terrain>aSand#0</terrain>
		<terrain>aSand#0</terrain>
		<terrain>aSand#0</terrain>
		<terrain>aSand#0</terrain>
		<terrain>aSand#0</terrain>
		<terrain>aSand#0</terrain>
		<terrain>aSand#0</terrain>
		<terrain>aSand#0</terrain>
		<terrain>aSand#0</terrain>
		<terrain>aSand#0</terrain>
		<terrain>aSand#0</terrain>
		<terrain>aSand#0</terrain>
		<terrain>aSand#0</terrain>
		<terrain>aSand#0</terrain>
		<terrain>aGrass#26</terrain>
		<terrain>aGrass#26</terrain>
		<terrain>aGrass#26</terrain>
		<terrain>aGrass#26</terrain>
		<terrain>Pavement#25</terrain>
		<terrain>Pavement#25</terrain>
		<terrain>Pavement#25</terrain>
		<terrain>Pavement#25</terrain>
		<terrain>Pavement#25</terrain>
		<terrain>Pavement#25</terrain>
		<terrain>Pavement#25</terrain>
		<terrain>Pavement#25</terrain>
		<terrain>Pavement#25</terrain>
		<terrain>Pavement#25</terrain>
		<terrain>Pavement#25</terrain>
		<terrain>Pavement#25</terrain>
		<terrain>Pavement#25</terrain>
		<terrain>Pavement#20</terrain>
		<terrain>Pavement#20</terrain>
		<terrain>Pavement#20</terrain>
		<terrain>Pavement#20</terrain>
		<terrain>Pavement#20</terrain>
		<terrain>Pavement#20</terrain>
		<terrain>Pavement#20</terrain>
		<terrain>Pavement#20</terrain>
		<terrain>Pavement#20</terrain>
		<terrain>Pavement#25</terrain>
		<terrain>Pavement#25</terrain>
		<terrain>aSand#0</terrain>
		<terrain>aSand#0</terrain>
		<terrain>aSand#0</terrain>
		<terrain>aSand#0</terrain>
		<terrain>aSand#0</terrain>
		<terrain>aSand#0</terrain>
		<terrain>aSand#0</terrain>
		<terrain>aSand#0</terrain>
		<terrain>aSand#0</terrain>
		<terrain>aSand#0</terrain>
		<terrain>aSand#0</terrain>
		<terrain>aSand#0</terrain>
		<terrain>aSand#0</terrain>
		<terrain>aSand#0</terrain>
		<terrain>aSand#0</terrain>
		<terrain>aSand#0</terrain>
		<terrain>aSand#0</terrain>
		<terrain>aSand#0</terrain>
		<terrain>aSand#0</terrain>
		<terrain>aSand#0</terrain>
		<terrain>aSand#0</terrain>
		<terrain>aSand#0</terrain>
		<terrain>aGrass#26</terrain>
		<terrain>aGrass#26</terrain>
		<terrain>aGrass#26</terrain>
		<terrain>aGrass#26</terrain>
		<terrain>aSand#0</terrain>
		<terrain>aSand#0</terrain>
		<terrain>aSand#0</terrain>
		<terrain>aSand#0</terrain>
		<terrain>aSand#0</terrain>
		<terrain>aSand#0</terrain>
		<terrain>aSand#0</terrain>
		<terrain>aSand#0</terrain>
		<terrain>aGrass#80</terrain>
		<terrain>aGrass#80</terrain>
		<terrain>aGrass#80</terrain>
		<terrain>aGrass#80</terrain>
		<terrain>aGrass#80</terrain>
		<terrain>Pavement#20</terrain>
		<terrain>Pavement#20</terrain>
		<terrain>Pavement#20</terrain>
		<terrain>Pavement#20</terrain>
		<terrain>Pavement#20</terrain>
		<terrain>Pavement#20</terrain>
		<terrain>Pavement#20</terrain>
		<terrain>Pavement#20</terrain>
		<terrain>Pavement#20</terrain>
		<terrain>aGrass#80</terrain>
		<terrain>aGrass#80</terrain>
		<terrain>aSand#0</terrain>
		<terrain>aSand#0</terrain>
		<terrain>aSand#0</terrain>
		<terrain>aSand#0</terrain>
		<terrain>aSand#0</terrain>
		<terrain>aSand#0</terrain>
		<terrain>aSand#0</terrain>
		<terrain>aSand#0</terrain>
		<terrain>aSand#0</terrain>
		<terrain>aSand#0</terrain>
		<terrain>aSand#0</terrain>
		<terrain>aSand#0</terrain>
		<terrain>aSand#0</terrain>
		<terrain>aSand#0</terrain>
		<terrain>aSand#0</terrain>
		<terrain>aSand#0</terrain>
		<terrain>aSand#0</terrain>
		<terrain>aSand#0</terrain>
		<terrain>aSand#0</terrain>
		<terrain>aSand#0</terrain>
		<terrain>aSand#0</terrain>
		<terrain>aSand#0</terrain>
		<terrain>aGrass#26</terrain>
		<terrain>aGrass#26</terrain>
		<terrain>aGrass#26</terrain>
		<terrain>aGrass#26</terrain>
		<terrain>aSand#0</terrain>
		<terrain>aSand#0</terrain>
		<terrain>aSand#0</terrain>
		<terrain>aSand#0</terrain>
		<terrain>aSand#0</terrain>
		<terrain>aSand#0</terrain>
		<terrain>aSand#0</terrain>
		<terrain>aSand#0</terrain>
		<terrain>aGrass#80</terrain>
		<terrain>aGrass#80</terrain>
		<terrain>aGrass#80</terrain>
		<terrain>aGrass#80</terrain>
		<terrain>aGrass#80</terrain>
		<terrain>Pavement#20</terrain>
		<terrain>Pavement#20</terrain>
		<terrain>Pavement#20</terrain>
		<terrain>Pavement#20</terrain>
		<terrain>Pavement#20</terrain>
		<terrain>Pavement#20</terrain>
		<terrain>Pavement#20</terrain>
		<terrain>Pavement#20</terrain>
		<terrain>Pavement#20</terrain>
		<terrain>aGrass#80</terrain>
		<terrain>aGrass#80</terrain>
		<terrain>aSand#0</terrain>
		<terrain>aSand#0</terrain>
		<terrain>aSand#0</terrain>
		<terrain>aSand#0</terrain>
		<terrain>aSand#0</terrain>
		<terrain>aSand#0</terrain>
		<terrain>aSand#0</terrain>
		<terrain>aSand#0</terrain>
		<terrain>aSand#0</terrain>
		<terrain>aSand#0</terrain>
		<terrain>aSand#0</terrain>
		<terrain>aSand#0</terrain>
		<terrain>aSand#0</terrain>
		<terrain>aSand#0</terrain>
		<terrain>aSand#0</terrain>
		<terrain>aSand#0</terrain>
		<terrain>aSand#0</terrain>
		<terrain>aSand#0</terrain>
		<terrain>aSand#0</terrain>
		<terrain>aSand#0</terrain>
		<terrain>aSand#0</terrain>
		<terrain>aSand#0</terrain>
		<terrain>aGrass#26</terrain>
		<terrain>aGrass#26</terrain>
		<terrain>aGrass#26</terrain>
		<terrain>aGrass#26</terrain>
		<terrain>aSand#0</terrain>
		<terrain>aSand#0</terrain>
		<terrain>aSand#0</terrain>
		<terrain>aSand#0</terrain>
		<terrain>aSand#0</terrain>
		<terrain>aSand#0</terrain>
		<terrain>aSand#0</terrain>
		<terrain>aSand#0</terrain>
		<terrain>aGrass#80</terrain>
		<terrain>aGrass#80</terrain>
		<terrain>aGrass#80</terrain>
		<terrain>aGrass#80</terrain>
		<terrain>aGrass#80</terrain>
		<terrain>Pavement#20</terrain>
		<terrain>Pavement#20</terrain>
		<terrain>Pavement#20</terrain>
		<terrain>Pavement#20</terrain>
		<terrain>Pavement#20</terrain>
		<terrain>Pavement#20</terrain>
		<terrain>Pavement#20</terrain>
		<terrain>Pavement#20</terrain>
		<terrain>Pavement#20</terrain>
		<terrain>aGrass#80</terrain>
		<terrain>aGrass#80</terrain>
		<terrain>aSand#0</terrain>
		<terrain>aSand#0</terrain>
		<terrain>aSand#0</terrain>
		<terrain>aSand#0</terrain>
		<terrain>aSand#0</terrain>
		<terrain>aSand#0</terrain>
		<terrain>aSand#0</terrain>
		<terrain>aSand#0</terrain>
		<terrain>aSand#0</terrain>
		<terrain>aSand#0</terrain>
		<terrain>aSand#0</terrain>
		<terrain>aSand#0</terrain>
		<terrain>aSand#0</terrain>
		<terrain>aSand#0</terrain>
		<terrain>aSand#0</terrain>
		<terrain>aSand#0</terrain>
		<terrain>aSand#0</terrain>
		<terrain>aSand#0</terrain>
		<terrain>aSand#0</terrain>
		<terrain>aSand#0</terrain>
		<terrain>aSand#0</terrain>
		<terrain>aSand#0</terrain>
		<terrain>aGrass#26</terrain>
		<terrain>aGrass#26</terrain>
		<terrain>aGrass#26</terrain>
		<terrain>aGrass#26</terrain>
		<terrain>aSand#0</terrain>
		<terrain>aSand#0</terrain>
		<terrain>aSand#0</terrain>
		<terrain>aSand#0</terrain>
		<terrain>aSand#0</terrain>
		<terrain>aSand#0</terrain>
		<terrain>aSand#0</terrain>
		<terrain>aSand#0</terrain>
		<terrain>aSand#0</terrain>
		<terrain>aSand#0</terrain>
		<terrain>aSand#0</terrain>
		<terrain>aSand#0</terrain>
		<terrain>aSand#0</terrain>
		<terrain>Pavement#20</terrain>
		<terrain>Pavement#20</terrain>
		<terrain>Pavement#20</terrain>
		<terrain>Pavement#20</terrain>
		<terrain>Pavement#20</terrain>
		<terrain>Pavement#20</terrain>
		<terrain>Pavement#20</terrain>
		<terrain>Pavement#20</terrain>
		<terrain>Pavement#20</terrain>
		<terrain>aSand#0</terrain>
		<terrain>aSand#0</terrain>
		<terrain>aSand#0</terrain>
		<terrain>aSand#0</terrain>
		<terrain>aSand#0</terrain>
		<terrain>aSand#0</terrain>
		<terrain>aSand#0</terrain>
		<terrain>aSand#0</terrain>
		<terrain>aSand#0</terrain>
		<terrain>aSand#0</terrain>
		<terrain>aSand#0</terrain>
		<terrain>aSand#0</terrain>
		<terrain>aSand#0</terrain>
		<terrain>aSand#0</terrain>
		<terrain>aSand#0</terrain>
		<terrain>aSand#0</terrain>
		<terrain>aSand#0</terrain>
		<terrain>aSand#0</terrain>
		<terrain>aSand#0</terrain>
		<terrain>aSand#0</terrain>
		<terrain>aSand#0</terrain>
		<terrain>aSand#0</terrain>
		<terrain>aSand#0</terrain>
		<terrain>aSand#0</terrain>
		<terrain>aGrass#26</terrain>
		<terrain>aGrass#26</terrain>
		<terrain>aGrass#26</terrain>
		<terrain>aGrass#26</terrain>
		<terrain>aSand#0</terrain>
		<terrain>aSand#0</terrain>
		<terrain>aSand#0</terrain>
		<terrain>aSand#0</terrain>
		<terrain>aSand#0</terrain>
		<terrain>aSand#0</terrain>
		<terrain>aSand#0</terrain>
		<terrain>aSand#0</terrain>
		<terrain>aSand#0</terrain>
		<terrain>aSand#0</terrain>
		<terrain>aSand#0</terrain>
		<terrain>aSand#0</terrain>
		<terrain>aSand#0</terrain>
		<terrain>Pavement#20</terrain>
		<terrain>Pavement#20</terrain>
		<terrain>Pavement#20</terrain>
		<terrain>Pavement#20</terrain>
		<terrain>Pavement#20</terrain>
		<terrain>Pavement#20</terrain>
		<terrain>Pavement#20</terrain>
		<terrain>Pavement#20</terrain>
		<terrain>Pavement#20</terrain>
		<terrain>aSand#0</terrain>
		<terrain>aSand#0</terrain>
		<terrain>aSand#0</terrain>
		<terrain>aSand#0</terrain>
		<terrain>aSand#0</terrain>
		<terrain>aSand#0</terrain>
		<terrain>aSand#0</terrain>
		<terrain>aSand#0</terrain>
		<terrain>aSand#0</terrain>
		<terrain>aSand#0</terrain>
		<terrain>aSand#0</terrain>
		<terrain>aSand#0</terrain>
		<terrain>aSand#0</terrain>
		<terrain>aSand#0</terrain>
		<terrain>aSand#0</terrain>
		<terrain>aSand#0</terrain>
		<terrain>aSand#0</terrain>
		<terrain>aSand#0</terrain>
		<terrain>aSand#0</terrain>
		<terrain>aSand#0</terrain>
		<terrain>aSand#0</terrain>
		<terrain>aSand#0</terrain>
		<terrain>aSand#0</terrain>
		<terrain>aSand#0</terrain>
		<terrain>aGrass#26</terrain>
		<terrain>aGrass#26</terrain>
		<terrain>aGrass#26</terrain>
		<terrain>aGrass#26</terrain>
		<terrain>aSand#0</terrain>
		<terrain>aSand#0</terrain>
		<terrain>aSand#0</terrain>
		<terrain>aSand#0</terrain>
		<terrain>aSand#0</terrain>
		<terrain>aSand#0</terrain>
		<terrain>aSand#0</terrain>
		<terrain>aSand#0</terrain>
		<terrain>aSand#0</terrain>
		<terrain>aSand#0</terrain>
		<terrain>aSand#0</terrain>
		<terrain>aSand#0</terrain>
		<terrain>aSand#0</terrain>
		<terrain>Pavement#20</terrain>
		<terrain>Pavement#20</terrain>
		<terrain>Pavement#20</terrain>
		<terrain>Pavement#20</terrain>
		<terrain>Pavement#20</terrain>
		<terrain>Pavement#20</terrain>
		<terrain>Pavement#20</terrain>
		<terrain>Pavement#20</terrain>
		<terrain>Pavement#20</terrain>
		<terrain>aSand#0</terrain>
		<terrain>aSand#0</terrain>
		<terrain>aSand#0</terrain>
		<terrain>aSand#0</terrain>
		<terrain>aSand#0</terrain>
		<terrain>aSand#0</terrain>
		<terrain>aSand#0</terrain>
		<terrain>aSand#0</terrain>
		<terrain>aSand#0</terrain>
		<terrain>aSand#0</terrain>
		<terrain>aSand#0</terrain>
		<terrain>aSand#0</terrain>
		<terrain>aSand#0</terrain>
		<terrain>aSand#0</terrain>
		<terrain>aSand#0</terrain>
		<terrain>aSand#0</terrain>
		<terrain>aSand#0</terrain>
		<terrain>aSand#0</terrain>
		<terrain>aSand#0</terrain>
		<terrain>aSand#0</terrain>
		<terrain>aSand#0</terrain>
		<terrain>aSand#0</terrain>
		<terrain>aSand#0</terrain>
		<terrain>aSand#0</terrain>
		<terrain>aGrass#26</terrain>
		<terrain>aGrass#26</terrain>
		<terrain>aGrass#26</terrain>
		<terrain>aGrass#26</terrain>
		<terrain>aSand#0</terrain>
		<terrain>aSand#0</terrain>
		<terrain>aSand#0</terrain>
		<terrain>aSand#0</terrain>
		<terrain>aSand#0</terrain>
		<terrain>aSand#0</terrain>
		<terrain>aSand#0</terrain>
		<terrain>aSand#0</terrain>
		<terrain>aSand#0</terrain>
		<terrain>aSand#0</terrain>
		<terrain>aSand#0</terrain>
		<terrain>aSand#0</terrain>
		<terrain>aSand#0</terrain>
		<terrain>Pavement#20</terrain>
		<terrain>Pavement#20</terrain>
		<terrain>Pavement#20</terrain>
		<terrain>Pavement#20</terrain>
		<terrain>Pavement#20</terrain>
		<terrain>Pavement#20</terrain>
		<terrain>Pavement#20</terrain>
		<terrain>Pavement#20</terrain>
		<terrain>Pavement#20</terrain>
		<terrain>aSand#0</terrain>
		<terrain>aSand#0</terrain>
		<terrain>aSand#0</terrain>
		<terrain>aSand#0</terrain>
		<terrain>aSand#0</terrain>
		<terrain>aSand#0</terrain>
		<terrain>aSand#0</terrain>
		<terrain>aSand#0</terrain>
		<terrain>aSand#0</terrain>
		<terrain>aSand#0</terrain>
		<terrain>aSand#0</terrain>
		<terrain>aSand#0</terrain>
		<terrain>aSand#0</terrain>
		<terrain>aSand#0</terrain>
		<terrain>aSand#0</terrain>
		<terrain>aSand#0</terrain>
		<terrain>aSand#0</terrain>
		<terrain>aSand#0</terrain>
		<terrain>aSand#0</terrain>
		<terrain>aSand#0</terrain>
		<terrain>aSand#0</terrain>
		<terrain>aSand#0</terrain>
		<terrain>aSand#0</terrain>
		<terrain>aSand#0</terrain>
		<terrain>aGrass#26</terrain>
		<terrain>aGrass#26</terrain>
		<terrain>aGrass#26</terrain>
		<terrain>aGrass#26</terrain>
		<terrain>aSand#0</terrain>
		<terrain>Pavement#26</terrain>
		<terrain>Pavement#26</terrain>
		<terrain>Pavement#26</terrain>
		<terrain>Pavement#26</terrain>
		<terrain>Pavement#26</terrain>
		<terrain>Pavement#26</terrain>
		<terrain>Pavement#26</terrain>
		<terrain>Pavement#26</terrain>
		<terrain>Pavement#26</terrain>
		<terrain>Pavement#26</terrain>
		<terrain>Pavement#26</terrain>
		<terrain>Pavement#26</terrain>
		<terrain>Pavement#26</terrain>
		<terrain>aSand#0</terrain>
		<terrain>aSand#0</terrain>
		<terrain>aSand#0</terrain>
		<terrain>aSand#0</terrain>
		<terrain>aSand#0</terrain>
		<terrain>aSand#0</terrain>
		<terrain>aSand#0</terrain>
		<terrain>aSand#0</terrain>
		<terrain>aSand#0</terrain>
		<terrain>aSand#0</terrain>
		<terrain>aSand#0</terrain>
		<terrain>aSand#0</terrain>
		<terrain>aSand#0</terrain>
		<terrain>aSand#0</terrain>
		<terrain>aSand#0</terrain>
		<terrain>aSand#0</terrain>
		<terrain>aSand#0</terrain>
		<terrain>aSand#0</terrain>
		<terrain>aSand#0</terrain>
		<terrain>aSand#0</terrain>
		<terrain>aSand#0</terrain>
		<terrain>aSand#0</terrain>
		<terrain>aSand#0</terrain>
		<terrain>aSand#0</terrain>
		<terrain>aSand#0</terrain>
		<terrain>aSand#0</terrain>
		<terrain>aSand#0</terrain>
		<terrain>aSand#0</terrain>
		<terrain>aSand#0</terrain>
		<terrain>aSand#0</terrain>
		<terrain>aSand#0</terrain>
		<terrain>aSand#0</terrain>
		<terrain>aSand#0</terrain>
		<terrain>aSand#0</terrain>
		<terrain>aSand#0</terrain>
		<terrain>aSand#0</terrain>
		<terrain>aSand#0</terrain>
		<terrain>Pavement#26</terrain>
		<terrain>Pavement#26</terrain>
		<terrain>Pavement#26</terrain>
		<terrain>Pavement#26</terrain>
		<terrain>Pavement#26</terrain>
		<terrain>Pavement#26</terrain>
		<terrain>Pavement#26</terrain>
		<terrain>Pavement#26</terrain>
		<terrain>Pavement#26</terrain>
		<terrain>Pavement#26</terrain>
		<terrain>Pavement#26</terrain>
		<terrain>Pavement#26</terrain>
		<terrain>Pavement#26</terrain>
		<terrain>aGrass#5</terrain>
		<terrain>aGrass#5</terrain>
		<terrain>aGrass#5</terrain>
		<terrain>aGrass#5</terrain>
		<terrain>aGrass#5</terrain>
		<terrain>aGrass#5</terrain>
		<terrain>aGrass#5</terrain>
		<terrain>aGrass#5</terrain>
		<terrain>aSand#0</terrain>
		<terrain>aSand#0</terrain>
		<terrain>aSand#0</terrain>
		<terrain>aSand#0</terrain>
		<terrain>aSand#0</terrain>
		<terrain>aSand#0</terrain>
		<terrain>aSand#0</terrain>
		<terrain>aSand#0</terrain>
		<terrain>aSand#0</terrain>
		<terrain>aSand#0</terrain>
		<terrain>aSand#0</terrain>
		<terrain>aSand#0</terrain>
		<terrain>aSand#0</terrain>
		<terrain>aSand#0</terrain>
		<terrain>aSand#0</terrain>
		<terrain>aSand#0</terrain>
		<terrain>aSand#0</terrain>
		<terrain>aSand#0</terrain>
		<terrain>aSand#0</terrain>
		<terrain>aSand#0</terrain>
		<terrain>aSand#0</terrain>
		<terrain>aSand#0</terrain>
		<terrain>aSand#0</terrain>
		<terrain>aSand#0</terrain>
		<terrain>aSand#0</terrain>
		<terrain>aSand#0</terrain>
		<terrain>aSand#0</terrain>
		<terrain>aSand#0</terrain>
		<terrain>aSand#0</terrain>
		<terrain>aSand#0</terrain>
		<terrain>aSand#0</terrain>
		<terrain>aSand#0</terrain>
		<terrain>aSand#0</terrain>
		<terrain>aSand#0</terrain>
		<terrain>aGrass#5</terrain>
		<terrain>aGrass#5</terrain>
		<terrain>aGrass#5</terrain>
		<terrain>aGrass#5</terrain>
		<terrain>aGrass#5</terrain>
		<terrain>aGrass#5</terrain>
		<terrain>aGrass#5</terrain>
		<terrain>aGrass#5</terrain>
		<terrain>aGrass#5</terrain>
		<terrain>aGrass#5</terrain>
		<terrain>aGrass#5</terrain>
		<terrain>aGrass#5</terrain>
		<terrain>aGrass#5</terrain>
		<terrain>aGrass#5</terrain>
		<terrain>aGrass#5</terrain>
		<terrain>aGrass#5</terrain>
		<terrain>aSand#0</terrain>
		<terrain>aSand#0</terrain>
		<terrain>aSand#0</terrain>
		<terrain>aSand#0</terrain>
		<terrain>aSand#0</terrain>
		<terrain>aSand#0</terrain>
		<terrain>aSand#0</terrain>
		<terrain>aSand#0</terrain>
		<terrain>aSand#0</terrain>
		<terrain>aSand#0</terrain>
		<terrain>aSand#0</terrain>
		<terrain>aSand#0</terrain>
		<terrain>aSand#0</terrain>
		<terrain>aSand#0</terrain>
		<terrain>aSand#0</terrain>
		<terrain>aSand#0</terrain>
		<terrain>aSand#0</terrain>
		<terrain>aSand#0</terrain>
		<terrain>aSand#0</terrain>
		<terrain>aSand#0</terrain>
		<terrain>aSand#0</terrain>
		<terrain>aSand#0</terrain>
		<terrain>aSand#0</terrain>
		<terrain>aSand#0</terrain>
		<terrain>aSand#0</terrain>
		<terrain>aSand#0</terrain>
		<terrain>aSand#0</terrain>
		<terrain>aSand#0</terrain>
		<terrain>aSand#0</terrain>
		<terrain>aSand#0</terrain>
		<terrain>aSand#0</terrain>
		<terrain>aSand#0</terrain>
		<terrain>aSand#0</terrain>
		<terrain>aSand#0</terrain>
		<terrain>aSand#0</terrain>
		<terrain>aSand#0</terrain>
		<terrain>aSand#0</terrain>
		<terrain>aSand#0</terrain>
		<terrain>aSand#0</terrain>
		<terrain>aSand#0</terrain>
		<terrain>aSand#0</terrain>
		<terrain>aSand#0</terrain>
		<terrain>aSand#0</terrain>
		<terrain>aSand#0</terrain>
		<terrain>aSand#0</terrain>
		<terrain>aSand#0</terrain>
		<terrain>aSand#0</terrain>
		<terrain>aSand#0</terrain>
		<terrain>aSand#0</terrain>
		<terrain>aSand#0</terrain>
		<terrain>aSand#0</terrain>
		<terrain>aSand#0</terrain>
		<terrain>aSand#0</terrain>
		<terrain>aSand#0</terrain>
		<terrain>aSand#0</terrain>
		<terrain>aSand#0</terrain>
		<terrain>aSand#0</terrain>
		<terrain>aSand#0</terrain>
		<terrain>aSand#0</terrain>
		<terrain>aSand#0</terrain>
		<terrain>aSand#0</terrain>
		<terrain>aSand#0</terrain>
		<terrain>aSand#0</terrain>
		<terrain>aSand#0</terrain>
		<terrain>aSand#0</terrain>
		<terrain>aSand#0</terrain>
		<terrain>aSand#0</terrain>
		<terrain>aSand#0</terrain>
		<terrain>aSand#0</terrain>
		<terrain>aSand#0</terrain>
		<terrain>aSand#0</terrain>
		<terrain>aSand#0</terrain>
		<terrain>aSand#0</terrain>
		<terrain>aSand#0</terrain>
		<terrain>aSand#0</terrain>
		<terrain>aSand#0</terrain>
		<terrain>aSand#0</terrain>
		<terrain>aSand#0</terrain>
		<terrain>aSand#0</terrain>
		<terrain>aSand#0</terrain>
		<terrain>aSand#0</terrain>
		<terrain>aSand#0</terrain>
		<terrain>aSand#0</terrain>
		<terrain>aSand#0</terrain>
		<terrain>aSand#0</terrain>
		<terrain>aSand#0</terrain>
		<terrain>aSand#0</terrain>
		<terrain>aSand#0</terrain>
		<terrain>aSand#0</terrain>
		<terrain>aSand#0</terrain>
		<terrain>aSand#0</terrain>
		<terrain>aSand#0</terrain>
		<terrain>aSand#0</terrain>
		<terrain>aSand#0</terrain>
		<terrain>aSand#0</terrain>
		<terrain>aSand#0</terrain>
		<terrain>aSand#0</terrain>
		<terrain>aSand#0</terrain>
		<terrain>aSand#0</terrain>
		<terrain>aSand#0</terrain>
		<terrain>aSand#0</terrain>
		<terrain>aSand#0</terrain>
		<terrain>aSand#0</terrain>
		<terrain>aSand#0</terrain>
		<terrain>aSand#0</terrain>
		<terrain>aSand#0</terrain>
		<terrain>aSand#0</terrain>
		<terrain>aSand#0</terrain>
		<terrain>aSand#0</terrain>
		<terrain>aSand#0</terrain>
		<terrain>aSand#0</terrain>
		<terrain>aSand#0</terrain>
		<terrain>aSand#0</terrain>
		<terrain>aSand#0</terrain>
		<terrain>aSand#0</terrain>
		<terrain>aSand#0</terrain>
		<terrain>aSand#0</terrain>
		<terrain>aSand#0</terrain>
		<terrain>aSand#0</terrain>
		<terrain>aSand#0</terrain>
		<terrain>aSand#0</terrain>
		<terrain>aSand#0</terrain>
		<terrain>aSand#0</terrain>
		<terrain>aSand#0</terrain>
		<terrain>aSand#0</terrain>
		<terrain>aSand#0</terrain>
		<terrain>aSand#0</terrain>
		<terrain>aSand#0</terrain>
		<terrain>aSand#0</terrain>
		<terrain>aSand#0</terrain>
		<terrain>aSand#0</terrain>
		<terrain>aSand#0</terrain>
		<terrain>aSand#0</terrain>
		<terrain>aSand#0</terrain>
		<terrain>aSand#0</terrain>
		<terrain>aSand#0</terrain>
		<terrain>aSand#0</terrain>
		<terrain>aSand#0</terrain>
		<terrain>aSand#0</terrain>
		<terrain>aSand#0</terrain>
		<terrain>aSand#0</terrain>
		<terrain>aSand#0</terrain>
		<terrain>aSand#0</terrain>
		<terrain>aSand#0</terrain>
		<terrain>aSand#0</terrain>
		<terrain>aSand#0</terrain>
		<terrain>aSand#0</terrain>
		<terrain>aSand#0</terrain>
		<terrain>aSand#0</terrain>
		<terrain>aSand#0</terrain>
		<terrain>aSand#0</terrain>
		<terrain>aSand#0</terrain>
		<terrain>aSand#0</terrain>
		<terrain>aSand#0</terrain>
		<terrain>aSand#0</terrain>
		<terrain>aSand#0</terrain>
		<terrain>aSand#0</terrain>
		<terrain>aSand#0</terrain>
		<terrain>aSand#0</terrain>
		<terrain>aSand#0</terrain>
		<terrain>aSand#0</terrain>
		<terrain>aSand#0</terrain>
		<terrain>aSand#0</terrain>
		<terrain>aSand#0</terrain>
		<terrain>aSand#0</terrain>
		<terrain>aSand#0</terrain>
		<terrain>aSand#0</terrain>
		<terrain>aSand#0</terrain>
		<terrain>aSand#0</terrain>
		<terrain>aSand#0</terrain>
		<terrain>aSand#0</terrain>
		<terrain>aSand#0</terrain>
		<terrain>aSand#0</terrain>
		<terrain>aSand#0</terrain>
		<terrain>aSand#0</terrain>
		<terrain>aSand#0</terrain>
		<terrain>aSand#0</terrain>
		<terrain>aSand#0</terrain>
		<terrain>aSand#0</terrain>
		<terrain>aSand#0</terrain>
		<terrain>aSand#0</terrain>
		<terrain>aSand#0</terrain>
		<terrain>aSand#0</terrain>
		<terrain>aSand#0</terrain>
		<terrain>aSand#0</terrain>
		<terrain>aSand#0</terrain>
		<terrain>aSand#0</terrain>
		<terrain>aSand#0</terrain>
		<terrain>aSand#0</terrain>
		<terrain>aSand#0</terrain>
		<terrain>aSand#0</terrain>
		<terrain>aSand#0</terrain>
		<terrain>aSand#0</terrain>
		<terrain>aSand#0</terrain>
		<terrain>aSand#0</terrain>
		<terrain>aSand#0</terrain>
		<terrain>aSand#0</terrain>
		<terrain>aSand#0</terrain>
		<terrain>aSand#0</terrain>
		<terrain>aSand#0</terrain>
		<terrain>aSand#0</terrain>
		<terrain>aSand#0</terrain>
		<terrain>aSand#0</terrain>
		<terrain>aSand#0</terrain>
		<terrain>aSand#0</terrain>
		<terrain>aSand#0</terrain>
		<terrain>aSand#0</terrain>
		<terrain>aSand#0</terrain>
		<terrain>aSand#0</terrain>
		<terrain>aSand#0</terrain>
		<terrain>aSand#0</terrain>
		<terrain>aSand#0</terrain>
		<terrain>aSand#0</terrain>
		<terrain>aSand#0</terrain>
		<terrain>aSand#0</terrain>
		<terrain>aSand#0</terrain>
		<terrain>aSand#0</terrain>
		<terrain>aSand#0</terrain>
		<terrain>aSand#0</terrain>
		<terrain>aSand#0</terrain>
		<terrain>aSand#0</terrain>
		<terrain>aSand#0</terrain>
		<terrain>aSand#0</terrain>
		<terrain>aSand#0</terrain>
		<terrain>aSand#0</terrain>
		<terrain>aSand#0</terrain>
		<terrain>aSand#0</terrain>
		<terrain>aSand#0</terrain>
		<terrain>aSand#0</terrain>
		<terrain>aSand#0</terrain>
		<terrain>aSand#0</terrain>
		<terrain>aSand#0</terrain>
		<terrain>aSand#0</terrain>
		<terrain>aSand#0</terrain>
		<terrain>aSand#0</terrain>
		<terrain>aSand#0</terrain>
		<terrain>aSand#0</terrain>
		<terrain>aSand#0</terrain>
		<terrain>aSand#0</terrain>
		<terrain>aSand#0</terrain>
		<terrain>aSand#0</terrain>
		<terrain>aSand#0</terrain>
		<terrain>aSand#0</terrain>
		<terrain>aSand#0</terrain>
		<terrain>aSand#0</terrain>
		<terrain>aSand#0</terrain>
		<terrain>aSand#0</terrain>
		<terrain>aSand#0</terrain>
		<terrain>aSand#0</terrain>
		<terrain>aSand#0</terrain>
		<terrain>aSand#0</terrain>
		<terrain>aSand#0</terrain>
		<terrain>aSand#0</terrain>
		<terrain>aSand#0</terrain>
		<terrain>aSand#0</terrain>
		<terrain>aSand#0</terrain>
		<terrain>aSand#0</terrain>
		<terrain>aSand#0</terrain>
		<terrain>aSand#0</terrain>
		<terrain>aSand#0</terrain>
		<terrain>aSand#0</terrain>
		<terrain>aSand#0</terrain>
		<terrain>aSand#0</terrain>
		<terrain>aSand#0</terrain>
		<terrain>aSand#0</terrain>
		<terrain>aSand#0</terrain>
		<terrain>aSand#0</terrain>
		<terrain>aSand#0</terrain>
		<terrain>Grass</terrain>
		<terrain>Grass</terrain>
		<terrain>Grass</terrain>
		<terrain>Grass</terrain>
		<terrain>Grass</terrain>
		<terrain>Grass</terrain>
		<terrain>Grass</terrain>
		<terrain>Grass</terrain>
		<terrain>Grass</terrain>
		<terrain>Grass</terrain>
		<terrain>Grass</terrain>
		<terrain>Grass</terrain>
		<terrain>Grass</terrain>
		<terrain>Grass</terrain>
		<terrain>Grass</terrain>
		<terrain>Grass</terrain>
		<terrain>Grass</terrain>
		<terrain>Grass</terrain>
		<terrain>Grass</terrain>
		<terrain>Grass</terrain>
		<terrain>Grass</terrain>
		<terrain>Grass</terrain>
		<terrain>Grass</terrain>
		<terrain>Grass</terrain>
		<terrain>Grass</terrain>
		<terrain>Grass</terrain>
		<terrain>Grass</terrain>
		<terrain>Grass</terrain>
		<terrain>Grass</terrain>
		<terrain>Grass</terrain>
		<terrain>Grass</terrain>
		<terrain>Grass</terrain>
		<terrain>Grass</terrain>
		<terrain>Grass</terrain>
		<terrain>Grass</terrain>
		<terrain>Grass</terrain>
		<terrain>Grass</terrain>
		<terrain>Grass</terrain>
		<terrain>Grass</terrain>
		<terrain>Grass</terrain>
		<terrain>Grass</terrain>
		<terrain>Grass</terrain>
		<terrain>Grass</terrain>
		<terrain>Grass</terrain>
		<terrain>Grass</terrain>
		<terrain>Grass</terrain>
		<terrain>Grass</terrain>
		<terrain>Grass</terrain>
		<terrain>Grass</terrain>
		<terrain>Grass</terrain>
		<terrain>Grass</terrain>
		<terrain>Grass</terrain>
		<terrain>Grass</terrain>
		<terrain>Grass</terrain>
		<terrain>Grass</terrain>
		<terrain>Grass</terrain>
		<terrain>Grass</terrain>
		<terrain>Grass</terrain>
		<terrain>Grass</terrain>
		<terrain>Grass</terrain>
		<terrain>Grass</terrain>
		<terrain>Grass</terrain>
		<terrain>Grass</terrain>
		<terrain>Grass</terrain>
		<terrain>aGrass#0</terrain>
		<terrain>aGrass#0</terrain>
		<terrain>Grass</terrain>
		<terrain>Grass</terrain>
		<terrain>Grass</terrain>
		<terrain>Grass</terrain>
		<terrain>Grass</terrain>
		<terrain>Grass</terrain>
		<terrain>Grass</terrain>
		<terrain>Grass</terrain>
		<terrain>Grass</terrain>
		<terrain>Grass</terrain>
		<terrain>Grass</terrain>
		<terrain>Grass</terrain>
		<terrain>Grass</terrain>
		<terrain>Grass</terrain>
		<terrain>Grass</terrain>
		<terrain>Grass</terrain>
		<terrain>Grass</terrain>
		<terrain>Grass</terrain>
		<terrain>Grass</terrain>
		<terrain>Grass</terrain>
		<terrain>Grass</terrain>
		<terrain>Grass</terrain>
		<terrain>Grass</terrain>
		<terrain>Grass</terrain>
		<terrain>Grass</terrain>
		<terrain>Grass</terrain>
		<terrain>Grass</terrain>
		<terrain>Grass</terrain>
		<terrain>Grass</terrain>
		<terrain>Grass</terrain>
		<terrain>Grass</terrain>
		<terrain>Grass</terrain>
		<terrain>Grass</terrain>
		<terrain>Grass</terrain>
		<terrain>Grass</terrain>
		<terrain>Grass</terrain>
		<terrain>Grass</terrain>
		<terrain>Grass</terrain>
		<terrain>Grass</terrain>
		<terrain>Grass</terrain>
		<terrain>Grass</terrain>
		<terrain>Grass</terrain>
		<terrain>Grass</terrain>
		<terrain>Grass</terrain>
		<terrain>Grass</terrain>
		<terrain>Grass</terrain>
		<terrain>Grass</terrain>
		<terrain>Grass</terrain>
		<terrain>Grass</terrain>
		<terrain>aGrass#0</terrain>
		<terrain>Grass</terrain>
		<terrain>Grass</terrain>
		<terrain>Grass</terrain>
		<terrain>Grass</terrain>
		<terrain>Grass</terrain>
		<terrain>Grass</terrain>
		<terrain>Grass</terrain>
		<terrain>Grass</terrain>
		<terrain>Grass</terrain>
		<terrain>Grass</terrain>
		<terrain>Grass</terrain>
		<terrain>Grass</terrain>
		<terrain>Grass</terrain>
		<terrain>Grass</terrain>
		<terrain>Grass</terrain>
		<terrain>Grass</terrain>
		<terrain>Grass</terrain>
		<terrain>Grass</terrain>
		<terrain>Grass</terrain>
		<terrain>Grass</terrain>
		<terrain>Grass</terrain>
		<terrain>Grass</terrain>
		<terrain>Grass</terrain>
		<terrain>Grass</terrain>
		<terrain>Grass</terrain>
		<terrain>Grass</terrain>
		<terrain>Grass</terrain>
		<terrain>Grass</terrain>
		<terrain>Grass</terrain>
		<terrain>Grass</terrain>
		<terrain>Grass</terrain>
		<terrain>Grass</terrain>
		<terrain>Grass</terrain>
		<terrain>Grass</terrain>
		<terrain>Grass</terrain>
		<terrain>Grass</terrain>
		<terrain>Grass</terrain>
		<terrain>Grass</terrain>
		<terrain>Grass</terrain>
		<terrain>Grass</terrain>
		<terrain>Grass</terrain>
		<terrain>Grass</terrain>
		<terrain>Grass</terrain>
		<terrain>Grass</terrain>
		<terrain>Grass</terrain>
		<terrain>Grass</terrain>
		<terrain>Grass</terrain>
		<terrain>aGrass#0</terrain>
		<terrain>Grass</terrain>
		<terrain>Grass</terrain>
		<terrain>Grass</terrain>
		<terrain>Grass</terrain>
		<terrain>Grass</terrain>
		<terrain>Grass</terrain>
		<terrain>Grass</terrain>
		<terrain>Grass</terrain>
		<terrain>Grass</terrain>
		<terrain>Grass</terrain>
		<terrain>Grass</terrain>
		<terrain>Grass</terrain>
		<terrain>Grass</terrain>
		<terrain>Grass</terrain>
		<terrain>Grass</terrain>
		<terrain>Grass</terrain>
		<terrain>Grass</terrain>
		<terrain>Grass</terrain>
		<terrain>Grass</terrain>
		<terrain>Grass</terrain>
		<terrain>Grass</terrain>
		<terrain>Grass</terrain>
		<terrain>Grass</terrain>
		<terrain>Grass</terrain>
		<terrain>Grass</terrain>
		<terrain>Grass</terrain>
		<terrain>Grass</terrain>
		<terrain>Grass</terrain>
		<terrain>Grass</terrain>
		<terrain>Grass</terrain>
		<terrain>Grass</terrain>
		<terrain>Grass</terrain>
		<terrain>Grass</terrain>
		<terrain>Grass</terrain>
		<terrain>Grass</terrain>
		<terrain>Grass</terrain>
		<terrain>Grass</terrain>
		<terrain>Grass</terrain>
		<terrain>Grass</terrain>
		<terrain>Grass</terrain>
		<terrain>Grass</terrain>
		<terrain>Grass</terrain>
		<terrain>Grass</terrain>
		<terrain>Grass</terrain>
		<terrain>Grass</terrain>
		<terrain>Grass</terrain>
		<terrain>Grass</terrain>
		<terrain>Grass</terrain>
		<terrain>Grass</terrain>
		<terrain>Grass</terrain>
		<terrain>Grass</terrain>
		<terrain>Grass</terrain>
		<terrain>Grass</terrain>
		<terrain>Grass</terrain>
		<terrain>Grass</terrain>
		<terrain>Grass</terrain>
		<terrain>Grass</terrain>
		<terrain>Grass</terrain>
		<terrain>Grass</terrain>
		<terrain>Grass</terrain>
		<terrain>Grass</terrain>
		<terrain>Grass</terrain>
		<terrain>Grass</terrain>
		<terrain>Grass</terrain>
		<terrain>Grass</terrain>
		<terrain>Grass</terrain>
		<terrain>Grass</terrain>
		<terrain>Grass</terrain>
		<terrain>Grass</terrain>
		<terrain>Grass</terrain>
		<terrain>Grass</terrain>
		<terrain>Grass</terrain>
		<terrain>Grass</terrain>
		<terrain>Grass</terrain>
		<terrain>Grass</terrain>
		<terrain>Grass</terrain>
		<terrain>Grass</terrain>
		<terrain>Grass</terrain>
		<terrain>Grass</terrain>
		<terrain>Grass</terrain>
		<terrain>Grass</terrain>
		<terrain>Grass</terrain>
		<terrain>Grass</terrain>
		<terrain>Grass</terrain>
		<terrain>Grass</terrain>
		<terrain>Grass</terrain>
		<terrain>Grass</terrain>
		<terrain>Grass</terrain>
		<terrain>Grass</terrain>
		<terrain>Grass</terrain>
		<terrain>Grass</terrain>
		<terrain>Grass</terrain>
		<terrain>Grass</terrain>
		<terrain>Grass</terrain>
		<terrain>Grass</terrain>
		<terrain>Grass</terrain>
		<terrain>Grass</terrain>
		<terrain>Grass</terrain>
		<terrain>Grass</terrain>
		<terrain>Grass</terrain>
		<terrain>Grass</terrain>
		<terrain>Grass</terrain>
		<terrain>Grass</terrain>
		<terrain>Grass</terrain>
		<terrain>Grass</terrain>
		<terrain>Grass</terrain>
		<terrain>Grass</terrain>
		<terrain>Grass</terrain>
		<terrain>Grass</terrain>
		<terrain>Grass</terrain>
		<terrain>Grass</terrain>
		<terrain>Grass</terrain>
		<terrain>Grass</terrain>
		<terrain>Grass</terrain>
		<terrain>Grass</terrain>
		<terrain>Grass</terrain>
		<terrain>Grass</terrain>
		<terrain>Grass</terrain>
		<terrain>Grass</terrain>
		<terrain>Grass</terrain>
		<terrain>Grass</terrain>
		<terrain>Grass</terrain>
		<terrain>Grass</terrain>
		<terrain>Grass</terrain>
		<terrain>Grass</terrain>
		<terrain>Grass</terrain>
		<terrain>Grass</terrain>
		<terrain>Grass</terrain>
		<terrain>Grass</terrain>
		<terrain>Grass</terrain>
		<terrain>Grass</terrain>
		<terrain>Grass</terrain>
		<terrain>Grass</terrain>
		<terrain>Grass</terrain>
		<terrain>Grass</terrain>
		<terrain>Grass</terrain>
		<terrain>Grass</terrain>
		<terrain>Grass</terrain>
		<terrain>Grass</terrain>
		<terrain>Grass</terrain>
		<terrain>Grass</terrain>
		<terrain>Grass</terrain>
		<terrain>Grass</terrain>
		<terrain>Grass</terrain>
		<terrain>Grass</terrain>
		<terrain>Grass</terrain>
		<terrain>Grass</terrain>
		<terrain>Grass</terrain>
		<terrain>Grass</terrain>
		<terrain>Grass</terrain>
		<terrain>Grass</terrain>
		<terrain>Grass</terrain>
		<terrain>Grass</terrain>
		<terrain>Grass</terrain>
		<terrain>Grass</terrain>
		<terrain>Grass</terrain>
		<terrain>Grass</terrain>
		<terrain>Grass</terrain>
		<terrain>Grass</terrain>
		<terrain>Grass</terrain>
		<terrain>Grass</terrain>
		<terrain>Grass</terrain>
		<terrain>Grass</terrain>
		<terrain>Grass</terrain>
		<terrain>Grass</terrain>
		<terrain>Grass</terrain>
		<terrain>Grass</terrain>
		<terrain>Grass</terrain>
		<terrain>Grass</terrain>
		<terrain>Grass</terrain>
		<terrain>Grass</terrain>
		<terrain>Grass</terrain>
		<terrain>Grass</terrain>
		<terrain>Grass</terrain>
		<terrain>Grass</terrain>
		<terrain>Grass</terrain>
		<terrain>Grass</terrain>
		<terrain>Grass</terrain>
		<terrain>Grass</terrain>
		<terrain>Grass</terrain>
		<terrain>Grass</terrain>
		<terrain>Grass</terrain>
		<terrain>Grass</terrain>
		<terrain>Grass</terrain>
		<terrain>Grass</terrain>
		<terrain>Grass</terrain>
		<terrain>Grass</terrain>
		<terrain>Grass</terrain>
		<terrain>Grass</terrain>
		<terrain>Grass</terrain>
		<terrain>Grass</terrain>
		<terrain>Grass</terrain>
		<terrain>Grass</terrain>
		<terrain>Grass</terrain>
		<terrain>Grass</terrain>
		<terrain>Grass</terrain>
		<terrain>Grass</terrain>
		<terrain>Grass</terrain>
		<terrain>Grass</terrain>
		<terrain>Grass</terrain>
		<terrain>Grass</terrain>
		<terrain>Grass</terrain>
		<terrain>Grass</terrain>
		<terrain>Grass</terrain>
		<terrain>Grass</terrain>
		<terrain>Grass</terrain>
		<terrain>Grass</terrain>
		<terrain>Grass</terrain>
		<terrain>Grass</terrain>
		<terrain>Grass</terrain>
		<terrain>Grass</terrain>
		<terrain>Grass</terrain>
		<terrain>Grass</terrain>
		<terrain>Grass</terrain>
		<terrain>Grass</terrain>
		<terrain>Grass</terrain>
		<terrain>Grass</terrain>
		<terrain>Grass</terrain>
		<terrain>Grass</terrain>
		<terrain>Grass</terrain>
		<terrain>Grass</terrain>
		<terrain>Grass</terrain>
		<terrain>Grass</terrain>
		<terrain>Grass</terrain>
		<terrain>Grass</terrain>
		<terrain>Grass</terrain>
		<terrain>Grass</terrain>
		<terrain>Grass</terrain>
		<terrain>Grass</terrain>
		<terrain>Grass</terrain>
		<terrain>Grass</terrain>
		<terrain>Grass</terrain>
		<terrain>Grass</terrain>
		<terrain>Grass</terrain>
		<terrain>Grass</terrain>
		<terrain>Grass</terrain>
		<terrain>Grass</terrain>
		<terrain>Grass</terrain>
		<terrain>Grass</terrain>
		<terrain>Grass</terrain>
		<terrain>Grass</terrain>
		<terrain>Grass</terrain>
		<terrain>Grass</terrain>
		<terrain>Grass</terrain>
		<terrain>Grass</terrain>
		<terrain>Grass</terrain>
		<terrain>Grass</terrain>
		<terrain>Grass</terrain>
		<terrain>Grass</terrain>
		<terrain>Grass</terrain>
		<terrain>Grass</terrain>
		<terrain>Grass</terrain>
		<terrain>Grass</terrain>
		<terrain>Grass</terrain>
		<terrain>Grass</terrain>
		<terrain>Grass</terrain>
		<terrain>Grass</terrain>
		<terrain>Grass</terrain>
		<terrain>Grass</terrain>
		<terrain>Grass</terrain>
		<terrain>Grass</terrain>
		<terrain>Grass</terrain>
		<terrain>Grass</terrain>
		<terrain>Grass</terrain>
		<terrain>Grass</terrain>
		<terrain>Grass</terrain>
		<terrain>Grass</terrain>
		<terrain>Grass</terrain>
		<terrain>Grass</terrain>
		<terrain>Grass</terrain>
		<terrain>Grass</terrain>
		<terrain>Grass</terrain>
		<terrain>Grass</terrain>
		<terrain>Grass</terrain>
		<terrain>Grass</terrain>
		<terrain>Grass</terrain>
		<terrain>Grass</terrain>
		<terrain>Grass</terrain>
		<terrain>Grass</terrain>
		<terrain>Grass</terrain>
		<terrain>Grass</terrain>
		<terrain>Grass</terrain>
		<terrain>Grass</terrain>
		<terrain>Grass</terrain>
		<terrain>Grass</terrain>
		<terrain>Grass</terrain>
	</map>
	<objects>
		<object position_x="585" position_y="746.80" position_z="0" size_x="585" size_y="373" >Test2</object>
		<object position_x="2000" position_y="800.67" position_z="0" size_x="400" size_y="400" >Test3</object>
		<object position_x="585" position_y="1119.80" position_z="0" size_x="585" size_y="373" >Test2</object>
		<object position_x="2000" position_y="1200.67" position_z="0" size_x="400" size_y="400" >Test3</object>
		<object position_x="585" position_y="1492.80" position_z="0" size_x="585" size_y="373" >Test2</object>
		<object position_x="3500" position_y="1500.67" position_z="0" size_x="400" size_y="400" >Test3</object>
		<object position_x="2000" position_y="1600.67" position_z="0" size_x="400" size_y="400" >Test3</object>
		<object position_x="585" position_y="1865.80" position_z="0" size_x="585" size_y="373" >Test2</object>
		<object position_x="585" position_y="1865.80" position_z="0" size_x="585" size_y="373" >Test2</object>
		<object position_x="2000" position_y="2000.67" position_z="0" size_x="400" size_y="400" >Test3</object>
		<object position_x="3500" position_y="2000.67" position_z="0" size_x="400" size_y="400" >Test3</object>
		<object position_x="4000" position_y="2000.67" position_z="0" size_x="400" size_y="400" >Test3</object>
		<object position_x="4500" position_y="2000.67" position_z="0" size_x="400" size_y="400" >Test3</object>
		<object position_x="585" position_y="2238.80" position_z="0" size_x="585" size_y="373" >Test2</object>
		<object position_x="2000" position_y="2400.67" position_z="0" size_x="400" size_y="400" >Test3</object>
		<object position_x="3500" position_y="2500.67" position_z="0" size_x="400" size_y="400" >Test3</object>
		<object position_x="4000" position_y="2500.67" position_z="0" size_x="400" size_y="400" >Test3</object>
		<object position_x="4500" position_y="2500.67" position_z="0" size_x="400" size_y="400" >Test3</object>
		<object position_x="585" position_y="2611.80" position_z="0" size_x="585" size_y="373" >Test2</object>
		<object position_x="2000" position_y="2800.67" position_z="0" size_x="400" size_y="400" >Test3</object>
		<object position_x="585" position_y="2984.80" position_z="0" size_x="585" size_y="373" >Test2</object>
		<object position_x="2000" position_y="3200.67" position_z="0" size_x="400" size_y="400" >Test3</object>
		<object position_x="585" position_y="3357.80" position_z="0" size_x="585" size_y="373" >Test2</object>
		<object position_x="2000" position_y="3600.67" position_z="0" size_x="400" size_y="400" >Test3</object>
		<object position_x="3510" position_y="3730.67" position_z="0" size_x="585" size_y="373" >Test2</object>
		<object position_x="4095" position_y="3730.67" position_z="0" size_x="585" size_y="373" >Test2</object>
		<object position_x="4680" position_y="3730.67" position_z="0" size_x="585" size_y="373" >Test2</object>
		<object position_x="585" position_y="3730.80" position_z="0" size_x="585" size_y="373" >Test2</object>
		<object position_x="2000" position_y="4000.67" position_z="0" size_x="400" size_y="400" >Test3</object>
		<object position_x="585" position_y="4103.80" position_z="0" size_x="585" size_y="373" >Test2</object>
		<object position_x="3710" position_y="4203" position_z="0" size_x="585" size_y="373" >Test2</object>
		<object position_x="4295" position_y="4203" position_z="0" size_x="585" size_y="373" >Test2</object>
		<object position_x="4880" position_y="4203" position_z="0" size_x="585" size_y="373" >Test2</object>
		<object position_x="2000" position_y="4400.67" position_z="0" size_x="400" size_y="400" >Test3</object>
		<object position_x="585" position_y="4476.80" position_z="0" size_x="585" size_y="373" >Test2</object>
		<object position_x="2000" position_y="4800.67" position_z="0" size_x="400" size_y="400" >Test3</object>
		<object position_x="585" position_y="4849.80" position_z="0" size_x="585" size_y="373" >Test2</object>
	</objects>
	<items>
	</items>
</gamemap>
